    Finished `dev` profile [unoptimized + debuginfo] target(s) in 0.04s
     Running `target/debug/rust-advent-of-code`
[src/main.rs:169:9] uneval_exp_num = 330
[src/main.rs:170:9] &out_hash_map = {
    "h": 464,
    "e": 2009,
    "b": 16076,
    "t": 0,
    "c": 0,
    "f": 502,
    "i": 65071,
    "v": 8038,
    "d": 4019,
}
[src/main.rs:169:9] uneval_exp_num = 329
[src/main.rs:170:9] &out_hash_map = {
    "h": 464,
    "e": 2009,
    "b": 16076,
    "t": 0,
    "g": 2047,
    "c": 0,
    "f": 502,
    "i": 65071,
    "v": 8038,
    "d": 4019,
}
[src/main.rs:169:9] uneval_exp_num = 325
[src/main.rs:170:9] &out_hash_map = {
    "h": 464,
    "e": 2009,
    "b": 16076,
    "t": 0,
    "g": 2047,
    "c": 0,
    "f": 502,
    "i": 65071,
    "k": 4031,
    "j": 1583,
    "l": 1571,
    "m": 63964,
    "v": 8038,
    "d": 4019,
}
[src/main.rs:169:9] uneval_exp_num = 322
[src/main.rs:170:9] &out_hash_map = {
    "h": 464,
    "b": 16076,
    "t": 0,
    "c": 0,
    "f": 502,
    "q": 63347,
    "j": 1583,
    "n": 2460,
    "g": 2047,
    "k": 4031,
    "e": 2009,
    "l": 1571,
    "d": 4019,
    "m": 63964,
    "i": 65071,
    "p": 2188,
    "v": 8038,
}
[src/main.rs:169:9] uneval_exp_num = 320
[src/main.rs:170:9] &out_hash_map = {
    "h": 464,
    "b": 16076,
    "t": 0,
    "c": 0,
    "f": 502,
    "q": 63347,
    "r": 14160,
    "j": 1583,
    "n": 2460,
    "g": 2047,
    "k": 4031,
    "e": 2009,
    "l": 1571,
    "d": 4019,
    "m": 63964,
    "i": 65071,
    "p": 2188,
    "o": 16348,
    "v": 8038,
}
[src/main.rs:169:9] uneval_exp_num = 316
[src/main.rs:170:9] &out_hash_map = {
    "h": 464,
    "b": 16076,
    "t": 0,
    "c": 0,
    "f": 502,
    "q": 63347,
    "r": 14160,
    "j": 1583,
    "s": 0,
    "n": 2460,
    "z": 1004,
    "w": 0,
    "g": 2047,
    "k": 4031,
    "e": 2009,
    "l": 1571,
    "d": 4019,
    "m": 63964,
    "i": 65071,
    "p": 2188,
    "x": 8038,
    "o": 16348,
    "v": 8038,
}
[src/main.rs:169:9] uneval_exp_num = 309
[src/main.rs:170:9] &out_hash_map = {
    "h": 464,
    "t": 0,
    "j": 1583,
    "z": 1004,
    "u": 0,
    "d": 4019,
    "e": 2009,
    "m": 63964,
    "i": 65071,
    "p": 2188,
    "ao": 0,
    "ab": 1023,
    "v": 8038,
    "b": 16076,
    "aa": 251,
    "c": 0,
    "f": 502,
    "q": 63347,
    "r": 14160,
    "s": 0,
    "aq": 4019,
    "n": 2460,
    "w": 0,
    "g": 2047,
    "k": 4031,
    "l": 1571,
    "x": 8038,
    "ac": 232,
    "o": 16348,
    "y": 2009,
}
[src/main.rs:169:9] uneval_exp_num = 308
[src/main.rs:170:9] &out_hash_map = {
    "h": 464,
    "t": 0,
    "ad": 65303,
    "j": 1583,
    "z": 1004,
    "u": 0,
    "d": 4019,
    "e": 2009,
    "m": 63964,
    "i": 65071,
    "p": 2188,
    "ao": 0,
    "ab": 1023,
    "v": 8038,
    "b": 16076,
    "aa": 251,
    "c": 0,
    "f": 502,
    "q": 63347,
    "r": 14160,
    "s": 0,
    "aq": 4019,
    "n": 2460,
    "w": 0,
    "g": 2047,
    "k": 4031,
    "l": 1571,
    "x": 8038,
    "ac": 232,
    "o": 16348,
    "y": 2009,
}
[src/main.rs:169:9] uneval_exp_num = 305
[src/main.rs:170:9] &out_hash_map = {
    "h": 464,
    "t": 0,
    "ad": 65303,
    "j": 1583,
    "z": 1004,
    "u": 0,
    "d": 4019,
    "e": 2009,
    "m": 63964,
    "i": 65071,
    "p": 2188,
    "ao": 0,
    "ab": 1023,
    "v": 8038,
    "af": 2015,
    "b": 16076,
    "aa": 251,
    "c": 0,
    "f": 502,
    "q": 63347,
    "r": 14160,
    "s": 0,
    "aq": 4019,
    "n": 2460,
    "ae": 791,
    "w": 0,
    "g": 2047,
    "k": 4031,
    "l": 1571,
    "x": 8038,
    "ag": 785,
    "ac": 232,
    "o": 16348,
    "y": 2009,
}
[src/main.rs:169:9] uneval_exp_num = 304
[src/main.rs:170:9] &out_hash_map = {
    "h": 464,
    "t": 0,
    "ad": 65303,
    "j": 1583,
    "z": 1004,
    "u": 0,
    "d": 4019,
    "ah": 64750,
    "e": 2009,
    "m": 63964,
    "i": 65071,
    "p": 2188,
    "ao": 0,
    "ab": 1023,
    "v": 8038,
    "af": 2015,
    "b": 16076,
    "aa": 251,
    "c": 0,
    "f": 502,
    "q": 63347,
    "r": 14160,
    "s": 0,
    "aq": 4019,
    "n": 2460,
    "ae": 791,
    "w": 0,
    "g": 2047,
    "k": 4031,
    "l": 1571,
    "x": 8038,
    "ag": 785,
    "ac": 232,
    "o": 16348,
    "y": 2009,
}
[src/main.rs:169:9] uneval_exp_num = 298
[src/main.rs:170:9] &out_hash_map = {
    "h": 464,
    "aj": 8174,
    "t": 0,
    "ad": 65303,
    "an": 0,
    "j": 1583,
    "z": 1004,
    "u": 0,
    "d": 4019,
    "ah": 64750,
    "e": 2009,
    "m": 63964,
    "i": 65071,
    "p": 2188,
    "ao": 0,
    "ab": 1023,
    "v": 8038,
    "af": 2015,
    "ai": 1230,
    "ak": 1094,
    "b": 16076,
    "aa": 251,
    "c": 0,
    "f": 502,
    "q": 63347,
    "r": 14160,
    "s": 0,
    "aq": 4019,
    "n": 2460,
    "ae": 791,
    "w": 0,
    "g": 2047,
    "k": 4031,
    "l": 1571,
    "x": 8038,
    "ag": 785,
    "al": 64441,
    "am": 7080,
    "ac": 232,
    "o": 16348,
    "y": 2009,
}
[src/main.rs:169:9] uneval_exp_num = 292
[src/main.rs:170:9] &out_hash_map = {
    "h": 464,
    "aj": 8174,
    "t": 0,
    "ad": 65303,
    "an": 0,
    "ap": 0,
    "j": 1583,
    "z": 1004,
    "at": 1004,
    "u": 0,
    "d": 4019,
    "ah": 64750,
    "e": 2009,
    "m": 63964,
    "i": 65071,
    "p": 2188,
    "ar": 0,
    "ao": 0,
    "ab": 1023,
    "v": 8038,
    "af": 2015,
    "ai": 1230,
    "ak": 1094,
    "b": 16076,
    "aa": 251,
    "bj": 0,
    "c": 0,
    "f": 502,
    "q": 63347,
    "r": 14160,
    "s": 0,
    "aq": 4019,
    "n": 2460,
    "ae": 791,
    "as": 4019,
    "w": 0,
    "g": 2047,
    "k": 4031,
    "l": 1571,
    "x": 8038,
    "ag": 785,
    "al": 64441,
    "am": 7080,
    "ac": 232,
    "au": 502,
    "o": 16348,
    "y": 2009,
}
[src/main.rs:169:9] uneval_exp_num = 289
[src/main.rs:170:9] &out_hash_map = {
    "h": 464,
    "aj": 8174,
    "t": 0,
    "ad": 65303,
    "an": 0,
    "ap": 0,
    "j": 1583,
    "z": 1004,
    "at": 1004,
    "u": 0,
    "d": 4019,
    "ah": 64750,
    "e": 2009,
    "m": 63964,
    "i": 65071,
    "p": 2188,
    "ar": 0,
    "aw": 511,
    "av": 125,
    "ao": 0,
    "ab": 1023,
    "v": 8038,
    "af": 2015,
    "ai": 1230,
    "ak": 1094,
    "b": 16076,
    "aa": 251,
    "bj": 0,
    "c": 0,
    "f": 502,
    "q": 63347,
    "r": 14160,
    "s": 0,
    "aq": 4019,
    "n": 2460,
    "ae": 791,
    "as": 4019,
    "w": 0,
    "g": 2047,
    "k": 4031,
    "l": 1571,
    "x": 8038,
    "ag": 785,
    "al": 64441,
    "am": 7080,
    "ac": 232,
    "au": 502,
    "o": 16348,
    "bl": 2009,
    "y": 2009,
}
[src/main.rs:169:9] uneval_exp_num = 286
[src/main.rs:170:9] &out_hash_map = {
    "h": 464,
    "aj": 8174,
    "t": 0,
    "ad": 65303,
    "an": 0,
    "ap": 0,
    "j": 1583,
    "z": 1004,
    "at": 1004,
    "u": 0,
    "d": 4019,
    "ah": 64750,
    "e": 2009,
    "m": 63964,
    "i": 65071,
    "p": 2188,
    "ar": 0,
    "aw": 511,
    "av": 125,
    "ax": 116,
    "ao": 0,
    "ab": 1023,
    "v": 8038,
    "af": 2015,
    "ai": 1230,
    "ak": 1094,
    "b": 16076,
    "aa": 251,
    "bj": 0,
    "c": 0,
    "f": 502,
    "q": 63347,
    "r": 14160,
    "s": 0,
    "aq": 4019,
    "n": 2460,
    "ae": 791,
    "as": 4019,
    "w": 0,
    "g": 2047,
    "k": 4031,
    "l": 1571,
    "x": 8038,
    "ag": 785,
    "al": 64441,
    "am": 7080,
    "ac": 232,
    "au": 502,
    "ay": 65419,
    "o": 16348,
    "az": 395,
    "bl": 2009,
    "y": 2009,
}
[src/main.rs:169:9] uneval_exp_num = 283
[src/main.rs:170:9] &out_hash_map = {
    "h": 464,
    "aj": 8174,
    "ba": 1007,
    "t": 0,
    "ad": 65303,
    "an": 0,
    "ap": 0,
    "j": 1583,
    "z": 1004,
    "at": 1004,
    "u": 0,
    "d": 4019,
    "ah": 64750,
    "e": 2009,
    "m": 63964,
    "i": 65071,
    "p": 2188,
    "ar": 0,
    "aw": 511,
    "av": 125,
    "ax": 116,
    "ao": 0,
    "ab": 1023,
    "v": 8038,
    "af": 2015,
    "ai": 1230,
    "ak": 1094,
    "b": 16076,
    "aa": 251,
    "bj": 0,
    "c": 0,
    "f": 502,
    "q": 63347,
    "r": 14160,
    "s": 0,
    "aq": 4019,
    "n": 2460,
    "ae": 791,
    "as": 4019,
    "w": 0,
    "g": 2047,
    "k": 4031,
    "l": 1571,
    "x": 8038,
    "ag": 785,
    "al": 64441,
    "am": 7080,
    "ac": 232,
    "au": 502,
    "ay": 65419,
    "o": 16348,
    "az": 395,
    "bc": 65143,
    "bb": 392,
    "bl": 2009,
    "y": 2009,
}
[src/main.rs:169:9] uneval_exp_num = 278
[src/main.rs:170:9] &out_hash_map = {
    "h": 464,
    "aj": 8174,
    "be": 4087,
    "t": 0,
    "ad": 65303,
    "ap": 0,
    "j": 1583,
    "at": 1004,
    "u": 0,
    "d": 4019,
    "e": 2009,
    "ar": 0,
    "p": 2188,
    "aw": 511,
    "av": 125,
    "ak": 1094,
    "az": 395,
    "b": 16076,
    "aa": 251,
    "c": 0,
    "f": 502,
    "q": 63347,
    "ae": 791,
    "s": 0,
    "ag": 785,
    "x": 8038,
    "am": 7080,
    "bf": 547,
    "al": 64441,
    "bc": 65143,
    "ac": 232,
    "bg": 64988,
    "y": 2009,
    "ba": 1007,
    "an": 0,
    "z": 1004,
    "ah": 64750,
    "m": 63964,
    "i": 65071,
    "ax": 116,
    "ao": 0,
    "ab": 1023,
    "v": 8038,
    "af": 2015,
    "ai": 1230,
    "as": 4019,
    "bj": 0,
    "r": 14160,
    "bd": 615,
    "aq": 4019,
    "n": 2460,
    "w": 0,
    "g": 2047,
    "k": 4031,
    "l": 1571,
    "ay": 65419,
    "au": 502,
    "o": 16348,
    "bh": 3540,
    "bb": 392,
    "bl": 2009,
}
[src/main.rs:169:9] uneval_exp_num = 277
[src/main.rs:170:9] &out_hash_map = {
    "h": 464,
    "aj": 8174,
    "be": 4087,
    "t": 0,
    "ad": 65303,
    "ap": 0,
    "j": 1583,
    "at": 1004,
    "u": 0,
    "d": 4019,
    "e": 2009,
    "ar": 0,
    "p": 2188,
    "aw": 511,
    "av": 125,
    "ak": 1094,
    "az": 395,
    "b": 16076,
    "aa": 251,
    "c": 0,
    "f": 502,
    "q": 63347,
    "ae": 791,
    "s": 0,
    "ag": 785,
    "x": 8038,
    "am": 7080,
    "bf": 547,
    "al": 64441,
    "bc": 65143,
    "ac": 232,
    "bg": 64988,
    "y": 2009,
    "ba": 1007,
    "an": 0,
    "z": 1004,
    "ah": 64750,
    "m": 63964,
    "i": 65071,
    "ax": 116,
    "ao": 0,
    "ab": 1023,
    "v": 8038,
    "af": 2015,
    "ai": 1230,
    "as": 4019,
    "bj": 0,
    "r": 14160,
    "bd": 615,
    "aq": 4019,
    "n": 2460,
    "bi": 0,
    "w": 0,
    "g": 2047,
    "k": 4031,
    "l": 1571,
    "ay": 65419,
    "au": 502,
    "o": 16348,
    "bh": 3540,
    "bb": 392,
    "bl": 2009,
}
[src/main.rs:169:9] uneval_exp_num = 272
[src/main.rs:170:9] &out_hash_map = {
    "h": 464,
    "aj": 8174,
    "be": 4087,
    "t": 0,
    "bm": 0,
    "ad": 65303,
    "ap": 0,
    "j": 1583,
    "at": 1004,
    "u": 0,
    "d": 4019,
    "e": 2009,
    "ar": 0,
    "p": 2188,
    "aw": 511,
    "av": 125,
    "ak": 1094,
    "az": 395,
    "b": 16076,
    "aa": 251,
    "c": 0,
    "f": 502,
    "q": 63347,
    "ae": 791,
    "s": 0,
    "ag": 785,
    "x": 8038,
    "bq": 62,
    "am": 7080,
    "bf": 547,
    "al": 64441,
    "bc": 65143,
    "ac": 232,
    "bg": 64988,
    "y": 2009,
    "ba": 1007,
    "bk": 0,
    "an": 0,
    "z": 1004,
    "ah": 64750,
    "m": 63964,
    "i": 65071,
    "ax": 116,
    "ao": 0,
    "ab": 1023,
    "v": 8038,
    "af": 2015,
    "ai": 1230,
    "as": 4019,
    "bj": 0,
    "r": 14160,
    "bd": 615,
    "bn": 2009,
    "aq": 4019,
    "n": 2460,
    "bi": 0,
    "w": 0,
    "g": 2047,
    "k": 4031,
    "l": 1571,
    "ay": 65419,
    "bo": 502,
    "au": 502,
    "o": 16348,
    "bh": 3540,
    "bb": 392,
    "bl": 2009,
}
[src/main.rs:169:9] uneval_exp_num = 267
[src/main.rs:170:9] &out_hash_map = {
    "h": 464,
    "aj": 8174,
    "be": 4087,
    "t": 0,
    "bm": 0,
    "ad": 65303,
    "cg": 1004,
    "ap": 0,
    "j": 1583,
    "at": 1004,
    "u": 0,
    "d": 4019,
    "e": 2009,
    "ar": 0,
    "p": 2188,
    "aw": 511,
    "av": 125,
    "ak": 1094,
    "az": 395,
    "b": 16076,
    "aa": 251,
    "c": 0,
    "f": 502,
    "q": 63347,
    "ae": 791,
    "s": 0,
    "ag": 785,
    "x": 8038,
    "bq": 62,
    "am": 7080,
    "bf": 547,
    "al": 64441,
    "bc": 65143,
    "ac": 232,
    "br": 255,
    "bg": 64988,
    "y": 2009,
    "bp": 251,
    "ba": 1007,
    "bk": 0,
    "bs": 58,
    "an": 0,
    "z": 1004,
    "ah": 64750,
    "m": 63964,
    "i": 65071,
    "ax": 116,
    "ao": 0,
    "ab": 1023,
    "v": 8038,
    "af": 2015,
    "ai": 1230,
    "as": 4019,
    "ce": 0,
    "bj": 0,
    "r": 14160,
    "bd": 615,
    "bn": 2009,
    "aq": 4019,
    "n": 2460,
    "bi": 0,
    "w": 0,
    "g": 2047,
    "k": 4031,
    "l": 1571,
    "ay": 65419,
    "bo": 502,
    "au": 502,
    "o": 16348,
    "bh": 3540,
    "bb": 392,
    "bl": 2009,
}
[src/main.rs:169:9] uneval_exp_num = 265
[src/main.rs:170:9] &out_hash_map = {
    "h": 464,
    "aj": 8174,
    "be": 4087,
    "t": 0,
    "bm": 0,
    "ad": 65303,
    "bu": 197,
    "cg": 1004,
    "ap": 0,
    "j": 1583,
    "at": 1004,
    "u": 0,
    "d": 4019,
    "e": 2009,
    "ar": 0,
    "p": 2188,
    "aw": 511,
    "av": 125,
    "ak": 1094,
    "az": 395,
    "b": 16076,
    "aa": 251,
    "c": 0,
    "f": 502,
    "q": 63347,
    "ae": 791,
    "s": 0,
    "ag": 785,
    "x": 8038,
    "bq": 62,
    "am": 7080,
    "bf": 547,
    "al": 64441,
    "bc": 65143,
    "ac": 232,
    "br": 255,
    "bg": 64988,
    "y": 2009,
    "bp": 251,
    "ba": 1007,
    "bk": 0,
    "bs": 58,
    "an": 0,
    "z": 1004,
    "ah": 64750,
    "m": 63964,
    "i": 65071,
    "ax": 116,
    "ao": 0,
    "ab": 1023,
    "v": 8038,
    "af": 2015,
    "ai": 1230,
    "as": 4019,
    "ce": 0,
    "bj": 0,
    "r": 14160,
    "bd": 615,
    "bn": 2009,
    "bt": 65477,
    "aq": 4019,
    "n": 2460,
    "bi": 0,
    "w": 0,
    "g": 2047,
    "k": 4031,
    "l": 1571,
    "ay": 65419,
    "bo": 502,
    "au": 502,
    "o": 16348,
    "bh": 3540,
    "bb": 392,
    "bl": 2009,
}
[src/main.rs:169:9] uneval_exp_num = 262
[src/main.rs:170:9] &out_hash_map = {
    "h": 464,
    "aj": 8174,
    "be": 4087,
    "t": 0,
    "bm": 0,
    "ad": 65303,
    "bu": 197,
    "cg": 1004,
    "ap": 0,
    "j": 1583,
    "bw": 196,
    "at": 1004,
    "u": 0,
    "d": 4019,
    "e": 2009,
    "ar": 0,
    "p": 2188,
    "aw": 511,
    "av": 125,
    "ak": 1094,
    "az": 395,
    "bv": 503,
    "b": 16076,
    "aa": 251,
    "c": 0,
    "f": 502,
    "q": 63347,
    "ae": 791,
    "s": 0,
    "ag": 785,
    "x": 8038,
    "bq": 62,
    "am": 7080,
    "bf": 547,
    "al": 64441,
    "bc": 65143,
    "ac": 232,
    "br": 255,
    "bg": 64988,
    "y": 2009,
    "bp": 251,
    "ba": 1007,
    "bk": 0,
    "bs": 58,
    "bx": 65339,
    "an": 0,
    "z": 1004,
    "ah": 64750,
    "m": 63964,
    "i": 65071,
    "ax": 116,
    "ao": 0,
    "ab": 1023,
    "v": 8038,
    "af": 2015,
    "ai": 1230,
    "as": 4019,
    "ce": 0,
    "bj": 0,
    "r": 14160,
    "bd": 615,
    "bn": 2009,
    "bt": 65477,
    "aq": 4019,
    "n": 2460,
    "bi": 0,
    "w": 0,
    "g": 2047,
    "k": 4031,
    "l": 1571,
    "ay": 65419,
    "bo": 502,
    "au": 502,
    "o": 16348,
    "bh": 3540,
    "bb": 392,
    "bl": 2009,
}
[src/main.rs:169:9] uneval_exp_num = 259
[src/main.rs:170:9] &out_hash_map = {
    "h": 464,
    "aj": 8174,
    "be": 4087,
    "t": 0,
    "bm": 0,
    "ad": 65303,
    "bu": 197,
    "cg": 1004,
    "ap": 0,
    "j": 1583,
    "bw": 196,
    "ca": 273,
    "at": 1004,
    "u": 0,
    "d": 4019,
    "e": 2009,
    "ar": 0,
    "p": 2188,
    "aw": 511,
    "av": 125,
    "ak": 1094,
    "az": 395,
    "bv": 503,
    "b": 16076,
    "aa": 251,
    "c": 0,
    "f": 502,
    "q": 63347,
    "ae": 791,
    "s": 0,
    "bz": 2043,
    "ag": 785,
    "x": 8038,
    "bq": 62,
    "am": 7080,
    "bf": 547,
    "al": 64441,
    "bc": 65143,
    "ac": 232,
    "br": 255,
    "bg": 64988,
    "y": 2009,
    "bp": 251,
    "ba": 1007,
    "bk": 0,
    "bs": 58,
    "bx": 65339,
    "an": 0,
    "z": 1004,
    "ah": 64750,
    "m": 63964,
    "i": 65071,
    "ax": 116,
    "ao": 0,
    "ab": 1023,
    "v": 8038,
    "af": 2015,
    "ai": 1230,
    "as": 4019,
    "ce": 0,
    "bj": 0,
    "by": 307,
    "r": 14160,
    "bd": 615,
    "bn": 2009,
    "bt": 65477,
    "aq": 4019,
    "n": 2460,
    "bi": 0,
    "w": 0,
    "g": 2047,
    "k": 4031,
    "l": 1571,
    "ay": 65419,
    "bo": 502,
    "au": 502,
    "o": 16348,
    "bh": 3540,
    "bb": 392,
    "bl": 2009,
}
[src/main.rs:169:9] uneval_exp_num = 258
[src/main.rs:170:9] &out_hash_map = {
    "h": 464,
    "aj": 8174,
    "be": 4087,
    "t": 0,
    "bm": 0,
    "ad": 65303,
    "bu": 197,
    "cg": 1004,
    "ap": 0,
    "j": 1583,
    "bw": 196,
    "ca": 273,
    "at": 1004,
    "u": 0,
    "d": 4019,
    "e": 2009,
    "ar": 0,
    "p": 2188,
    "aw": 511,
    "av": 125,
    "ak": 1094,
    "az": 395,
    "bv": 503,
    "b": 16076,
    "aa": 251,
    "c": 0,
    "f": 502,
    "q": 63347,
    "ae": 791,
    "s": 0,
    "bz": 2043,
    "ag": 785,
    "x": 8038,
    "bq": 62,
    "am": 7080,
    "bf": 547,
    "al": 64441,
    "bc": 65143,
    "ac": 232,
    "br": 255,
    "bg": 64988,
    "y": 2009,
    "bp": 251,
    "ba": 1007,
    "bk": 0,
    "bs": 58,
    "bx": 65339,
    "an": 0,
    "cb": 65262,
    "z": 1004,
    "ah": 64750,
    "m": 63964,
    "i": 65071,
    "ax": 116,
    "ao": 0,
    "ab": 1023,
    "v": 8038,
    "af": 2015,
    "ai": 1230,
    "as": 4019,
    "ce": 0,
    "bj": 0,
    "by": 307,
    "r": 14160,
    "bd": 615,
    "bn": 2009,
    "bt": 65477,
    "aq": 4019,
    "n": 2460,
    "bi": 0,
    "w": 0,
    "g": 2047,
    "k": 4031,
    "l": 1571,
    "ay": 65419,
    "bo": 502,
    "au": 502,
    "o": 16348,
    "bh": 3540,
    "bb": 392,
    "bl": 2009,
}
[src/main.rs:169:9] uneval_exp_num = 257
[src/main.rs:170:9] &out_hash_map = {
    "h": 464,
    "aj": 8174,
    "be": 4087,
    "t": 0,
    "bm": 0,
    "ad": 65303,
    "bu": 197,
    "cg": 1004,
    "ap": 0,
    "j": 1583,
    "bw": 196,
    "ca": 273,
    "at": 1004,
    "u": 0,
    "d": 4019,
    "e": 2009,
    "ar": 0,
    "p": 2188,
    "aw": 511,
    "av": 125,
    "ak": 1094,
    "az": 395,
    "bv": 503,
    "b": 16076,
    "aa": 251,
    "c": 0,
    "f": 502,
    "q": 63347,
    "ae": 791,
    "s": 0,
    "bz": 2043,
    "ag": 785,
    "x": 8038,
    "bq": 62,
    "am": 7080,
    "bf": 547,
    "al": 64441,
    "bc": 65143,
    "ac": 232,
    "br": 255,
    "bg": 64988,
    "y": 2009,
    "bp": 251,
    "ba": 1007,
    "bk": 0,
    "bs": 58,
    "bx": 65339,
    "an": 0,
    "cb": 65262,
    "z": 1004,
    "cc": 1770,
    "ah": 64750,
    "m": 63964,
    "i": 65071,
    "ax": 116,
    "ao": 0,
    "ab": 1023,
    "v": 8038,
    "af": 2015,
    "ai": 1230,
    "as": 4019,
    "ce": 0,
    "bj": 0,
    "by": 307,
    "r": 14160,
    "bd": 615,
    "bn": 2009,
    "bt": 65477,
    "aq": 4019,
    "n": 2460,
    "bi": 0,
    "w": 0,
    "g": 2047,
    "k": 4031,
    "l": 1571,
    "ay": 65419,
    "bo": 502,
    "au": 502,
    "o": 16348,
    "bh": 3540,
    "bb": 392,
    "bl": 2009,
}
[src/main.rs:169:9] uneval_exp_num = 253
[src/main.rs:170:9] &out_hash_map = {
    "h": 464,
    "aj": 8174,
    "be": 4087,
    "t": 0,
    "bm": 0,
    "ad": 65303,
    "bu": 197,
    "cg": 1004,
    "ap": 0,
    "j": 1583,
    "bw": 196,
    "ca": 273,
    "at": 1004,
    "u": 0,
    "d": 4019,
    "e": 2009,
    "ar": 0,
    "p": 2188,
    "aw": 511,
    "av": 125,
    "ak": 1094,
    "az": 395,
    "bv": 503,
    "b": 16076,
    "aa": 251,
    "c": 0,
    "f": 502,
    "q": 63347,
    "ae": 791,
    "s": 0,
    "bz": 2043,
    "ag": 785,
    "x": 8038,
    "bq": 62,
    "am": 7080,
    "bf": 547,
    "al": 64441,
    "bc": 65143,
    "ac": 232,
    "cd": 0,
    "br": 255,
    "bg": 64988,
    "y": 2009,
    "bp": 251,
    "ch": 0,
    "ba": 1007,
    "bk": 0,
    "bs": 58,
    "bx": 65339,
    "an": 0,
    "cz": 0,
    "cb": 65262,
    "z": 1004,
    "cc": 1770,
    "ah": 64750,
    "m": 63964,
    "i": 65071,
    "ax": 116,
    "cf": 0,
    "ao": 0,
    "ab": 1023,
    "v": 8038,
    "af": 2015,
    "ai": 1230,
    "as": 4019,
    "ce": 0,
    "bj": 0,
    "by": 307,
    "r": 14160,
    "bd": 615,
    "bn": 2009,
    "bt": 65477,
    "aq": 4019,
    "n": 2460,
    "bi": 0,
    "w": 0,
    "g": 2047,
    "k": 4031,
    "l": 1571,
    "ay": 65419,
    "bo": 502,
    "au": 502,
    "o": 16348,
    "bh": 3540,
    "bb": 392,
    "bl": 2009,
}
[src/main.rs:169:9] uneval_exp_num = 250
[src/main.rs:170:9] &out_hash_map = {
    "h": 464,
    "aj": 8174,
    "be": 4087,
    "t": 0,
    "bm": 0,
    "ad": 65303,
    "bu": 197,
    "cg": 1004,
    "ap": 0,
    "j": 1583,
    "bw": 196,
    "ca": 273,
    "at": 1004,
    "cj": 251,
    "u": 0,
    "d": 4019,
    "e": 2009,
    "ar": 0,
    "p": 2188,
    "aw": 511,
    "av": 125,
    "ak": 1094,
    "az": 395,
    "bv": 503,
    "b": 16076,
    "aa": 251,
    "c": 0,
    "f": 502,
    "q": 63347,
    "ae": 791,
    "s": 0,
    "bz": 2043,
    "ag": 785,
    "x": 8038,
    "bq": 62,
    "am": 7080,
    "bf": 547,
    "al": 64441,
    "bc": 65143,
    "ac": 232,
    "cd": 0,
    "br": 255,
    "bg": 64988,
    "cl": 31,
    "y": 2009,
    "bp": 251,
    "ch": 0,
    "ba": 1007,
    "bk": 0,
    "bs": 58,
    "bx": 65339,
    "an": 0,
    "cz": 0,
    "cb": 65262,
    "z": 1004,
    "cc": 1770,
    "ah": 64750,
    "ci": 1004,
    "m": 63964,
    "i": 65071,
    "ax": 116,
    "cf": 0,
    "ao": 0,
    "ab": 1023,
    "v": 8038,
    "af": 2015,
    "ai": 1230,
    "as": 4019,
    "ce": 0,
    "bj": 0,
    "by": 307,
    "r": 14160,
    "bd": 615,
    "bn": 2009,
    "bt": 65477,
    "aq": 4019,
    "n": 2460,
    "bi": 0,
    "w": 0,
    "g": 2047,
    "k": 4031,
    "l": 1571,
    "ay": 65419,
    "bo": 502,
    "au": 502,
    "o": 16348,
    "bh": 3540,
    "bb": 392,
    "bl": 2009,
}
[src/main.rs:169:9] uneval_exp_num = 246
[src/main.rs:170:9] &out_hash_map = {
    "h": 464,
    "aj": 8174,
    "be": 4087,
    "t": 0,
    "bm": 0,
    "ad": 65303,
    "bu": 197,
    "cg": 1004,
    "ap": 0,
    "j": 1583,
    "bw": 196,
    "ca": 273,
    "at": 1004,
    "cj": 251,
    "u": 0,
    "d": 4019,
    "e": 2009,
    "ar": 0,
    "p": 2188,
    "aw": 511,
    "av": 125,
    "ck": 125,
    "ak": 1094,
    "az": 395,
    "bv": 503,
    "cn": 29,
    "b": 16076,
    "aa": 251,
    "c": 0,
    "f": 502,
    "q": 63347,
    "ae": 791,
    "s": 0,
    "bz": 2043,
    "db": 502,
    "ag": 785,
    "x": 8038,
    "bq": 62,
    "am": 7080,
    "bf": 547,
    "al": 64441,
    "bc": 65143,
    "ac": 232,
    "cd": 0,
    "br": 255,
    "cm": 127,
    "bg": 64988,
    "cl": 31,
    "y": 2009,
    "bp": 251,
    "ch": 0,
    "ba": 1007,
    "bk": 0,
    "bs": 58,
    "bx": 65339,
    "an": 0,
    "cz": 0,
    "cb": 65262,
    "z": 1004,
    "cc": 1770,
    "ah": 64750,
    "ci": 1004,
    "m": 63964,
    "i": 65071,
    "ax": 116,
    "cf": 0,
    "ao": 0,
    "ab": 1023,
    "v": 8038,
    "af": 2015,
    "ai": 1230,
    "as": 4019,
    "ce": 0,
    "bj": 0,
    "by": 307,
    "r": 14160,
    "bd": 615,
    "bn": 2009,
    "bt": 65477,
    "aq": 4019,
    "n": 2460,
    "bi": 0,
    "w": 0,
    "g": 2047,
    "k": 4031,
    "l": 1571,
    "ay": 65419,
    "bo": 502,
    "au": 502,
    "o": 16348,
    "bh": 3540,
    "bb": 392,
    "bl": 2009,
}
[src/main.rs:169:9] uneval_exp_num = 243
[src/main.rs:170:9] &out_hash_map = {
    "h": 464,
    "aj": 8174,
    "be": 4087,
    "t": 0,
    "bm": 0,
    "ad": 65303,
    "bu": 197,
    "cg": 1004,
    "ap": 0,
    "j": 1583,
    "bw": 196,
    "ca": 273,
    "at": 1004,
    "cj": 251,
    "u": 0,
    "d": 4019,
    "e": 2009,
    "ar": 0,
    "p": 2188,
    "aw": 511,
    "av": 125,
    "ck": 125,
    "ak": 1094,
    "az": 395,
    "bv": 503,
    "cn": 29,
    "b": 16076,
    "aa": 251,
    "c": 0,
    "f": 502,
    "q": 63347,
    "ae": 791,
    "s": 0,
    "bz": 2043,
    "db": 502,
    "cp": 98,
    "ag": 785,
    "x": 8038,
    "bq": 62,
    "am": 7080,
    "bf": 547,
    "al": 64441,
    "bc": 65143,
    "ac": 232,
    "cd": 0,
    "br": 255,
    "cm": 127,
    "bg": 64988,
    "cl": 31,
    "cq": 251,
    "y": 2009,
    "bp": 251,
    "ch": 0,
    "ba": 1007,
    "bk": 0,
    "bs": 58,
    "bx": 65339,
    "an": 0,
    "cz": 0,
    "cb": 65262,
    "z": 1004,
    "cc": 1770,
    "ah": 64750,
    "co": 65506,
    "ci": 1004,
    "m": 63964,
    "i": 65071,
    "ax": 116,
    "cf": 0,
    "ao": 0,
    "ab": 1023,
    "v": 8038,
    "af": 2015,
    "ai": 1230,
    "as": 4019,
    "ce": 0,
    "bj": 0,
    "by": 307,
    "r": 14160,
    "bd": 615,
    "bn": 2009,
    "bt": 65477,
    "aq": 4019,
    "n": 2460,
    "bi": 0,
    "w": 0,
    "g": 2047,
    "k": 4031,
    "l": 1571,
    "ay": 65419,
    "bo": 502,
    "au": 502,
    "o": 16348,
    "bh": 3540,
    "bb": 392,
    "bl": 2009,
}
[src/main.rs:169:9] uneval_exp_num = 240
[src/main.rs:170:9] &out_hash_map = {
    "h": 464,
    "aj": 8174,
    "be": 4087,
    "t": 0,
    "bm": 0,
    "ad": 65303,
    "bu": 197,
    "cg": 1004,
    "ap": 0,
    "j": 1583,
    "bw": 196,
    "ca": 273,
    "at": 1004,
    "cj": 251,
    "u": 0,
    "d": 4019,
    "ct": 153,
    "e": 2009,
    "cs": 65437,
    "ar": 0,
    "p": 2188,
    "aw": 511,
    "av": 125,
    "ck": 125,
    "ak": 1094,
    "az": 395,
    "bv": 503,
    "cn": 29,
    "b": 16076,
    "aa": 251,
    "c": 0,
    "f": 502,
    "q": 63347,
    "ae": 791,
    "s": 0,
    "bz": 2043,
    "db": 502,
    "cp": 98,
    "ag": 785,
    "x": 8038,
    "bq": 62,
    "am": 7080,
    "bf": 547,
    "al": 64441,
    "bc": 65143,
    "ac": 232,
    "cd": 0,
    "br": 255,
    "cm": 127,
    "bg": 64988,
    "cl": 31,
    "cq": 251,
    "y": 2009,
    "bp": 251,
    "ch": 0,
    "ba": 1007,
    "bk": 0,
    "bs": 58,
    "bx": 65339,
    "an": 0,
    "cz": 0,
    "cb": 65262,
    "cr": 98,
    "z": 1004,
    "cc": 1770,
    "ah": 64750,
    "co": 65506,
    "ci": 1004,
    "m": 63964,
    "i": 65071,
    "ax": 116,
    "cf": 0,
    "ao": 0,
    "ab": 1023,
    "v": 8038,
    "af": 2015,
    "ai": 1230,
    "as": 4019,
    "ce": 0,
    "bj": 0,
    "by": 307,
    "r": 14160,
    "bd": 615,
    "bn": 2009,
    "bt": 65477,
    "aq": 4019,
    "n": 2460,
    "bi": 0,
    "w": 0,
    "g": 2047,
    "k": 4031,
    "l": 1571,
    "ay": 65419,
    "bo": 502,
    "au": 502,
    "o": 16348,
    "bh": 3540,
    "bb": 392,
    "bl": 2009,
}
[src/main.rs:169:9] uneval_exp_num = 238
[src/main.rs:170:9] &out_hash_map = {
    "h": 464,
    "aj": 8174,
    "be": 4087,
    "t": 0,
    "bm": 0,
    "ad": 65303,
    "bu": 197,
    "cg": 1004,
    "ap": 0,
    "j": 1583,
    "bw": 196,
    "ca": 273,
    "at": 1004,
    "cj": 251,
    "u": 0,
    "d": 4019,
    "ct": 153,
    "e": 2009,
    "cs": 65437,
    "cv": 136,
    "ar": 0,
    "p": 2188,
    "aw": 511,
    "av": 125,
    "ck": 125,
    "ak": 1094,
    "az": 395,
    "bv": 503,
    "cn": 29,
    "b": 16076,
    "aa": 251,
    "c": 0,
    "f": 502,
    "q": 63347,
    "ae": 791,
    "s": 0,
    "bz": 2043,
    "db": 502,
    "cp": 98,
    "ag": 785,
    "x": 8038,
    "bq": 62,
    "am": 7080,
    "bf": 547,
    "al": 64441,
    "bc": 65143,
    "ac": 232,
    "cd": 0,
    "br": 255,
    "cm": 127,
    "bg": 64988,
    "cl": 31,
    "cq": 251,
    "y": 2009,
    "bp": 251,
    "ch": 0,
    "ba": 1007,
    "bk": 0,
    "bs": 58,
    "bx": 65339,
    "an": 0,
    "cz": 0,
    "cb": 65262,
    "cr": 98,
    "z": 1004,
    "cc": 1770,
    "ah": 64750,
    "co": 65506,
    "ci": 1004,
    "m": 63964,
    "i": 65071,
    "ax": 116,
    "cf": 0,
    "ao": 0,
    "ab": 1023,
    "v": 8038,
    "af": 2015,
    "ai": 1230,
    "as": 4019,
    "ce": 0,
    "bj": 0,
    "by": 307,
    "r": 14160,
    "bd": 615,
    "bn": 2009,
    "bt": 65477,
    "aq": 4019,
    "n": 2460,
    "bi": 0,
    "w": 0,
    "g": 2047,
    "k": 4031,
    "l": 1571,
    "ay": 65419,
    "bo": 502,
    "au": 502,
    "o": 16348,
    "bh": 3540,
    "bb": 392,
    "cu": 1021,
    "bl": 2009,
}
[src/main.rs:169:9] uneval_exp_num = 236
[src/main.rs:170:9] &out_hash_map = {
    "h": 464,
    "aj": 8174,
    "be": 4087,
    "t": 0,
    "bm": 0,
    "ad": 65303,
    "bu": 197,
    "cg": 1004,
    "ap": 0,
    "j": 1583,
    "bw": 196,
    "ca": 273,
    "at": 1004,
    "cj": 251,
    "u": 0,
    "d": 4019,
    "ct": 153,
    "e": 2009,
    "cs": 65437,
    "cv": 136,
    "ar": 0,
    "p": 2188,
    "aw": 511,
    "cx": 885,
    "av": 125,
    "ck": 125,
    "ak": 1094,
    "az": 395,
    "bv": 503,
    "cn": 29,
    "b": 16076,
    "aa": 251,
    "cw": 65399,
    "c": 0,
    "f": 502,
    "q": 63347,
    "ae": 791,
    "s": 0,
    "bz": 2043,
    "db": 502,
    "cp": 98,
    "ag": 785,
    "x": 8038,
    "bq": 62,
    "am": 7080,
    "bf": 547,
    "al": 64441,
    "bc": 65143,
    "ac": 232,
    "cd": 0,
    "br": 255,
    "cm": 127,
    "bg": 64988,
    "cl": 31,
    "cq": 251,
    "y": 2009,
    "bp": 251,
    "ch": 0,
    "ba": 1007,
    "bk": 0,
    "bs": 58,
    "bx": 65339,
    "an": 0,
    "cz": 0,
    "cb": 65262,
    "cr": 98,
    "z": 1004,
    "cc": 1770,
    "ah": 64750,
    "co": 65506,
    "ci": 1004,
    "m": 63964,
    "i": 65071,
    "ax": 116,
    "cf": 0,
    "ao": 0,
    "ab": 1023,
    "v": 8038,
    "af": 2015,
    "ai": 1230,
    "as": 4019,
    "ce": 0,
    "bj": 0,
    "by": 307,
    "r": 14160,
    "bd": 615,
    "bn": 2009,
    "bt": 65477,
    "aq": 4019,
    "n": 2460,
    "bi": 0,
    "w": 0,
    "g": 2047,
    "k": 4031,
    "l": 1571,
    "ay": 65419,
    "bo": 502,
    "au": 502,
    "o": 16348,
    "bh": 3540,
    "bb": 392,
    "cu": 1021,
    "bl": 2009,
}
[src/main.rs:169:9] uneval_exp_num = 235
[src/main.rs:170:9] &out_hash_map = {
    "h": 464,
    "aj": 8174,
    "be": 4087,
    "t": 0,
    "bm": 0,
    "ad": 65303,
    "bu": 197,
    "cg": 1004,
    "ap": 0,
    "j": 1583,
    "bw": 196,
    "ca": 273,
    "at": 1004,
    "cj": 251,
    "u": 0,
    "d": 4019,
    "ct": 153,
    "e": 2009,
    "cs": 65437,
    "cv": 136,
    "ar": 0,
    "p": 2188,
    "aw": 511,
    "cx": 885,
    "cy": 1,
    "av": 125,
    "ck": 125,
    "ak": 1094,
    "az": 395,
    "bv": 503,
    "cn": 29,
    "b": 16076,
    "aa": 251,
    "cw": 65399,
    "c": 0,
    "f": 502,
    "q": 63347,
    "ae": 791,
    "s": 0,
    "bz": 2043,
    "db": 502,
    "cp": 98,
    "ag": 785,
    "x": 8038,
    "bq": 62,
    "am": 7080,
    "bf": 547,
    "al": 64441,
    "bc": 65143,
    "ac": 232,
    "cd": 0,
    "br": 255,
    "cm": 127,
    "bg": 64988,
    "cl": 31,
    "cq": 251,
    "y": 2009,
    "bp": 251,
    "ch": 0,
    "ba": 1007,
    "bk": 0,
    "bs": 58,
    "bx": 65339,
    "an": 0,
    "cz": 0,
    "cb": 65262,
    "cr": 98,
    "z": 1004,
    "cc": 1770,
    "ah": 64750,
    "co": 65506,
    "ci": 1004,
    "m": 63964,
    "i": 65071,
    "ax": 116,
    "cf": 0,
    "ao": 0,
    "ab": 1023,
    "v": 8038,
    "af": 2015,
    "ai": 1230,
    "as": 4019,
    "ce": 0,
    "bj": 0,
    "by": 307,
    "r": 14160,
    "bd": 615,
    "bn": 2009,
    "bt": 65477,
    "aq": 4019,
    "n": 2460,
    "bi": 0,
    "w": 0,
    "g": 2047,
    "k": 4031,
    "l": 1571,
    "ay": 65419,
    "bo": 502,
    "au": 502,
    "o": 16348,
    "bh": 3540,
    "bb": 392,
    "cu": 1021,
    "bl": 2009,
}
[src/main.rs:169:9] uneval_exp_num = 233
[src/main.rs:170:9] &out_hash_map = {
    "h": 464,
    "aj": 8174,
    "be": 4087,
    "t": 0,
    "bm": 0,
    "ad": 65303,
    "bu": 197,
    "cg": 1004,
    "ap": 0,
    "j": 1583,
    "bw": 196,
    "ca": 273,
    "at": 1004,
    "cj": 251,
    "u": 0,
    "d": 4019,
    "ct": 153,
    "e": 2009,
    "cs": 65437,
    "cv": 136,
    "ar": 0,
    "p": 2188,
    "aw": 511,
    "cx": 885,
    "cy": 1,
    "av": 125,
    "ck": 125,
    "ak": 1094,
    "az": 395,
    "bv": 503,
    "cn": 29,
    "b": 16076,
    "aa": 251,
    "cw": 65399,
    "c": 0,
    "f": 502,
    "q": 63347,
    "ae": 791,
    "s": 0,
    "bz": 2043,
    "db": 502,
    "cp": 98,
    "ag": 785,
    "x": 8038,
    "bq": 62,
    "am": 7080,
    "bf": 547,
    "al": 64441,
    "bc": 65143,
    "ac": 232,
    "cd": 0,
    "br": 255,
    "cm": 127,
    "bg": 64988,
    "cl": 31,
    "cq": 251,
    "dc": 32768,
    "y": 2009,
    "bp": 251,
    "ch": 0,
    "ba": 1007,
    "bk": 0,
    "bs": 58,
    "bx": 65339,
    "an": 0,
    "cz": 0,
    "cb": 65262,
    "cr": 98,
    "z": 1004,
    "da": 1,
    "cc": 1770,
    "ah": 64750,
    "co": 65506,
    "ci": 1004,
    "m": 63964,
    "i": 65071,
    "ax": 116,
    "cf": 0,
    "ao": 0,
    "ab": 1023,
    "v": 8038,
    "af": 2015,
    "ai": 1230,
    "as": 4019,
    "ce": 0,
    "bj": 0,
    "by": 307,
    "r": 14160,
    "bd": 615,
    "bn": 2009,
    "bt": 65477,
    "aq": 4019,
    "n": 2460,
    "bi": 0,
    "w": 0,
    "g": 2047,
    "k": 4031,
    "l": 1571,
    "ay": 65419,
    "bo": 502,
    "au": 502,
    "o": 16348,
    "bh": 3540,
    "bb": 392,
    "cu": 1021,
    "bl": 2009,
}
[src/main.rs:169:9] uneval_exp_num = 229
[src/main.rs:170:9] &out_hash_map = {
    "h": 464,
    "aj": 8174,
    "be": 4087,
    "t": 0,
    "bm": 0,
    "ad": 65303,
    "bu": 197,
    "cg": 1004,
    "ap": 0,
    "j": 1583,
    "bw": 196,
    "ca": 273,
    "at": 1004,
    "cj": 251,
    "u": 0,
    "d": 4019,
    "ct": 153,
    "e": 2009,
    "cs": 65437,
    "cv": 136,
    "ar": 0,
    "p": 2188,
    "aw": 511,
    "cx": 885,
    "cy": 1,
    "av": 125,
    "ck": 125,
    "ak": 1094,
    "az": 395,
    "bv": 503,
    "cn": 29,
    "b": 16076,
    "aa": 251,
    "cw": 65399,
    "c": 0,
    "f": 502,
    "q": 63347,
    "ae": 791,
    "s": 0,
    "bz": 2043,
    "db": 502,
    "cp": 98,
    "ag": 785,
    "x": 8038,
    "bq": 62,
    "am": 7080,
    "bf": 547,
    "al": 64441,
    "bc": 65143,
    "ac": 232,
    "cd": 0,
    "br": 255,
    "cm": 127,
    "bg": 64988,
    "cl": 31,
    "cq": 251,
    "dw": 16635,
    "dc": 32768,
    "y": 2009,
    "bp": 251,
    "ch": 0,
    "ba": 1007,
    "bk": 0,
    "bs": 58,
    "bx": 65339,
    "an": 0,
    "cz": 0,
    "cb": 65262,
    "cr": 98,
    "z": 1004,
    "da": 1,
    "cc": 1770,
    "dd": 33270,
    "ah": 64750,
    "co": 65506,
    "ci": 1004,
    "du": 2,
    "m": 63964,
    "i": 65071,
    "ax": 116,
    "cf": 0,
    "ao": 0,
    "ab": 1023,
    "v": 8038,
    "af": 2015,
    "ai": 1230,
    "as": 4019,
    "ce": 0,
    "bj": 0,
    "by": 307,
    "r": 14160,
    "bd": 615,
    "bn": 2009,
    "bt": 65477,
    "dg": 1039,
    "aq": 4019,
    "n": 2460,
    "bi": 0,
    "w": 0,
    "g": 2047,
    "k": 4031,
    "l": 1571,
    "ay": 65419,
    "bo": 502,
    "au": 502,
    "o": 16348,
    "bh": 3540,
    "bb": 392,
    "cu": 1021,
    "bl": 2009,
}
[src/main.rs:169:9] uneval_exp_num = 223
[src/main.rs:170:9] &out_hash_map = {
    "h": 464,
    "bm": 0,
    "cv": 136,
    "ad": 65303,
    "cg": 1004,
    "bw": 196,
    "cy": 1,
    "u": 0,
    "cs": 65437,
    "ar": 0,
    "ck": 125,
    "ak": 1094,
    "bv": 503,
    "cw": 65399,
    "b": 16076,
    "aa": 251,
    "ae": 791,
    "f": 502,
    "q": 63347,
    "bz": 2043,
    "db": 502,
    "ag": 785,
    "x": 8038,
    "bq": 62,
    "bf": 547,
    "cd": 0,
    "br": 255,
    "bg": 64988,
    "dw": 16635,
    "dc": 32768,
    "bp": 251,
    "ba": 1007,
    "bs": 58,
    "da": 1,
    "z": 1004,
    "cc": 1770,
    "ah": 64750,
    "du": 2,
    "ci": 1004,
    "m": 63964,
    "ao": 0,
    "ai": 1230,
    "as": 4019,
    "dj": 65521,
    "by": 307,
    "bj": 0,
    "bd": 615,
    "aq": 4019,
    "n": 2460,
    "g": 2047,
    "k": 4031,
    "l": 1571,
    "dh": 5183,
    "dk": 5169,
    "bh": 3540,
    "bb": 392,
    "cu": 1021,
    "bl": 2009,
    "be": 4087,
    "aj": 8174,
    "ct": 153,
    "t": 0,
    "ca": 273,
    "bu": 197,
    "ap": 0,
    "j": 1583,
    "cj": 251,
    "at": 1004,
    "d": 4019,
    "e": 2009,
    "p": 2188,
    "aw": 511,
    "cx": 885,
    "di": 14,
    "av": 125,
    "de": 8317,
    "az": 395,
    "cn": 29,
    "c": 0,
    "s": 0,
    "cp": 98,
    "am": 7080,
    "al": 64441,
    "bc": 65143,
    "ac": 232,
    "cm": 127,
    "cq": 251,
    "cl": 31,
    "y": 2009,
    "ch": 0,
    "bk": 0,
    "cz": 0,
    "cr": 98,
    "bx": 65339,
    "an": 0,
    "dd": 33270,
    "cb": 65262,
    "df": 4158,
    "co": 65506,
    "i": 65071,
    "ax": 116,
    "cf": 0,
    "ce": 0,
    "ab": 1023,
    "v": 8038,
    "af": 2015,
    "dg": 1039,
    "r": 14160,
    "bn": 2009,
    "bt": 65477,
    "bi": 0,
    "w": 0,
    "ay": 65419,
    "bo": 502,
    "au": 502,
    "o": 16348,
}
[src/main.rs:169:9] uneval_exp_num = 221
[src/main.rs:170:9] &out_hash_map = {
    "h": 464,
    "bm": 0,
    "cv": 136,
    "ad": 65303,
    "cg": 1004,
    "bw": 196,
    "cy": 1,
    "u": 0,
    "cs": 65437,
    "ar": 0,
    "dm": 49,
    "ck": 125,
    "ak": 1094,
    "bv": 503,
    "cw": 65399,
    "b": 16076,
    "aa": 251,
    "ae": 791,
    "f": 502,
    "q": 63347,
    "bz": 2043,
    "db": 502,
    "ag": 785,
    "x": 8038,
    "bq": 62,
    "bf": 547,
    "cd": 0,
    "br": 255,
    "bg": 64988,
    "dw": 16635,
    "dc": 32768,
    "bp": 251,
    "ba": 1007,
    "bs": 58,
    "da": 1,
    "z": 1004,
    "cc": 1770,
    "ah": 64750,
    "du": 2,
    "ci": 1004,
    "m": 63964,
    "ao": 0,
    "ai": 1230,
    "as": 4019,
    "dj": 65521,
    "by": 307,
    "bj": 0,
    "bd": 615,
    "aq": 4019,
    "n": 2460,
    "g": 2047,
    "k": 4031,
    "l": 1571,
    "dh": 5183,
    "dk": 5169,
    "bh": 3540,
    "bb": 392,
    "cu": 1021,
    "bl": 2009,
    "be": 4087,
    "aj": 8174,
    "ct": 153,
    "t": 0,
    "ca": 273,
    "bu": 197,
    "ap": 0,
    "j": 1583,
    "cj": 251,
    "at": 1004,
    "d": 4019,
    "e": 2009,
    "p": 2188,
    "aw": 511,
    "cx": 885,
    "di": 14,
    "av": 125,
    "de": 8317,
    "az": 395,
    "cn": 29,
    "c": 0,
    "s": 0,
    "cp": 98,
    "am": 7080,
    "al": 64441,
    "bc": 65143,
    "ac": 232,
    "cm": 127,
    "cq": 251,
    "cl": 31,
    "y": 2009,
    "ch": 0,
    "bk": 0,
    "cz": 0,
    "cr": 98,
    "bx": 65339,
    "an": 0,
    "dd": 33270,
    "cb": 65262,
    "df": 4158,
    "dl": 13437,
    "co": 65506,
    "i": 65071,
    "ax": 116,
    "cf": 0,
    "ce": 0,
    "ab": 1023,
    "v": 8038,
    "af": 2015,
    "dg": 1039,
    "r": 14160,
    "bn": 2009,
    "bt": 65477,
    "bi": 0,
    "w": 0,
    "ay": 65419,
    "bo": 502,
    "au": 502,
    "o": 16348,
}
[src/main.rs:169:9] uneval_exp_num = 220
[src/main.rs:170:9] &out_hash_map = {
    "h": 464,
    "bm": 0,
    "cv": 136,
    "ad": 65303,
    "cg": 1004,
    "bw": 196,
    "cy": 1,
    "u": 0,
    "cs": 65437,
    "ar": 0,
    "dm": 49,
    "ck": 125,
    "ak": 1094,
    "bv": 503,
    "cw": 65399,
    "b": 16076,
    "aa": 251,
    "ae": 791,
    "f": 502,
    "q": 63347,
    "bz": 2043,
    "db": 502,
    "ag": 785,
    "x": 8038,
    "bq": 62,
    "bf": 547,
    "cd": 0,
    "br": 255,
    "bg": 64988,
    "dw": 16635,
    "dc": 32768,
    "bp": 251,
    "ba": 1007,
    "bs": 58,
    "da": 1,
    "z": 1004,
    "cc": 1770,
    "ah": 64750,
    "du": 2,
    "ci": 1004,
    "m": 63964,
    "ao": 0,
    "ai": 1230,
    "as": 4019,
    "dj": 65521,
    "by": 307,
    "bj": 0,
    "bd": 615,
    "aq": 4019,
    "n": 2460,
    "g": 2047,
    "k": 4031,
    "l": 1571,
    "dh": 5183,
    "dk": 5169,
    "bh": 3540,
    "bb": 392,
    "cu": 1021,
    "bl": 2009,
    "be": 4087,
    "aj": 8174,
    "ct": 153,
    "t": 0,
    "ca": 273,
    "bu": 197,
    "ap": 0,
    "j": 1583,
    "cj": 251,
    "at": 1004,
    "d": 4019,
    "e": 2009,
    "p": 2188,
    "aw": 511,
    "cx": 885,
    "di": 14,
    "av": 125,
    "de": 8317,
    "az": 395,
    "cn": 29,
    "c": 0,
    "s": 0,
    "cp": 98,
    "dn": 65486,
    "am": 7080,
    "al": 64441,
    "bc": 65143,
    "ac": 232,
    "cm": 127,
    "cq": 251,
    "cl": 31,
    "y": 2009,
    "ch": 0,
    "bk": 0,
    "cz": 0,
    "cr": 98,
    "bx": 65339,
    "an": 0,
    "dd": 33270,
    "cb": 65262,
    "df": 4158,
    "dl": 13437,
    "co": 65506,
    "i": 65071,
    "ax": 116,
    "cf": 0,
    "ce": 0,
    "ab": 1023,
    "v": 8038,
    "af": 2015,
    "dg": 1039,
    "r": 14160,
    "bn": 2009,
    "bt": 65477,
    "bi": 0,
    "w": 0,
    "ay": 65419,
    "bo": 502,
    "au": 502,
    "o": 16348,
}
[src/main.rs:169:9] uneval_exp_num = 217
[src/main.rs:170:9] &out_hash_map = {
    "h": 464,
    "bm": 0,
    "cv": 136,
    "ad": 65303,
    "cg": 1004,
    "bw": 196,
    "cy": 1,
    "u": 0,
    "cs": 65437,
    "ar": 0,
    "dm": 49,
    "ck": 125,
    "ak": 1094,
    "bv": 503,
    "cw": 65399,
    "b": 16076,
    "aa": 251,
    "ae": 791,
    "f": 502,
    "q": 63347,
    "bz": 2043,
    "db": 502,
    "ag": 785,
    "x": 8038,
    "bq": 62,
    "bf": 547,
    "cd": 0,
    "br": 255,
    "bg": 64988,
    "dw": 16635,
    "dc": 32768,
    "bp": 251,
    "ba": 1007,
    "bs": 58,
    "da": 1,
    "z": 1004,
    "cc": 1770,
    "ah": 64750,
    "du": 2,
    "ci": 1004,
    "m": 63964,
    "ao": 0,
    "ai": 1230,
    "as": 4019,
    "dj": 65521,
    "by": 307,
    "bj": 0,
    "bd": 615,
    "aq": 4019,
    "n": 2460,
    "g": 2047,
    "k": 4031,
    "l": 1571,
    "dh": 5183,
    "dk": 5169,
    "bh": 3540,
    "bb": 392,
    "cu": 1021,
    "bl": 2009,
    "be": 4087,
    "aj": 8174,
    "ct": 153,
    "t": 0,
    "ca": 273,
    "bu": 197,
    "ap": 0,
    "j": 1583,
    "cj": 251,
    "at": 1004,
    "d": 4019,
    "e": 2009,
    "p": 2188,
    "aw": 511,
    "cx": 885,
    "di": 14,
    "av": 125,
    "de": 8317,
    "az": 395,
    "cn": 29,
    "c": 0,
    "s": 0,
    "cp": 98,
    "dn": 65486,
    "am": 7080,
    "al": 64441,
    "bc": 65143,
    "ac": 232,
    "cm": 127,
    "cq": 251,
    "cl": 31,
    "dq": 68,
    "y": 2009,
    "ch": 0,
    "bk": 0,
    "cz": 0,
    "cr": 98,
    "bx": 65339,
    "an": 0,
    "dd": 33270,
    "cb": 65262,
    "df": 4158,
    "do": 13388,
    "dp": 46590,
    "dl": 13437,
    "co": 65506,
    "i": 65071,
    "ax": 116,
    "cf": 0,
    "ce": 0,
    "ab": 1023,
    "v": 8038,
    "af": 2015,
    "dg": 1039,
    "r": 14160,
    "bn": 2009,
    "bt": 65477,
    "bi": 0,
    "w": 0,
    "ay": 65419,
    "bo": 502,
    "au": 502,
    "o": 16348,
}
[src/main.rs:169:9] uneval_exp_num = 215
[src/main.rs:170:9] &out_hash_map = {
    "h": 464,
    "bm": 0,
    "cv": 136,
    "ad": 65303,
    "cg": 1004,
    "bw": 196,
    "ds": 46522,
    "cy": 1,
    "u": 0,
    "cs": 65437,
    "ar": 0,
    "dm": 49,
    "ck": 125,
    "ak": 1094,
    "bv": 503,
    "cw": 65399,
    "b": 16076,
    "aa": 251,
    "ae": 791,
    "f": 502,
    "q": 63347,
    "bz": 2043,
    "db": 502,
    "ag": 785,
    "x": 8038,
    "bq": 62,
    "bf": 547,
    "cd": 0,
    "br": 255,
    "bg": 64988,
    "dw": 16635,
    "dc": 32768,
    "bp": 251,
    "ba": 1007,
    "bs": 58,
    "da": 1,
    "z": 1004,
    "cc": 1770,
    "ah": 64750,
    "du": 2,
    "ci": 1004,
    "m": 63964,
    "ao": 0,
    "ai": 1230,
    "as": 4019,
    "dj": 65521,
    "dr": 65467,
    "by": 307,
    "bj": 0,
    "bd": 615,
    "aq": 4019,
    "n": 2460,
    "g": 2047,
    "k": 4031,
    "l": 1571,
    "dh": 5183,
    "dk": 5169,
    "bh": 3540,
    "bb": 392,
    "cu": 1021,
    "bl": 2009,
    "be": 4087,
    "aj": 8174,
    "ct": 153,
    "t": 0,
    "ca": 273,
    "bu": 197,
    "ap": 0,
    "j": 1583,
    "cj": 251,
    "at": 1004,
    "d": 4019,
    "e": 2009,
    "p": 2188,
    "aw": 511,
    "cx": 885,
    "di": 14,
    "av": 125,
    "de": 8317,
    "az": 395,
    "cn": 29,
    "c": 0,
    "s": 0,
    "cp": 98,
    "dn": 65486,
    "am": 7080,
    "al": 64441,
    "bc": 65143,
    "ac": 232,
    "cm": 127,
    "cq": 251,
    "cl": 31,
    "dq": 68,
    "y": 2009,
    "ch": 0,
    "bk": 0,
    "cz": 0,
    "cr": 98,
    "bx": 65339,
    "an": 0,
    "dd": 33270,
    "cb": 65262,
    "df": 4158,
    "do": 13388,
    "dp": 46590,
    "dl": 13437,
    "co": 65506,
    "i": 65071,
    "ax": 116,
    "cf": 0,
    "ce": 0,
    "ab": 1023,
    "v": 8038,
    "af": 2015,
    "dg": 1039,
    "r": 14160,
    "bn": 2009,
    "bt": 65477,
    "bi": 0,
    "w": 0,
    "ay": 65419,
    "bo": 502,
    "au": 502,
    "o": 16348,
}
[src/main.rs:169:9] uneval_exp_num = 213
[src/main.rs:170:9] &out_hash_map = {
    "h": 464,
    "bm": 0,
    "cv": 136,
    "ad": 65303,
    "cg": 1004,
    "bw": 196,
    "ds": 46522,
    "cy": 1,
    "u": 0,
    "cs": 65437,
    "ar": 0,
    "dm": 49,
    "ck": 125,
    "ak": 1094,
    "bv": 503,
    "cw": 65399,
    "b": 16076,
    "aa": 251,
    "ae": 791,
    "f": 502,
    "q": 63347,
    "bz": 2043,
    "db": 502,
    "dt": 0,
    "ag": 785,
    "x": 8038,
    "bq": 62,
    "bf": 547,
    "cd": 0,
    "br": 255,
    "dv": 2,
    "bg": 64988,
    "dw": 16635,
    "dc": 32768,
    "bp": 251,
    "ba": 1007,
    "bs": 58,
    "da": 1,
    "z": 1004,
    "cc": 1770,
    "ah": 64750,
    "du": 2,
    "ci": 1004,
    "m": 63964,
    "ao": 0,
    "ai": 1230,
    "as": 4019,
    "dj": 65521,
    "dr": 65467,
    "by": 307,
    "bj": 0,
    "bd": 615,
    "aq": 4019,
    "n": 2460,
    "g": 2047,
    "k": 4031,
    "l": 1571,
    "dh": 5183,
    "dk": 5169,
    "bh": 3540,
    "bb": 392,
    "cu": 1021,
    "bl": 2009,
    "be": 4087,
    "aj": 8174,
    "ct": 153,
    "t": 0,
    "ca": 273,
    "bu": 197,
    "ap": 0,
    "j": 1583,
    "cj": 251,
    "at": 1004,
    "d": 4019,
    "e": 2009,
    "p": 2188,
    "aw": 511,
    "cx": 885,
    "di": 14,
    "av": 125,
    "de": 8317,
    "az": 395,
    "cn": 29,
    "c": 0,
    "s": 0,
    "cp": 98,
    "dn": 65486,
    "am": 7080,
    "al": 64441,
    "bc": 65143,
    "ac": 232,
    "cm": 127,
    "cq": 251,
    "cl": 31,
    "dq": 68,
    "y": 2009,
    "ch": 0,
    "bk": 0,
    "cz": 0,
    "cr": 98,
    "bx": 65339,
    "an": 0,
    "dd": 33270,
    "cb": 65262,
    "df": 4158,
    "do": 13388,
    "dp": 46590,
    "dl": 13437,
    "co": 65506,
    "i": 65071,
    "ax": 116,
    "cf": 0,
    "ce": 0,
    "ab": 1023,
    "v": 8038,
    "af": 2015,
    "dg": 1039,
    "r": 14160,
    "bn": 2009,
    "bt": 65477,
    "bi": 0,
    "w": 0,
    "ay": 65419,
    "bo": 502,
    "au": 502,
    "o": 16348,
}
[src/main.rs:169:9] uneval_exp_num = 210
[src/main.rs:170:9] &out_hash_map = {
    "h": 464,
    "bm": 0,
    "cv": 136,
    "ad": 65303,
    "cg": 1004,
    "bw": 196,
    "ds": 46522,
    "cy": 1,
    "dy": 16635,
    "dx": 0,
    "u": 0,
    "cs": 65437,
    "ar": 0,
    "dm": 49,
    "ck": 125,
    "ak": 1094,
    "bv": 503,
    "cw": 65399,
    "b": 16076,
    "aa": 251,
    "ae": 791,
    "f": 502,
    "q": 63347,
    "bz": 2043,
    "db": 502,
    "dt": 0,
    "ag": 785,
    "ep": 4,
    "x": 8038,
    "bq": 62,
    "bf": 547,
    "cd": 0,
    "br": 255,
    "dv": 2,
    "bg": 64988,
    "dw": 16635,
    "dc": 32768,
    "bp": 251,
    "ba": 1007,
    "bs": 58,
    "da": 1,
    "z": 1004,
    "cc": 1770,
    "ah": 64750,
    "du": 2,
    "ci": 1004,
    "m": 63964,
    "ao": 0,
    "ai": 1230,
    "as": 4019,
    "dj": 65521,
    "dr": 65467,
    "by": 307,
    "bj": 0,
    "bd": 615,
    "aq": 4019,
    "n": 2460,
    "g": 2047,
    "k": 4031,
    "l": 1571,
    "dh": 5183,
    "dk": 5169,
    "bh": 3540,
    "bb": 392,
    "cu": 1021,
    "bl": 2009,
    "be": 4087,
    "aj": 8174,
    "ct": 153,
    "t": 0,
    "ca": 273,
    "bu": 197,
    "ap": 0,
    "j": 1583,
    "cj": 251,
    "at": 1004,
    "d": 4019,
    "e": 2009,
    "p": 2188,
    "aw": 511,
    "cx": 885,
    "di": 14,
    "av": 125,
    "de": 8317,
    "az": 395,
    "cn": 29,
    "c": 0,
    "s": 0,
    "cp": 98,
    "dn": 65486,
    "am": 7080,
    "al": 64441,
    "bc": 65143,
    "ac": 232,
    "cm": 127,
    "cq": 251,
    "cl": 31,
    "dq": 68,
    "y": 2009,
    "ch": 0,
    "bk": 0,
    "cz": 0,
    "cr": 98,
    "bx": 65339,
    "an": 0,
    "dd": 33270,
    "cb": 65262,
    "df": 4158,
    "do": 13388,
    "dp": 46590,
    "dl": 13437,
    "co": 65506,
    "i": 65071,
    "ax": 116,
    "cf": 0,
    "ce": 0,
    "ab": 1023,
    "v": 8038,
    "af": 2015,
    "dg": 1039,
    "r": 14160,
    "bn": 2009,
    "bt": 65477,
    "bi": 0,
    "w": 0,
    "ay": 65419,
    "bo": 502,
    "au": 502,
    "o": 16348,
}
[src/main.rs:169:9] uneval_exp_num = 205
[src/main.rs:170:9] &out_hash_map = {
    "h": 464,
    "bm": 0,
    "cv": 136,
    "ad": 65303,
    "ec": 2591,
    "cg": 1004,
    "bw": 196,
    "ds": 46522,
    "cy": 1,
    "dy": 16635,
    "dx": 0,
    "u": 0,
    "cs": 65437,
    "ar": 0,
    "dm": 49,
    "ck": 125,
    "ak": 1094,
    "bv": 503,
    "cw": 65399,
    "b": 16076,
    "aa": 251,
    "ea": 2079,
    "ae": 791,
    "f": 502,
    "q": 63347,
    "bz": 2043,
    "db": 502,
    "dt": 0,
    "ag": 785,
    "ep": 4,
    "x": 8038,
    "bq": 62,
    "bf": 547,
    "cd": 0,
    "br": 255,
    "dv": 2,
    "bg": 64988,
    "dw": 16635,
    "dc": 32768,
    "bp": 251,
    "ba": 1007,
    "bs": 58,
    "da": 1,
    "z": 1004,
    "cc": 1770,
    "ah": 64750,
    "du": 2,
    "ci": 1004,
    "m": 63964,
    "ao": 0,
    "ai": 1230,
    "as": 4019,
    "dj": 65521,
    "dr": 65467,
    "by": 307,
    "bj": 0,
    "bd": 615,
    "aq": 4019,
    "n": 2460,
    "g": 2047,
    "k": 4031,
    "l": 1571,
    "dh": 5183,
    "dk": 5169,
    "bh": 3540,
    "bb": 392,
    "cu": 1021,
    "bl": 2009,
    "be": 4087,
    "aj": 8174,
    "ct": 153,
    "t": 0,
    "ca": 273,
    "bu": 197,
    "ap": 0,
    "j": 1583,
    "cj": 251,
    "at": 1004,
    "d": 4019,
    "e": 2009,
    "p": 2188,
    "aw": 511,
    "cx": 885,
    "di": 14,
    "av": 125,
    "de": 8317,
    "az": 395,
    "cn": 29,
    "c": 0,
    "s": 0,
    "cp": 98,
    "dz": 4158,
    "dn": 65486,
    "am": 7080,
    "al": 64441,
    "bc": 65143,
    "ac": 232,
    "cm": 127,
    "cq": 251,
    "cl": 31,
    "dq": 68,
    "y": 2009,
    "ch": 0,
    "bk": 0,
    "cz": 0,
    "cr": 98,
    "bx": 65339,
    "an": 0,
    "dd": 33270,
    "cb": 65262,
    "df": 4158,
    "do": 13388,
    "dp": 46590,
    "dl": 13437,
    "co": 65506,
    "i": 65071,
    "ax": 116,
    "cf": 0,
    "ce": 0,
    "ab": 1023,
    "v": 8038,
    "af": 2015,
    "dg": 1039,
    "r": 14160,
    "bn": 2009,
    "bt": 65477,
    "bi": 0,
    "w": 0,
    "ay": 65419,
    "bo": 502,
    "eb": 519,
    "au": 502,
    "o": 16348,
    "er": 8317,
}
[src/main.rs:169:9] uneval_exp_num = 203
[src/main.rs:170:9] &out_hash_map = {
    "h": 464,
    "bm": 0,
    "cv": 136,
    "ad": 65303,
    "ec": 2591,
    "cg": 1004,
    "bw": 196,
    "ds": 46522,
    "cy": 1,
    "dy": 16635,
    "dx": 0,
    "u": 0,
    "cs": 65437,
    "ar": 0,
    "dm": 49,
    "ck": 125,
    "ak": 1094,
    "bv": 503,
    "cw": 65399,
    "b": 16076,
    "aa": 251,
    "ea": 2079,
    "ae": 791,
    "f": 502,
    "q": 63347,
    "bz": 2043,
    "db": 502,
    "dt": 0,
    "ag": 785,
    "ep": 4,
    "x": 8038,
    "bq": 62,
    "bf": 547,
    "cd": 0,
    "br": 255,
    "dv": 2,
    "bg": 64988,
    "dw": 16635,
    "dc": 32768,
    "bp": 251,
    "ba": 1007,
    "bs": 58,
    "da": 1,
    "z": 1004,
    "cc": 1770,
    "ah": 64750,
    "du": 2,
    "ci": 1004,
    "m": 63964,
    "ao": 0,
    "ai": 1230,
    "as": 4019,
    "dj": 65521,
    "dr": 65467,
    "by": 307,
    "bj": 0,
    "bd": 615,
    "ee": 65528,
    "aq": 4019,
    "n": 2460,
    "g": 2047,
    "k": 4031,
    "l": 1571,
    "dh": 5183,
    "dk": 5169,
    "bh": 3540,
    "bb": 392,
    "cu": 1021,
    "bl": 2009,
    "be": 4087,
    "aj": 8174,
    "ct": 153,
    "t": 0,
    "ca": 273,
    "bu": 197,
    "ap": 0,
    "j": 1583,
    "cj": 251,
    "ed": 7,
    "at": 1004,
    "d": 4019,
    "e": 2009,
    "p": 2188,
    "aw": 511,
    "cx": 885,
    "di": 14,
    "av": 125,
    "de": 8317,
    "az": 395,
    "cn": 29,
    "c": 0,
    "s": 0,
    "cp": 98,
    "dz": 4158,
    "dn": 65486,
    "am": 7080,
    "al": 64441,
    "bc": 65143,
    "ac": 232,
    "cm": 127,
    "cq": 251,
    "cl": 31,
    "dq": 68,
    "y": 2009,
    "ch": 0,
    "bk": 0,
    "cz": 0,
    "cr": 98,
    "bx": 65339,
    "an": 0,
    "dd": 33270,
    "cb": 65262,
    "df": 4158,
    "do": 13388,
    "dp": 46590,
    "dl": 13437,
    "co": 65506,
    "i": 65071,
    "ax": 116,
    "cf": 0,
    "ce": 0,
    "ab": 1023,
    "v": 8038,
    "af": 2015,
    "dg": 1039,
    "r": 14160,
    "bn": 2009,
    "bt": 65477,
    "bi": 0,
    "w": 0,
    "ay": 65419,
    "bo": 502,
    "eb": 519,
    "au": 502,
    "o": 16348,
    "er": 8317,
}
[src/main.rs:169:9] uneval_exp_num = 200
[src/main.rs:170:9] &out_hash_map = {
    "h": 464,
    "bm": 0,
    "cv": 136,
    "ad": 65303,
    "ec": 2591,
    "cg": 1004,
    "bw": 196,
    "ds": 46522,
    "cy": 1,
    "dy": 16635,
    "dx": 0,
    "u": 0,
    "cs": 65437,
    "ar": 0,
    "dm": 49,
    "ck": 125,
    "ak": 1094,
    "bv": 503,
    "cw": 65399,
    "b": 16076,
    "aa": 251,
    "ea": 2079,
    "ae": 791,
    "f": 502,
    "q": 63347,
    "bz": 2043,
    "db": 502,
    "ef": 2584,
    "dt": 0,
    "ag": 785,
    "ep": 4,
    "x": 8038,
    "bq": 62,
    "bf": 547,
    "cd": 0,
    "br": 255,
    "dv": 2,
    "bg": 64988,
    "dw": 16635,
    "dc": 32768,
    "bp": 251,
    "ba": 1007,
    "bs": 58,
    "da": 1,
    "z": 1004,
    "cc": 1770,
    "ah": 64750,
    "du": 2,
    "ci": 1004,
    "m": 63964,
    "ao": 0,
    "ai": 1230,
    "as": 4019,
    "dj": 65521,
    "dr": 65467,
    "by": 307,
    "bj": 0,
    "bd": 615,
    "ee": 65528,
    "aq": 4019,
    "n": 2460,
    "g": 2047,
    "k": 4031,
    "l": 1571,
    "dh": 5183,
    "dk": 5169,
    "bh": 3540,
    "bb": 392,
    "cu": 1021,
    "bl": 2009,
    "be": 4087,
    "aj": 8174,
    "ct": 153,
    "t": 0,
    "ca": 273,
    "bu": 197,
    "ap": 0,
    "j": 1583,
    "cj": 251,
    "ed": 7,
    "at": 1004,
    "d": 4019,
    "e": 2009,
    "p": 2188,
    "aw": 511,
    "cx": 885,
    "di": 14,
    "av": 125,
    "de": 8317,
    "az": 395,
    "cn": 29,
    "c": 0,
    "s": 0,
    "cp": 98,
    "dz": 4158,
    "dn": 65486,
    "am": 7080,
    "al": 64441,
    "bc": 65143,
    "ac": 232,
    "cm": 127,
    "cq": 251,
    "cl": 31,
    "dq": 68,
    "y": 2009,
    "ch": 0,
    "bk": 0,
    "cz": 0,
    "cr": 98,
    "bx": 65339,
    "an": 0,
    "dd": 33270,
    "cb": 65262,
    "df": 4158,
    "do": 13388,
    "dp": 46590,
    "dl": 13437,
    "eh": 24,
    "co": 65506,
    "i": 65071,
    "ax": 116,
    "ei": 65511,
    "cf": 0,
    "ce": 0,
    "ab": 1023,
    "v": 8038,
    "af": 2015,
    "dg": 1039,
    "r": 14160,
    "bn": 2009,
    "bt": 65477,
    "bi": 0,
    "w": 0,
    "ay": 65419,
    "bo": 502,
    "eb": 519,
    "au": 502,
    "o": 16348,
    "er": 8317,
}
[src/main.rs:169:9] uneval_exp_num = 197
[src/main.rs:170:9] &out_hash_map = {
    "h": 464,
    "bm": 0,
    "cv": 136,
    "ad": 65303,
    "ec": 2591,
    "cg": 1004,
    "bw": 196,
    "ds": 46522,
    "cy": 1,
    "dy": 16635,
    "dx": 0,
    "u": 0,
    "cs": 65437,
    "ar": 0,
    "dm": 49,
    "el": 34,
    "ck": 125,
    "ak": 1094,
    "bv": 503,
    "cw": 65399,
    "b": 16076,
    "aa": 251,
    "ea": 2079,
    "ae": 791,
    "f": 502,
    "q": 63347,
    "bz": 2043,
    "db": 502,
    "ef": 2584,
    "dt": 0,
    "ag": 785,
    "ep": 4,
    "x": 8038,
    "bq": 62,
    "bf": 547,
    "cd": 0,
    "br": 255,
    "dv": 2,
    "bg": 64988,
    "dw": 16635,
    "dc": 32768,
    "bp": 251,
    "ba": 1007,
    "bs": 58,
    "da": 1,
    "z": 1004,
    "cc": 1770,
    "ah": 64750,
    "du": 2,
    "ci": 1004,
    "m": 63964,
    "ao": 0,
    "ai": 1230,
    "as": 4019,
    "dj": 65521,
    "dr": 65467,
    "by": 307,
    "bj": 0,
    "bd": 615,
    "ee": 65528,
    "aq": 4019,
    "n": 2460,
    "g": 2047,
    "k": 4031,
    "l": 1571,
    "dh": 5183,
    "dk": 5169,
    "bh": 3540,
    "bb": 392,
    "cu": 1021,
    "bl": 2009,
    "be": 4087,
    "aj": 8174,
    "ct": 153,
    "t": 0,
    "ca": 273,
    "bu": 197,
    "ap": 0,
    "j": 1583,
    "cj": 251,
    "ed": 7,
    "at": 1004,
    "d": 4019,
    "e": 2009,
    "p": 2188,
    "aw": 511,
    "cx": 885,
    "di": 14,
    "av": 125,
    "de": 8317,
    "az": 395,
    "cn": 29,
    "c": 0,
    "s": 0,
    "cp": 98,
    "dz": 4158,
    "dn": 65486,
    "am": 7080,
    "al": 64441,
    "bc": 65143,
    "ac": 232,
    "cm": 127,
    "cq": 251,
    "cl": 31,
    "dq": 68,
    "y": 2009,
    "ch": 0,
    "bk": 0,
    "cz": 0,
    "cr": 98,
    "bx": 65339,
    "an": 0,
    "dd": 33270,
    "cb": 65262,
    "df": 4158,
    "do": 13388,
    "dp": 46590,
    "dl": 13437,
    "eh": 24,
    "co": 65506,
    "i": 65071,
    "ax": 116,
    "ei": 65511,
    "cf": 0,
    "ce": 0,
    "ab": 1023,
    "v": 8038,
    "af": 2015,
    "ej": 6694,
    "dg": 1039,
    "r": 14160,
    "bn": 2009,
    "bt": 65477,
    "eg": 6718,
    "bi": 0,
    "w": 0,
    "ay": 65419,
    "bo": 502,
    "eb": 519,
    "au": 502,
    "o": 16348,
    "er": 8317,
}
[src/main.rs:169:9] uneval_exp_num = 194
[src/main.rs:170:9] &out_hash_map = {
    "h": 464,
    "bm": 0,
    "cv": 136,
    "ad": 65303,
    "ec": 2591,
    "cg": 1004,
    "bw": 196,
    "ds": 46522,
    "cy": 1,
    "dy": 16635,
    "dx": 0,
    "u": 0,
    "cs": 65437,
    "ar": 0,
    "dm": 49,
    "el": 34,
    "ck": 125,
    "ak": 1094,
    "bv": 503,
    "cw": 65399,
    "b": 16076,
    "aa": 251,
    "ea": 2079,
    "ae": 791,
    "f": 502,
    "q": 63347,
    "bz": 2043,
    "db": 502,
    "ef": 2584,
    "dt": 0,
    "em": 65501,
    "ag": 785,
    "ep": 4,
    "x": 8038,
    "bq": 62,
    "bf": 547,
    "cd": 0,
    "br": 255,
    "dv": 2,
    "bg": 64988,
    "dw": 16635,
    "dc": 32768,
    "bp": 251,
    "ba": 1007,
    "bs": 58,
    "da": 1,
    "ek": 23295,
    "z": 1004,
    "cc": 1770,
    "ah": 64750,
    "du": 2,
    "ci": 1004,
    "m": 63964,
    "ao": 0,
    "ai": 1230,
    "as": 4019,
    "en": 23261,
    "dj": 65521,
    "dr": 65467,
    "by": 307,
    "bj": 0,
    "bd": 615,
    "ee": 65528,
    "aq": 4019,
    "n": 2460,
    "g": 2047,
    "k": 4031,
    "l": 1571,
    "dh": 5183,
    "dk": 5169,
    "bh": 3540,
    "bb": 392,
    "cu": 1021,
    "bl": 2009,
    "be": 4087,
    "aj": 8174,
    "ct": 153,
    "t": 0,
    "ca": 273,
    "bu": 197,
    "ap": 0,
    "j": 1583,
    "cj": 251,
    "ed": 7,
    "at": 1004,
    "d": 4019,
    "e": 2009,
    "p": 2188,
    "aw": 511,
    "cx": 885,
    "di": 14,
    "av": 125,
    "de": 8317,
    "az": 395,
    "cn": 29,
    "c": 0,
    "s": 0,
    "cp": 98,
    "dz": 4158,
    "dn": 65486,
    "am": 7080,
    "al": 64441,
    "bc": 65143,
    "ac": 232,
    "cm": 127,
    "cq": 251,
    "cl": 31,
    "dq": 68,
    "y": 2009,
    "ch": 0,
    "bk": 0,
    "cz": 0,
    "cr": 98,
    "bx": 65339,
    "an": 0,
    "dd": 33270,
    "cb": 65262,
    "df": 4158,
    "do": 13388,
    "dp": 46590,
    "dl": 13437,
    "eh": 24,
    "co": 65506,
    "i": 65071,
    "ax": 116,
    "ei": 65511,
    "cf": 0,
    "ce": 0,
    "ab": 1023,
    "v": 8038,
    "af": 2015,
    "ej": 6694,
    "dg": 1039,
    "r": 14160,
    "bn": 2009,
    "bt": 65477,
    "eg": 6718,
    "bi": 0,
    "w": 0,
    "ay": 65419,
    "bo": 502,
    "eb": 519,
    "au": 502,
    "o": 16348,
    "er": 8317,
}
[src/main.rs:169:9] uneval_exp_num = 192
[src/main.rs:170:9] &out_hash_map = {
    "h": 464,
    "bm": 0,
    "cv": 136,
    "ad": 65303,
    "ec": 2591,
    "cg": 1004,
    "bw": 196,
    "ds": 46522,
    "cy": 1,
    "dy": 16635,
    "dx": 0,
    "u": 0,
    "cs": 65437,
    "ar": 0,
    "dm": 49,
    "el": 34,
    "ck": 125,
    "ak": 1094,
    "bv": 503,
    "cw": 65399,
    "b": 16076,
    "aa": 251,
    "ea": 2079,
    "ae": 791,
    "f": 502,
    "q": 63347,
    "bz": 2043,
    "db": 502,
    "ef": 2584,
    "dt": 0,
    "em": 65501,
    "ag": 785,
    "ep": 4,
    "x": 8038,
    "bq": 62,
    "bf": 547,
    "cd": 0,
    "br": 255,
    "dv": 2,
    "bg": 64988,
    "dw": 16635,
    "dc": 32768,
    "bp": 251,
    "ba": 1007,
    "bs": 58,
    "da": 1,
    "ek": 23295,
    "z": 1004,
    "cc": 1770,
    "ah": 64750,
    "du": 2,
    "ci": 1004,
    "m": 63964,
    "ao": 0,
    "ai": 1230,
    "as": 4019,
    "en": 23261,
    "dj": 65521,
    "dr": 65467,
    "by": 307,
    "bj": 0,
    "bd": 615,
    "ee": 65528,
    "aq": 4019,
    "n": 2460,
    "eq": 5,
    "g": 2047,
    "k": 4031,
    "l": 1571,
    "dh": 5183,
    "dk": 5169,
    "bh": 3540,
    "bb": 392,
    "cu": 1021,
    "bl": 2009,
    "be": 4087,
    "aj": 8174,
    "ct": 153,
    "t": 0,
    "ca": 273,
    "bu": 197,
    "ap": 0,
    "j": 1583,
    "cj": 251,
    "ed": 7,
    "at": 1004,
    "d": 4019,
    "e": 2009,
    "p": 2188,
    "aw": 511,
    "cx": 885,
    "di": 14,
    "av": 125,
    "de": 8317,
    "az": 395,
    "cn": 29,
    "c": 0,
    "s": 0,
    "cp": 98,
    "dz": 4158,
    "dn": 65486,
    "am": 7080,
    "al": 64441,
    "bc": 65143,
    "ac": 232,
    "cm": 127,
    "cq": 251,
    "cl": 31,
    "dq": 68,
    "y": 2009,
    "ch": 0,
    "bk": 0,
    "cz": 0,
    "cr": 98,
    "bx": 65339,
    "an": 0,
    "dd": 33270,
    "cb": 65262,
    "df": 4158,
    "do": 13388,
    "dp": 46590,
    "dl": 13437,
    "eh": 24,
    "co": 65506,
    "i": 65071,
    "ax": 116,
    "ei": 65511,
    "cf": 0,
    "ce": 0,
    "ab": 1023,
    "v": 8038,
    "af": 2015,
    "ej": 6694,
    "dg": 1039,
    "r": 14160,
    "bn": 2009,
    "bt": 65477,
    "eg": 6718,
    "bi": 0,
    "eo": 1,
    "w": 0,
    "ay": 65419,
    "bo": 502,
    "eb": 519,
    "au": 502,
    "o": 16348,
    "er": 8317,
}
[src/main.rs:169:9] uneval_exp_num = 185
[src/main.rs:170:9] &out_hash_map = {
    "h": 464,
    "bm": 0,
    "cv": 136,
    "ad": 65303,
    "ec": 2591,
    "cg": 1004,
    "bw": 196,
    "ds": 46522,
    "cy": 1,
    "dy": 16635,
    "dx": 0,
    "u": 0,
    "cs": 65437,
    "ar": 0,
    "dm": 49,
    "el": 34,
    "ck": 125,
    "ak": 1094,
    "bv": 503,
    "cw": 65399,
    "b": 16076,
    "aa": 251,
    "ea": 2079,
    "ae": 791,
    "f": 502,
    "q": 63347,
    "bz": 2043,
    "db": 502,
    "ef": 2584,
    "dt": 0,
    "em": 65501,
    "ag": 785,
    "ep": 4,
    "x": 8038,
    "bq": 62,
    "bf": 547,
    "cd": 0,
    "br": 255,
    "dv": 2,
    "bg": 64988,
    "dw": 16635,
    "dc": 32768,
    "bp": 251,
    "ba": 1007,
    "bs": 58,
    "da": 1,
    "ek": 23295,
    "z": 1004,
    "cc": 1770,
    "ah": 64750,
    "du": 2,
    "ci": 1004,
    "m": 63964,
    "ao": 0,
    "ai": 1230,
    "as": 4019,
    "en": 23261,
    "dj": 65521,
    "dr": 65467,
    "by": 307,
    "bj": 0,
    "es": 32768,
    "bd": 615,
    "ee": 65528,
    "ey": 1027,
    "aq": 4019,
    "n": 2460,
    "eq": 5,
    "g": 2047,
    "k": 4031,
    "l": 1571,
    "dh": 5183,
    "dk": 5169,
    "bh": 3540,
    "bb": 392,
    "cu": 1021,
    "bl": 2009,
    "be": 4087,
    "aj": 8174,
    "ct": 153,
    "t": 0,
    "ca": 273,
    "bu": 197,
    "ap": 0,
    "j": 1583,
    "cj": 251,
    "ed": 7,
    "at": 1004,
    "d": 4019,
    "e": 2009,
    "p": 2188,
    "aw": 511,
    "cx": 885,
    "di": 14,
    "av": 125,
    "de": 8317,
    "az": 395,
    "cn": 29,
    "c": 0,
    "s": 0,
    "cp": 98,
    "dz": 4158,
    "dn": 65486,
    "am": 7080,
    "al": 64441,
    "bc": 65143,
    "ac": 232,
    "cm": 127,
    "cq": 251,
    "cl": 31,
    "dq": 68,
    "y": 2009,
    "ch": 0,
    "bk": 0,
    "cz": 0,
    "cr": 98,
    "bx": 65339,
    "an": 0,
    "dd": 33270,
    "cb": 65262,
    "df": 4158,
    "do": 13388,
    "dp": 46590,
    "dl": 13437,
    "eh": 24,
    "co": 65506,
    "et": 41085,
    "i": 65071,
    "ax": 116,
    "ei": 65511,
    "ew": 1283,
    "cf": 0,
    "ce": 0,
    "ab": 1023,
    "v": 8038,
    "af": 2015,
    "ej": 6694,
    "fk": 10,
    "dg": 1039,
    "r": 14160,
    "bn": 2009,
    "bt": 65477,
    "eg": 6718,
    "bi": 0,
    "eo": 1,
    "w": 0,
    "ay": 65419,
    "bo": 502,
    "eb": 519,
    "ev": 5135,
    "au": 502,
    "ex": 5391,
    "o": 16348,
    "er": 8317,
}
[src/main.rs:169:9] uneval_exp_num = 181
[src/main.rs:170:9] &out_hash_map = {
    "h": 464,
    "bm": 0,
    "fa": 4364,
    "cv": 136,
    "ad": 65303,
    "ec": 2591,
    "cg": 1004,
    "bw": 196,
    "ds": 46522,
    "cy": 1,
    "dy": 16635,
    "dx": 0,
    "u": 0,
    "ez": 64508,
    "cs": 65437,
    "ar": 0,
    "dm": 49,
    "el": 34,
    "ck": 125,
    "ak": 1094,
    "bv": 503,
    "cw": 65399,
    "b": 16076,
    "aa": 251,
    "ea": 2079,
    "ae": 791,
    "f": 502,
    "q": 63347,
    "bz": 2043,
    "db": 502,
    "ef": 2584,
    "dt": 0,
    "em": 65501,
    "ag": 785,
    "ep": 4,
    "x": 8038,
    "bq": 62,
    "bf": 547,
    "eu": 10271,
    "cd": 0,
    "br": 255,
    "dv": 2,
    "bg": 64988,
    "dw": 16635,
    "dc": 32768,
    "bp": 251,
    "fm": 20542,
    "ba": 1007,
    "bs": 58,
    "da": 1,
    "ek": 23295,
    "z": 1004,
    "cc": 1770,
    "ah": 64750,
    "du": 2,
    "ci": 1004,
    "m": 63964,
    "ao": 0,
    "ai": 1230,
    "as": 4019,
    "en": 23261,
    "dj": 65521,
    "dr": 65467,
    "by": 307,
    "bj": 0,
    "es": 32768,
    "bd": 615,
    "ee": 65528,
    "ey": 1027,
    "aq": 4019,
    "n": 2460,
    "eq": 5,
    "g": 2047,
    "k": 4031,
    "l": 1571,
    "dh": 5183,
    "dk": 5169,
    "bh": 3540,
    "bb": 392,
    "cu": 1021,
    "bl": 2009,
    "be": 4087,
    "aj": 8174,
    "ct": 153,
    "t": 0,
    "ca": 273,
    "bu": 197,
    "ap": 0,
    "j": 1583,
    "cj": 251,
    "ed": 7,
    "at": 1004,
    "d": 4019,
    "e": 2009,
    "p": 2188,
    "aw": 511,
    "cx": 885,
    "di": 14,
    "av": 125,
    "de": 8317,
    "az": 395,
    "cn": 29,
    "c": 0,
    "s": 0,
    "cp": 98,
    "dz": 4158,
    "dn": 65486,
    "am": 7080,
    "al": 64441,
    "bc": 65143,
    "ac": 232,
    "cm": 127,
    "cq": 251,
    "cl": 31,
    "dq": 68,
    "y": 2009,
    "ch": 0,
    "bk": 0,
    "cz": 0,
    "cr": 98,
    "bx": 65339,
    "an": 0,
    "dd": 33270,
    "cb": 65262,
    "df": 4158,
    "do": 13388,
    "dp": 46590,
    "dl": 13437,
    "eh": 24,
    "co": 65506,
    "et": 41085,
    "i": 65071,
    "ax": 116,
    "ei": 65511,
    "ew": 1283,
    "cf": 0,
    "ce": 0,
    "ab": 1023,
    "v": 8038,
    "af": 2015,
    "ej": 6694,
    "fk": 10,
    "dg": 1039,
    "r": 14160,
    "bn": 2009,
    "bt": 65477,
    "eg": 6718,
    "bi": 0,
    "eo": 1,
    "w": 0,
    "ay": 65419,
    "bo": 502,
    "eb": 519,
    "ev": 5135,
    "au": 502,
    "ex": 5391,
    "o": 16348,
    "er": 8317,
}
[src/main.rs:169:9] uneval_exp_num = 177
[src/main.rs:170:9] &out_hash_map = {
    "h": 464,
    "bm": 0,
    "fa": 4364,
    "cv": 136,
    "ad": 65303,
    "ec": 2591,
    "cg": 1004,
    "bw": 196,
    "ds": 46522,
    "cy": 1,
    "dy": 16635,
    "dx": 0,
    "u": 0,
    "ez": 64508,
    "cs": 65437,
    "fc": 12,
    "ar": 0,
    "dm": 49,
    "el": 34,
    "ck": 125,
    "ak": 1094,
    "bv": 503,
    "cw": 65399,
    "b": 16076,
    "aa": 251,
    "ea": 2079,
    "ae": 791,
    "f": 502,
    "q": 63347,
    "bz": 2043,
    "db": 502,
    "ef": 2584,
    "dt": 0,
    "em": 65501,
    "ag": 785,
    "ep": 4,
    "x": 8038,
    "bq": 62,
    "bf": 547,
    "fb": 14623,
    "eu": 10271,
    "cd": 0,
    "br": 255,
    "dv": 2,
    "bg": 64988,
    "dw": 16635,
    "dc": 32768,
    "bp": 251,
    "fm": 20542,
    "ba": 1007,
    "bs": 58,
    "da": 1,
    "ek": 23295,
    "z": 1004,
    "cc": 1770,
    "ah": 64750,
    "du": 2,
    "ci": 1004,
    "m": 63964,
    "ao": 0,
    "ai": 1230,
    "as": 4019,
    "en": 23261,
    "dj": 65521,
    "dr": 65467,
    "by": 307,
    "bj": 0,
    "es": 32768,
    "bd": 615,
    "ee": 65528,
    "ey": 1027,
    "aq": 4019,
    "n": 2460,
    "eq": 5,
    "g": 2047,
    "k": 4031,
    "l": 1571,
    "dh": 5183,
    "dk": 5169,
    "bh": 3540,
    "bb": 392,
    "cu": 1021,
    "bl": 2009,
    "be": 4087,
    "aj": 8174,
    "ct": 153,
    "t": 0,
    "ca": 273,
    "bu": 197,
    "ap": 0,
    "j": 1583,
    "cj": 251,
    "ed": 7,
    "at": 1004,
    "d": 4019,
    "e": 2009,
    "p": 2188,
    "aw": 511,
    "cx": 885,
    "di": 14,
    "av": 125,
    "de": 8317,
    "az": 395,
    "cn": 29,
    "c": 0,
    "s": 0,
    "cp": 98,
    "dz": 4158,
    "fd": 65523,
    "dn": 65486,
    "am": 7080,
    "al": 64441,
    "bc": 65143,
    "ac": 232,
    "cm": 127,
    "cq": 251,
    "cl": 31,
    "dq": 68,
    "y": 2009,
    "ch": 0,
    "bk": 0,
    "cz": 0,
    "cr": 98,
    "bx": 65339,
    "an": 0,
    "dd": 33270,
    "cb": 65262,
    "df": 4158,
    "do": 13388,
    "dp": 46590,
    "dl": 13437,
    "eh": 24,
    "co": 65506,
    "et": 41085,
    "i": 65071,
    "ax": 116,
    "ei": 65511,
    "ew": 1283,
    "cf": 0,
    "ce": 0,
    "ab": 1023,
    "v": 8038,
    "af": 2015,
    "ej": 6694,
    "fk": 10,
    "dg": 1039,
    "r": 14160,
    "bn": 2009,
    "bt": 65477,
    "eg": 6718,
    "fe": 14611,
    "bi": 0,
    "eo": 1,
    "w": 0,
    "ay": 65419,
    "bo": 502,
    "eb": 519,
    "ev": 5135,
    "au": 502,
    "ex": 5391,
    "o": 16348,
    "er": 8317,
}
[src/main.rs:169:9] uneval_exp_num = 173
[src/main.rs:170:9] &out_hash_map = {
    "h": 464,
    "bm": 0,
    "fa": 4364,
    "cv": 136,
    "ad": 65303,
    "ec": 2591,
    "cg": 1004,
    "bw": 196,
    "ds": 46522,
    "cy": 1,
    "dy": 16635,
    "fh": 57326,
    "dx": 0,
    "u": 0,
    "ez": 64508,
    "cs": 65437,
    "fc": 12,
    "ar": 0,
    "dm": 49,
    "el": 34,
    "ck": 125,
    "ak": 1094,
    "bv": 503,
    "cw": 65399,
    "b": 16076,
    "aa": 251,
    "ea": 2079,
    "ae": 791,
    "f": 502,
    "q": 63347,
    "bz": 2043,
    "db": 502,
    "ef": 2584,
    "dt": 0,
    "em": 65501,
    "ag": 785,
    "ep": 4,
    "x": 8038,
    "bq": 62,
    "bf": 547,
    "fb": 14623,
    "eu": 10271,
    "cd": 0,
    "br": 255,
    "dv": 2,
    "bg": 64988,
    "fg": 8209,
    "dw": 16635,
    "dc": 32768,
    "bp": 251,
    "fm": 20542,
    "ba": 1007,
    "bs": 58,
    "ff": 47487,
    "da": 1,
    "ek": 23295,
    "z": 1004,
    "cc": 1770,
    "ah": 64750,
    "du": 2,
    "ci": 1004,
    "m": 63964,
    "ao": 0,
    "ai": 1230,
    "as": 4019,
    "en": 23261,
    "dj": 65521,
    "dr": 65467,
    "by": 307,
    "bj": 0,
    "es": 32768,
    "bd": 615,
    "ee": 65528,
    "ey": 1027,
    "aq": 4019,
    "n": 2460,
    "eq": 5,
    "g": 2047,
    "k": 4031,
    "l": 1571,
    "dh": 5183,
    "dk": 5169,
    "bh": 3540,
    "bb": 392,
    "cu": 1021,
    "bl": 2009,
    "be": 4087,
    "aj": 8174,
    "ct": 153,
    "t": 0,
    "ca": 273,
    "bu": 197,
    "ap": 0,
    "j": 1583,
    "cj": 251,
    "ed": 7,
    "at": 1004,
    "d": 4019,
    "e": 2009,
    "p": 2188,
    "aw": 511,
    "cx": 885,
    "di": 14,
    "av": 125,
    "de": 8317,
    "az": 395,
    "cn": 29,
    "c": 0,
    "s": 0,
    "cp": 98,
    "dz": 4158,
    "fd": 65523,
    "fi": 39278,
    "dn": 65486,
    "am": 7080,
    "al": 64441,
    "bc": 65143,
    "ac": 232,
    "cm": 127,
    "cq": 251,
    "cl": 31,
    "dq": 68,
    "y": 2009,
    "ch": 0,
    "bk": 0,
    "cz": 0,
    "cr": 98,
    "bx": 65339,
    "an": 0,
    "dd": 33270,
    "cb": 65262,
    "df": 4158,
    "do": 13388,
    "dp": 46590,
    "dl": 13437,
    "eh": 24,
    "co": 65506,
    "et": 41085,
    "i": 65071,
    "ax": 116,
    "ei": 65511,
    "ew": 1283,
    "cf": 0,
    "ce": 0,
    "ab": 1023,
    "v": 8038,
    "af": 2015,
    "ej": 6694,
    "fk": 10,
    "dg": 1039,
    "r": 14160,
    "bn": 2009,
    "bt": 65477,
    "eg": 6718,
    "fe": 14611,
    "bi": 0,
    "eo": 1,
    "w": 0,
    "ay": 65419,
    "bo": 502,
    "eb": 519,
    "ev": 5135,
    "au": 502,
    "ex": 5391,
    "o": 16348,
    "er": 8317,
}
[src/main.rs:169:9] uneval_exp_num = 171
[src/main.rs:170:9] &out_hash_map = {
    "h": 464,
    "bm": 0,
    "fa": 4364,
    "cv": 136,
    "ad": 65303,
    "ec": 2591,
    "cg": 1004,
    "bw": 196,
    "ds": 46522,
    "cy": 1,
    "dy": 16635,
    "fh": 57326,
    "dx": 0,
    "u": 0,
    "ez": 64508,
    "cs": 65437,
    "fc": 12,
    "ar": 0,
    "dm": 49,
    "el": 34,
    "ck": 125,
    "ak": 1094,
    "bv": 503,
    "cw": 65399,
    "b": 16076,
    "aa": 251,
    "ea": 2079,
    "ae": 791,
    "f": 502,
    "q": 63347,
    "bz": 2043,
    "db": 502,
    "ef": 2584,
    "dt": 0,
    "em": 65501,
    "ag": 785,
    "ep": 4,
    "x": 8038,
    "bq": 62,
    "bf": 547,
    "fb": 14623,
    "eu": 10271,
    "cd": 0,
    "br": 255,
    "dv": 2,
    "bg": 64988,
    "fg": 8209,
    "dw": 16635,
    "fl": 10,
    "dc": 32768,
    "bp": 251,
    "fm": 20542,
    "ba": 1007,
    "bs": 58,
    "ff": 47487,
    "da": 1,
    "ek": 23295,
    "z": 1004,
    "cc": 1770,
    "ah": 64750,
    "du": 2,
    "ci": 1004,
    "fj": 0,
    "m": 63964,
    "ao": 0,
    "ai": 1230,
    "as": 4019,
    "en": 23261,
    "dj": 65521,
    "dr": 65467,
    "by": 307,
    "bj": 0,
    "es": 32768,
    "bd": 615,
    "ee": 65528,
    "ey": 1027,
    "aq": 4019,
    "n": 2460,
    "eq": 5,
    "g": 2047,
    "k": 4031,
    "l": 1571,
    "dh": 5183,
    "dk": 5169,
    "bh": 3540,
    "bb": 392,
    "cu": 1021,
    "bl": 2009,
    "be": 4087,
    "aj": 8174,
    "ct": 153,
    "t": 0,
    "ca": 273,
    "bu": 197,
    "ap": 0,
    "j": 1583,
    "cj": 251,
    "ed": 7,
    "at": 1004,
    "d": 4019,
    "e": 2009,
    "p": 2188,
    "aw": 511,
    "cx": 885,
    "di": 14,
    "av": 125,
    "de": 8317,
    "az": 395,
    "cn": 29,
    "c": 0,
    "s": 0,
    "cp": 98,
    "dz": 4158,
    "fd": 65523,
    "fi": 39278,
    "dn": 65486,
    "am": 7080,
    "al": 64441,
    "bc": 65143,
    "ac": 232,
    "cm": 127,
    "cq": 251,
    "cl": 31,
    "dq": 68,
    "y": 2009,
    "ch": 0,
    "bk": 0,
    "cz": 0,
    "cr": 98,
    "bx": 65339,
    "an": 0,
    "dd": 33270,
    "cb": 65262,
    "df": 4158,
    "do": 13388,
    "dp": 46590,
    "dl": 13437,
    "eh": 24,
    "co": 65506,
    "et": 41085,
    "i": 65071,
    "ax": 116,
    "ei": 65511,
    "ew": 1283,
    "cf": 0,
    "ce": 0,
    "ab": 1023,
    "v": 8038,
    "af": 2015,
    "ej": 6694,
    "fk": 10,
    "dg": 1039,
    "r": 14160,
    "bn": 2009,
    "bt": 65477,
    "eg": 6718,
    "fe": 14611,
    "bi": 0,
    "eo": 1,
    "w": 0,
    "ay": 65419,
    "bo": 502,
    "eb": 519,
    "ev": 5135,
    "au": 502,
    "ex": 5391,
    "o": 16348,
    "er": 8317,
}
[src/main.rs:169:9] uneval_exp_num = 166
[src/main.rs:170:9] &out_hash_map = {
    "h": 464,
    "bm": 0,
    "fa": 4364,
    "cv": 136,
    "ad": 65303,
    "ec": 2591,
    "cg": 1004,
    "bw": 196,
    "ds": 46522,
    "cy": 1,
    "dy": 16635,
    "fh": 57326,
    "dx": 0,
    "u": 0,
    "ez": 64508,
    "cs": 65437,
    "fc": 12,
    "ar": 0,
    "dm": 49,
    "el": 34,
    "ck": 125,
    "ak": 1094,
    "bv": 503,
    "cw": 65399,
    "b": 16076,
    "aa": 251,
    "ea": 2079,
    "ae": 791,
    "f": 502,
    "q": 63347,
    "bz": 2043,
    "db": 502,
    "ef": 2584,
    "dt": 0,
    "em": 65501,
    "ag": 785,
    "ep": 4,
    "x": 8038,
    "bq": 62,
    "bf": 547,
    "fb": 14623,
    "eu": 10271,
    "cd": 0,
    "br": 255,
    "dv": 2,
    "bg": 64988,
    "fg": 8209,
    "dw": 16635,
    "fl": 10,
    "dc": 32768,
    "bp": 251,
    "fm": 20542,
    "ba": 1007,
    "bs": 58,
    "ff": 47487,
    "da": 1,
    "ek": 23295,
    "z": 1004,
    "cc": 1770,
    "ah": 64750,
    "du": 2,
    "ci": 1004,
    "fj": 0,
    "m": 63964,
    "fo": 20542,
    "ao": 0,
    "ai": 1230,
    "as": 4019,
    "en": 23261,
    "dj": 65521,
    "dr": 65467,
    "by": 307,
    "bj": 0,
    "es": 32768,
    "bd": 615,
    "ee": 65528,
    "ey": 1027,
    "aq": 4019,
    "n": 2460,
    "eq": 5,
    "g": 2047,
    "k": 4031,
    "l": 1571,
    "dh": 5183,
    "dk": 5169,
    "bh": 3540,
    "bb": 392,
    "cu": 1021,
    "bl": 2009,
    "be": 4087,
    "aj": 8174,
    "ct": 153,
    "t": 0,
    "ca": 273,
    "bu": 197,
    "fn": 0,
    "ap": 0,
    "j": 1583,
    "cj": 251,
    "ed": 7,
    "at": 1004,
    "d": 4019,
    "e": 2009,
    "p": 2188,
    "aw": 511,
    "cx": 885,
    "di": 14,
    "av": 125,
    "de": 8317,
    "fr": 641,
    "az": 395,
    "cn": 29,
    "c": 0,
    "s": 0,
    "cp": 98,
    "dz": 4158,
    "fd": 65523,
    "fi": 39278,
    "dn": 65486,
    "am": 7080,
    "al": 64441,
    "bc": 65143,
    "ac": 232,
    "cm": 127,
    "cq": 251,
    "cl": 31,
    "dq": 68,
    "y": 2009,
    "ch": 0,
    "bk": 0,
    "cz": 0,
    "cr": 98,
    "bx": 65339,
    "an": 0,
    "dd": 33270,
    "cb": 65262,
    "df": 4158,
    "do": 13388,
    "dp": 46590,
    "dl": 13437,
    "eh": 24,
    "gh": 10271,
    "co": 65506,
    "et": 41085,
    "i": 65071,
    "ax": 116,
    "ei": 65511,
    "ew": 1283,
    "cf": 0,
    "ce": 0,
    "ab": 1023,
    "v": 8038,
    "af": 2015,
    "ej": 6694,
    "fk": 10,
    "dg": 1039,
    "r": 14160,
    "bn": 2009,
    "bt": 65477,
    "eg": 6718,
    "fe": 14611,
    "bi": 0,
    "gf": 20,
    "eo": 1,
    "w": 0,
    "ay": 65419,
    "bo": 502,
    "eb": 519,
    "ev": 5135,
    "au": 502,
    "ex": 5391,
    "o": 16348,
    "er": 8317,
}
[src/main.rs:169:9] uneval_exp_num = 163
[src/main.rs:170:9] &out_hash_map = {
    "h": 464,
    "bm": 0,
    "fa": 4364,
    "cv": 136,
    "ad": 65303,
    "ec": 2591,
    "cg": 1004,
    "bw": 196,
    "ds": 46522,
    "cy": 1,
    "dy": 16635,
    "fh": 57326,
    "dx": 0,
    "u": 0,
    "ez": 64508,
    "cs": 65437,
    "fc": 12,
    "ar": 0,
    "dm": 49,
    "el": 34,
    "ck": 125,
    "ak": 1094,
    "bv": 503,
    "cw": 65399,
    "b": 16076,
    "aa": 251,
    "ea": 2079,
    "ae": 791,
    "f": 502,
    "q": 63347,
    "bz": 2043,
    "db": 502,
    "ef": 2584,
    "dt": 0,
    "fq": 2567,
    "em": 65501,
    "ag": 785,
    "ep": 4,
    "x": 8038,
    "bq": 62,
    "bf": 547,
    "fb": 14623,
    "eu": 10271,
    "cd": 0,
    "br": 255,
    "dv": 2,
    "bg": 64988,
    "fg": 8209,
    "dw": 16635,
    "fl": 10,
    "dc": 32768,
    "bp": 251,
    "fm": 20542,
    "fs": 2695,
    "ba": 1007,
    "bs": 58,
    "ff": 47487,
    "da": 1,
    "ek": 23295,
    "z": 1004,
    "cc": 1770,
    "ah": 64750,
    "du": 2,
    "ci": 1004,
    "fj": 0,
    "m": 63964,
    "fo": 20542,
    "ao": 0,
    "ai": 1230,
    "as": 4019,
    "en": 23261,
    "dj": 65521,
    "dr": 65467,
    "by": 307,
    "bj": 0,
    "es": 32768,
    "bd": 615,
    "ee": 65528,
    "ey": 1027,
    "aq": 4019,
    "n": 2460,
    "eq": 5,
    "g": 2047,
    "k": 4031,
    "l": 1571,
    "dh": 5183,
    "dk": 5169,
    "bh": 3540,
    "bb": 392,
    "cu": 1021,
    "bl": 2009,
    "be": 4087,
    "aj": 8174,
    "ct": 153,
    "t": 0,
    "ca": 273,
    "bu": 197,
    "fn": 0,
    "ap": 0,
    "j": 1583,
    "cj": 251,
    "ed": 7,
    "at": 1004,
    "d": 4019,
    "e": 2009,
    "p": 2188,
    "aw": 511,
    "cx": 885,
    "di": 14,
    "av": 125,
    "de": 8317,
    "fr": 641,
    "az": 395,
    "cn": 29,
    "c": 0,
    "s": 0,
    "cp": 98,
    "dz": 4158,
    "fd": 65523,
    "fi": 39278,
    "dn": 65486,
    "am": 7080,
    "al": 64441,
    "bc": 65143,
    "ac": 232,
    "cm": 127,
    "cq": 251,
    "cl": 31,
    "dq": 68,
    "y": 2009,
    "ch": 0,
    "bk": 0,
    "cz": 0,
    "cr": 98,
    "bx": 65339,
    "an": 0,
    "dd": 33270,
    "cb": 65262,
    "df": 4158,
    "do": 13388,
    "dp": 46590,
    "dl": 13437,
    "eh": 24,
    "gh": 10271,
    "co": 65506,
    "et": 41085,
    "fp": 5135,
    "i": 65071,
    "ax": 116,
    "ei": 65511,
    "ew": 1283,
    "cf": 0,
    "ce": 0,
    "ab": 1023,
    "v": 8038,
    "af": 2015,
    "ej": 6694,
    "fk": 10,
    "dg": 1039,
    "r": 14160,
    "bn": 2009,
    "bt": 65477,
    "eg": 6718,
    "fe": 14611,
    "bi": 0,
    "gf": 20,
    "eo": 1,
    "w": 0,
    "ay": 65419,
    "bo": 502,
    "eb": 519,
    "ev": 5135,
    "au": 502,
    "ex": 5391,
    "o": 16348,
    "er": 8317,
}
[src/main.rs:169:9] uneval_exp_num = 162
[src/main.rs:170:9] &out_hash_map = {
    "h": 464,
    "bm": 0,
    "fa": 4364,
    "cv": 136,
    "ad": 65303,
    "ec": 2591,
    "cg": 1004,
    "bw": 196,
    "ds": 46522,
    "cy": 1,
    "dy": 16635,
    "fh": 57326,
    "dx": 0,
    "u": 0,
    "ez": 64508,
    "cs": 65437,
    "fc": 12,
    "ar": 0,
    "dm": 49,
    "el": 34,
    "ck": 125,
    "ak": 1094,
    "bv": 503,
    "cw": 65399,
    "b": 16076,
    "aa": 251,
    "ea": 2079,
    "ae": 791,
    "f": 502,
    "q": 63347,
    "bz": 2043,
    "db": 502,
    "ef": 2584,
    "dt": 0,
    "fq": 2567,
    "em": 65501,
    "ag": 785,
    "ep": 4,
    "x": 8038,
    "bq": 62,
    "bf": 547,
    "fb": 14623,
    "eu": 10271,
    "cd": 0,
    "br": 255,
    "dv": 2,
    "bg": 64988,
    "fg": 8209,
    "dw": 16635,
    "fl": 10,
    "dc": 32768,
    "bp": 251,
    "fm": 20542,
    "fs": 2695,
    "ba": 1007,
    "ft": 513,
    "bs": 58,
    "ff": 47487,
    "da": 1,
    "ek": 23295,
    "z": 1004,
    "cc": 1770,
    "ah": 64750,
    "du": 2,
    "ci": 1004,
    "fj": 0,
    "m": 63964,
    "fo": 20542,
    "ao": 0,
    "ai": 1230,
    "as": 4019,
    "en": 23261,
    "dj": 65521,
    "dr": 65467,
    "by": 307,
    "bj": 0,
    "es": 32768,
    "bd": 615,
    "ee": 65528,
    "ey": 1027,
    "aq": 4019,
    "n": 2460,
    "eq": 5,
    "g": 2047,
    "k": 4031,
    "l": 1571,
    "dh": 5183,
    "dk": 5169,
    "bh": 3540,
    "bb": 392,
    "cu": 1021,
    "bl": 2009,
    "be": 4087,
    "aj": 8174,
    "ct": 153,
    "t": 0,
    "ca": 273,
    "bu": 197,
    "fn": 0,
    "ap": 0,
    "j": 1583,
    "cj": 251,
    "ed": 7,
    "at": 1004,
    "d": 4019,
    "e": 2009,
    "p": 2188,
    "aw": 511,
    "cx": 885,
    "di": 14,
    "av": 125,
    "de": 8317,
    "fr": 641,
    "az": 395,
    "cn": 29,
    "c": 0,
    "s": 0,
    "cp": 98,
    "dz": 4158,
    "fd": 65523,
    "fi": 39278,
    "dn": 65486,
    "am": 7080,
    "al": 64441,
    "bc": 65143,
    "ac": 232,
    "cm": 127,
    "cq": 251,
    "cl": 31,
    "dq": 68,
    "y": 2009,
    "ch": 0,
    "bk": 0,
    "cz": 0,
    "cr": 98,
    "bx": 65339,
    "an": 0,
    "dd": 33270,
    "cb": 65262,
    "df": 4158,
    "do": 13388,
    "dp": 46590,
    "dl": 13437,
    "eh": 24,
    "gh": 10271,
    "co": 65506,
    "et": 41085,
    "fp": 5135,
    "i": 65071,
    "ax": 116,
    "ei": 65511,
    "ew": 1283,
    "cf": 0,
    "ce": 0,
    "ab": 1023,
    "v": 8038,
    "af": 2015,
    "ej": 6694,
    "fk": 10,
    "dg": 1039,
    "r": 14160,
    "bn": 2009,
    "bt": 65477,
    "eg": 6718,
    "fe": 14611,
    "bi": 0,
    "gf": 20,
    "eo": 1,
    "w": 0,
    "ay": 65419,
    "bo": 502,
    "eb": 519,
    "ev": 5135,
    "au": 502,
    "ex": 5391,
    "o": 16348,
    "er": 8317,
}
[src/main.rs:169:9] uneval_exp_num = 161
[src/main.rs:170:9] &out_hash_map = {
    "h": 464,
    "bm": 0,
    "fa": 4364,
    "cv": 136,
    "ad": 65303,
    "ec": 2591,
    "cg": 1004,
    "bw": 196,
    "ds": 46522,
    "cy": 1,
    "dy": 16635,
    "fh": 57326,
    "dx": 0,
    "u": 0,
    "ez": 64508,
    "cs": 65437,
    "fc": 12,
    "ar": 0,
    "dm": 49,
    "el": 34,
    "ck": 125,
    "ak": 1094,
    "bv": 503,
    "cw": 65399,
    "b": 16076,
    "aa": 251,
    "ea": 2079,
    "ae": 791,
    "f": 502,
    "q": 63347,
    "bz": 2043,
    "db": 502,
    "ef": 2584,
    "dt": 0,
    "fq": 2567,
    "em": 65501,
    "ag": 785,
    "ep": 4,
    "x": 8038,
    "bq": 62,
    "bf": 547,
    "fb": 14623,
    "eu": 10271,
    "cd": 0,
    "br": 255,
    "dv": 2,
    "bg": 64988,
    "fg": 8209,
    "dw": 16635,
    "fl": 10,
    "dc": 32768,
    "bp": 251,
    "fm": 20542,
    "fs": 2695,
    "ba": 1007,
    "ft": 513,
    "bs": 58,
    "ff": 47487,
    "da": 1,
    "ek": 23295,
    "z": 1004,
    "cc": 1770,
    "ah": 64750,
    "du": 2,
    "ci": 1004,
    "fj": 0,
    "m": 63964,
    "fo": 20542,
    "ao": 0,
    "ai": 1230,
    "as": 4019,
    "en": 23261,
    "dj": 65521,
    "dr": 65467,
    "by": 307,
    "bj": 0,
    "es": 32768,
    "bd": 615,
    "ee": 65528,
    "ey": 1027,
    "aq": 4019,
    "n": 2460,
    "eq": 5,
    "g": 2047,
    "k": 4031,
    "l": 1571,
    "dh": 5183,
    "dk": 5169,
    "bh": 3540,
    "bb": 392,
    "cu": 1021,
    "bl": 2009,
    "be": 4087,
    "aj": 8174,
    "ct": 153,
    "t": 0,
    "ca": 273,
    "bu": 197,
    "fn": 0,
    "ap": 0,
    "j": 1583,
    "cj": 251,
    "ed": 7,
    "at": 1004,
    "d": 4019,
    "e": 2009,
    "p": 2188,
    "aw": 511,
    "cx": 885,
    "di": 14,
    "av": 125,
    "de": 8317,
    "fr": 641,
    "az": 395,
    "cn": 29,
    "c": 0,
    "s": 0,
    "cp": 98,
    "dz": 4158,
    "fd": 65523,
    "fi": 39278,
    "dn": 65486,
    "am": 7080,
    "al": 64441,
    "bc": 65143,
    "ac": 232,
    "cm": 127,
    "cq": 251,
    "cl": 31,
    "dq": 68,
    "y": 2009,
    "ch": 0,
    "bk": 0,
    "cz": 0,
    "cr": 98,
    "bx": 65339,
    "an": 0,
    "dd": 33270,
    "cb": 65262,
    "df": 4158,
    "do": 13388,
    "dp": 46590,
    "dl": 13437,
    "eh": 24,
    "gh": 10271,
    "co": 65506,
    "et": 41085,
    "fp": 5135,
    "i": 65071,
    "ax": 116,
    "ei": 65511,
    "ew": 1283,
    "cf": 0,
    "ce": 0,
    "ab": 1023,
    "v": 8038,
    "af": 2015,
    "ej": 6694,
    "fk": 10,
    "dg": 1039,
    "r": 14160,
    "bn": 2009,
    "bt": 65477,
    "eg": 6718,
    "fe": 14611,
    "bi": 0,
    "gf": 20,
    "eo": 1,
    "w": 0,
    "ay": 65419,
    "bo": 502,
    "eb": 519,
    "ev": 5135,
    "au": 502,
    "ex": 5391,
    "o": 16348,
    "fu": 65022,
    "er": 8317,
}
[src/main.rs:169:9] uneval_exp_num = 158
[src/main.rs:170:9] &out_hash_map = {
    "h": 464,
    "bm": 0,
    "fa": 4364,
    "cv": 136,
    "ad": 65303,
    "ec": 2591,
    "cg": 1004,
    "bw": 196,
    "ds": 46522,
    "cy": 1,
    "dy": 16635,
    "fh": 57326,
    "dx": 0,
    "u": 0,
    "ez": 64508,
    "cs": 65437,
    "fc": 12,
    "ar": 0,
    "dm": 49,
    "el": 34,
    "ck": 125,
    "ak": 1094,
    "bv": 503,
    "cw": 65399,
    "b": 16076,
    "aa": 251,
    "ea": 2079,
    "ae": 791,
    "f": 502,
    "q": 63347,
    "bz": 2043,
    "db": 502,
    "ef": 2584,
    "dt": 0,
    "fq": 2567,
    "em": 65501,
    "ag": 785,
    "ep": 4,
    "x": 8038,
    "bq": 62,
    "bf": 547,
    "fb": 14623,
    "eu": 10271,
    "cd": 0,
    "br": 255,
    "dv": 2,
    "bg": 64988,
    "fg": 8209,
    "dw": 16635,
    "fl": 10,
    "dc": 32768,
    "bp": 251,
    "fm": 20542,
    "fs": 2695,
    "ba": 1007,
    "ft": 513,
    "bs": 58,
    "ff": 47487,
    "da": 1,
    "ek": 23295,
    "z": 1004,
    "cc": 1770,
    "ah": 64750,
    "du": 2,
    "ci": 1004,
    "fj": 0,
    "m": 63964,
    "fo": 20542,
    "ao": 0,
    "ai": 1230,
    "as": 4019,
    "en": 23261,
    "dj": 65521,
    "dr": 65467,
    "by": 307,
    "bj": 0,
    "es": 32768,
    "bd": 615,
    "ee": 65528,
    "ey": 1027,
    "aq": 4019,
    "n": 2460,
    "eq": 5,
    "g": 2047,
    "k": 4031,
    "l": 1571,
    "dh": 5183,
    "dk": 5169,
    "fw": 7311,
    "bh": 3540,
    "bb": 392,
    "cu": 1021,
    "bl": 2009,
    "be": 4087,
    "aj": 8174,
    "ct": 153,
    "t": 0,
    "ca": 273,
    "bu": 197,
    "fn": 0,
    "ap": 0,
    "j": 1583,
    "cj": 251,
    "ed": 7,
    "at": 1004,
    "d": 4019,
    "e": 2009,
    "p": 2188,
    "aw": 511,
    "cx": 885,
    "di": 14,
    "av": 125,
    "de": 8317,
    "fr": 641,
    "az": 395,
    "cn": 29,
    "c": 0,
    "s": 0,
    "cp": 98,
    "dz": 4158,
    "fd": 65523,
    "fi": 39278,
    "dn": 65486,
    "am": 7080,
    "al": 64441,
    "bc": 65143,
    "ac": 232,
    "cm": 127,
    "cq": 251,
    "cl": 31,
    "dq": 68,
    "y": 2009,
    "ch": 0,
    "bk": 0,
    "cz": 0,
    "cr": 98,
    "bx": 65339,
    "an": 0,
    "dd": 33270,
    "cb": 65262,
    "df": 4158,
    "do": 13388,
    "dp": 46590,
    "dl": 13437,
    "eh": 24,
    "gh": 10271,
    "co": 65506,
    "et": 41085,
    "fp": 5135,
    "fx": 6,
    "i": 65071,
    "ax": 116,
    "ei": 65511,
    "ew": 1283,
    "cf": 0,
    "fv": 2182,
    "ce": 0,
    "ab": 1023,
    "v": 8038,
    "af": 2015,
    "ej": 6694,
    "fk": 10,
    "dg": 1039,
    "r": 14160,
    "bn": 2009,
    "bt": 65477,
    "eg": 6718,
    "fe": 14611,
    "bi": 0,
    "gf": 20,
    "eo": 1,
    "w": 0,
    "ay": 65419,
    "bo": 502,
    "eb": 519,
    "ev": 5135,
    "au": 502,
    "ex": 5391,
    "o": 16348,
    "fu": 65022,
    "er": 8317,
}
[src/main.rs:169:9] uneval_exp_num = 155
[src/main.rs:170:9] &out_hash_map = {
    "h": 464,
    "bm": 0,
    "fa": 4364,
    "cv": 136,
    "ad": 65303,
    "ec": 2591,
    "cg": 1004,
    "bw": 196,
    "ds": 46522,
    "cy": 1,
    "dy": 16635,
    "fh": 57326,
    "dx": 0,
    "u": 0,
    "ez": 64508,
    "cs": 65437,
    "fc": 12,
    "ar": 0,
    "dm": 49,
    "el": 34,
    "gb": 4104,
    "ck": 125,
    "ak": 1094,
    "bv": 503,
    "cw": 65399,
    "b": 16076,
    "aa": 251,
    "ea": 2079,
    "ae": 791,
    "f": 502,
    "q": 63347,
    "bz": 2043,
    "db": 502,
    "ef": 2584,
    "dt": 0,
    "fq": 2567,
    "em": 65501,
    "ag": 785,
    "ep": 4,
    "x": 8038,
    "bq": 62,
    "bf": 547,
    "fb": 14623,
    "fz": 7305,
    "eu": 10271,
    "cd": 0,
    "br": 255,
    "dv": 2,
    "bg": 64988,
    "fg": 8209,
    "dw": 16635,
    "fl": 10,
    "dc": 32768,
    "bp": 251,
    "fm": 20542,
    "fs": 2695,
    "ba": 1007,
    "ft": 513,
    "bs": 58,
    "ff": 47487,
    "da": 1,
    "ek": 23295,
    "z": 1004,
    "cc": 1770,
    "ah": 64750,
    "du": 2,
    "ci": 1004,
    "fj": 0,
    "m": 63964,
    "fo": 20542,
    "ao": 0,
    "ai": 1230,
    "as": 4019,
    "en": 23261,
    "dj": 65521,
    "dr": 65467,
    "by": 307,
    "bj": 0,
    "es": 32768,
    "bd": 615,
    "ee": 65528,
    "ey": 1027,
    "aq": 4019,
    "n": 2460,
    "eq": 5,
    "g": 2047,
    "k": 4031,
    "l": 1571,
    "dh": 5183,
    "dk": 5169,
    "fw": 7311,
    "bh": 3540,
    "bb": 392,
    "cu": 1021,
    "bl": 2009,
    "be": 4087,
    "aj": 8174,
    "ct": 153,
    "t": 0,
    "ca": 273,
    "bu": 197,
    "fn": 0,
    "ap": 0,
    "j": 1583,
    "cj": 251,
    "ed": 7,
    "at": 1004,
    "d": 4019,
    "e": 2009,
    "p": 2188,
    "aw": 511,
    "cx": 885,
    "di": 14,
    "av": 125,
    "de": 8317,
    "fr": 641,
    "az": 395,
    "cn": 29,
    "c": 0,
    "s": 0,
    "cp": 98,
    "dz": 4158,
    "fd": 65523,
    "fi": 39278,
    "dn": 65486,
    "am": 7080,
    "al": 64441,
    "bc": 65143,
    "ac": 232,
    "cm": 127,
    "cq": 251,
    "cl": 31,
    "dq": 68,
    "y": 2009,
    "ch": 0,
    "bk": 0,
    "cz": 0,
    "cr": 98,
    "bx": 65339,
    "an": 0,
    "dd": 33270,
    "cb": 65262,
    "df": 4158,
    "do": 13388,
    "dp": 46590,
    "dl": 13437,
    "eh": 24,
    "gh": 10271,
    "co": 65506,
    "et": 41085,
    "fp": 5135,
    "fx": 6,
    "i": 65071,
    "ax": 116,
    "ei": 65511,
    "ew": 1283,
    "fy": 65529,
    "cf": 0,
    "fv": 2182,
    "ce": 0,
    "ab": 1023,
    "v": 8038,
    "af": 2015,
    "ej": 6694,
    "fk": 10,
    "dg": 1039,
    "r": 14160,
    "bn": 2009,
    "bt": 65477,
    "eg": 6718,
    "fe": 14611,
    "bi": 0,
    "gf": 20,
    "eo": 1,
    "w": 0,
    "ay": 65419,
    "bo": 502,
    "eb": 519,
    "ev": 5135,
    "au": 502,
    "ex": 5391,
    "o": 16348,
    "fu": 65022,
    "er": 8317,
}
[src/main.rs:169:9] uneval_exp_num = 151
[src/main.rs:170:9] &out_hash_map = {
    "h": 464,
    "bm": 0,
    "fa": 4364,
    "cv": 136,
    "ad": 65303,
    "ec": 2591,
    "cg": 1004,
    "bw": 196,
    "ds": 46522,
    "cy": 1,
    "dy": 16635,
    "fh": 57326,
    "dx": 0,
    "u": 0,
    "ez": 64508,
    "cs": 65437,
    "fc": 12,
    "ar": 0,
    "dm": 49,
    "el": 34,
    "gb": 4104,
    "ck": 125,
    "ak": 1094,
    "bv": 503,
    "cw": 65399,
    "b": 16076,
    "aa": 251,
    "ea": 2079,
    "ae": 791,
    "f": 502,
    "q": 63347,
    "bz": 2043,
    "db": 502,
    "ef": 2584,
    "dt": 0,
    "fq": 2567,
    "em": 65501,
    "ag": 785,
    "ep": 4,
    "x": 8038,
    "bq": 62,
    "bf": 547,
    "fb": 14623,
    "fz": 7305,
    "eu": 10271,
    "cd": 0,
    "br": 255,
    "dv": 2,
    "bg": 64988,
    "fg": 8209,
    "dw": 16635,
    "fl": 10,
    "dc": 32768,
    "bp": 251,
    "fm": 20542,
    "fs": 2695,
    "ba": 1007,
    "ft": 513,
    "bs": 58,
    "ff": 47487,
    "da": 1,
    "ge": 1,
    "ek": 23295,
    "z": 1004,
    "cc": 1770,
    "ah": 64750,
    "du": 2,
    "ci": 1004,
    "fj": 0,
    "m": 63964,
    "fo": 20542,
    "ao": 0,
    "ai": 1230,
    "as": 4019,
    "en": 23261,
    "dj": 65521,
    "dr": 65467,
    "by": 307,
    "bj": 0,
    "es": 32768,
    "bd": 615,
    "ee": 65528,
    "ey": 1027,
    "aq": 4019,
    "n": 2460,
    "eq": 5,
    "g": 2047,
    "k": 4031,
    "l": 1571,
    "dh": 5183,
    "dk": 5169,
    "fw": 7311,
    "bh": 3540,
    "bb": 392,
    "cu": 1021,
    "bl": 2009,
    "be": 4087,
    "aj": 8174,
    "ct": 153,
    "t": 0,
    "ca": 273,
    "bu": 197,
    "fn": 0,
    "ap": 0,
    "j": 1583,
    "cj": 251,
    "ed": 7,
    "at": 1004,
    "d": 4019,
    "e": 2009,
    "p": 2188,
    "aw": 511,
    "cx": 885,
    "di": 14,
    "av": 125,
    "de": 8317,
    "fr": 641,
    "az": 395,
    "cn": 29,
    "c": 0,
    "s": 0,
    "cp": 98,
    "dz": 4158,
    "fd": 65523,
    "fi": 39278,
    "dn": 65486,
    "am": 7080,
    "al": 64441,
    "bc": 65143,
    "ac": 232,
    "cm": 127,
    "cq": 251,
    "cl": 31,
    "dq": 68,
    "y": 2009,
    "ch": 0,
    "bk": 0,
    "cz": 0,
    "cr": 98,
    "bx": 65339,
    "an": 0,
    "dd": 33270,
    "cb": 65262,
    "df": 4158,
    "do": 13388,
    "dp": 46590,
    "dl": 13437,
    "eh": 24,
    "gh": 10271,
    "co": 65506,
    "et": 41085,
    "fp": 5135,
    "fx": 6,
    "gc": 61431,
    "i": 65071,
    "ax": 116,
    "ei": 65511,
    "ew": 1283,
    "fy": 65529,
    "cf": 0,
    "fv": 2182,
    "ce": 0,
    "ab": 1023,
    "v": 8038,
    "af": 2015,
    "ej": 6694,
    "fk": 10,
    "dg": 1039,
    "ga": 23743,
    "r": 14160,
    "bn": 2009,
    "bt": 65477,
    "eg": 6718,
    "fe": 14611,
    "bi": 0,
    "gf": 20,
    "eo": 1,
    "gd": 19639,
    "w": 0,
    "ay": 65419,
    "bo": 502,
    "eb": 519,
    "ev": 5135,
    "au": 502,
    "ex": 5391,
    "o": 16348,
    "fu": 65022,
    "er": 8317,
}
[src/main.rs:169:9] uneval_exp_num = 147
[src/main.rs:170:9] &out_hash_map = {
    "h": 464,
    "bm": 0,
    "fa": 4364,
    "cv": 136,
    "ad": 65303,
    "ec": 2591,
    "cg": 1004,
    "bw": 196,
    "ds": 46522,
    "cy": 1,
    "dy": 16635,
    "fh": 57326,
    "dx": 0,
    "u": 0,
    "ez": 64508,
    "cs": 65437,
    "fc": 12,
    "ar": 0,
    "dm": 49,
    "el": 34,
    "gb": 4104,
    "ck": 125,
    "ak": 1094,
    "bv": 503,
    "cw": 65399,
    "b": 16076,
    "aa": 251,
    "ea": 2079,
    "ae": 791,
    "f": 502,
    "q": 63347,
    "bz": 2043,
    "db": 502,
    "ef": 2584,
    "dt": 0,
    "fq": 2567,
    "em": 65501,
    "ag": 785,
    "ep": 4,
    "x": 8038,
    "bq": 62,
    "bf": 547,
    "fb": 14623,
    "fz": 7305,
    "gj": 43039,
    "eu": 10271,
    "cd": 0,
    "br": 255,
    "dv": 2,
    "bg": 64988,
    "fg": 8209,
    "dw": 16635,
    "fl": 10,
    "dc": 32768,
    "bp": 251,
    "fm": 20542,
    "fs": 2695,
    "ba": 1007,
    "ft": 513,
    "bs": 58,
    "ff": 47487,
    "da": 1,
    "ge": 1,
    "ek": 23295,
    "z": 1004,
    "gi": 32768,
    "cc": 1770,
    "ah": 64750,
    "du": 2,
    "ci": 1004,
    "fj": 0,
    "m": 63964,
    "fo": 20542,
    "ao": 0,
    "ai": 1230,
    "as": 4019,
    "en": 23261,
    "dj": 65521,
    "dr": 65467,
    "by": 307,
    "bj": 0,
    "es": 32768,
    "bd": 615,
    "ee": 65528,
    "ey": 1027,
    "aq": 4019,
    "n": 2460,
    "eq": 5,
    "g": 2047,
    "k": 4031,
    "l": 1571,
    "dh": 5183,
    "dk": 5169,
    "fw": 7311,
    "bh": 3540,
    "bb": 392,
    "cu": 1021,
    "bl": 2009,
    "be": 4087,
    "aj": 8174,
    "ct": 153,
    "t": 0,
    "ca": 273,
    "bu": 197,
    "fn": 0,
    "ap": 0,
    "j": 1583,
    "cj": 251,
    "ed": 7,
    "at": 1004,
    "d": 4019,
    "e": 2009,
    "p": 2188,
    "aw": 511,
    "cx": 885,
    "di": 14,
    "av": 125,
    "de": 8317,
    "fr": 641,
    "az": 395,
    "cn": 29,
    "c": 0,
    "s": 0,
    "cp": 98,
    "dz": 4158,
    "fd": 65523,
    "fi": 39278,
    "dn": 65486,
    "am": 7080,
    "al": 64441,
    "bc": 65143,
    "ac": 232,
    "cm": 127,
    "cq": 251,
    "cl": 31,
    "dq": 68,
    "y": 2009,
    "ch": 0,
    "bk": 0,
    "cz": 0,
    "cr": 98,
    "bx": 65339,
    "an": 0,
    "dd": 33270,
    "cb": 65262,
    "df": 4158,
    "do": 13388,
    "dp": 46590,
    "dl": 13437,
    "eh": 24,
    "gh": 10271,
    "co": 65506,
    "et": 41085,
    "fp": 5135,
    "fx": 6,
    "gc": 61431,
    "i": 65071,
    "ax": 116,
    "ei": 65511,
    "ew": 1283,
    "fy": 65529,
    "cf": 0,
    "fv": 2182,
    "ce": 0,
    "ab": 1023,
    "v": 8038,
    "af": 2015,
    "ej": 6694,
    "fk": 10,
    "dg": 1039,
    "ga": 23743,
    "gg": 21,
    "r": 14160,
    "bn": 2009,
    "bt": 65477,
    "eg": 6718,
    "fe": 14611,
    "bi": 0,
    "gf": 20,
    "eo": 1,
    "gd": 19639,
    "w": 0,
    "ay": 65419,
    "bo": 502,
    "eb": 519,
    "ev": 5135,
    "au": 502,
    "ex": 5391,
    "o": 16348,
    "ha": 42,
    "fu": 65022,
    "er": 8317,
}
[src/main.rs:169:9] uneval_exp_num = 143
[src/main.rs:170:9] &out_hash_map = {
    "h": 464,
    "bm": 0,
    "fa": 4364,
    "cv": 136,
    "ad": 65303,
    "ec": 2591,
    "cg": 1004,
    "bw": 196,
    "ds": 46522,
    "cy": 1,
    "dy": 16635,
    "fh": 57326,
    "dx": 0,
    "u": 0,
    "ez": 64508,
    "cs": 65437,
    "fc": 12,
    "ar": 0,
    "dm": 49,
    "el": 34,
    "gb": 4104,
    "ck": 125,
    "ak": 1094,
    "gl": 5379,
    "bv": 503,
    "cw": 65399,
    "b": 16076,
    "aa": 251,
    "ea": 2079,
    "ae": 791,
    "f": 502,
    "q": 63347,
    "bz": 2043,
    "db": 502,
    "ef": 2584,
    "dt": 0,
    "fq": 2567,
    "em": 65501,
    "ag": 785,
    "ep": 4,
    "x": 8038,
    "bq": 62,
    "bf": 547,
    "fb": 14623,
    "fz": 7305,
    "gj": 43039,
    "eu": 10271,
    "cd": 0,
    "br": 255,
    "dv": 2,
    "bg": 64988,
    "fg": 8209,
    "dw": 16635,
    "fl": 10,
    "dc": 32768,
    "bp": 251,
    "fm": 20542,
    "fs": 2695,
    "ba": 1007,
    "ft": 513,
    "bs": 58,
    "gk": 10759,
    "ff": 47487,
    "da": 1,
    "ge": 1,
    "ek": 23295,
    "z": 1004,
    "gi": 32768,
    "cc": 1770,
    "ah": 64750,
    "du": 2,
    "ci": 1004,
    "fj": 0,
    "m": 63964,
    "fo": 20542,
    "ao": 0,
    "ai": 1230,
    "as": 4019,
    "en": 23261,
    "dj": 65521,
    "dr": 65467,
    "by": 307,
    "bj": 0,
    "es": 32768,
    "bd": 615,
    "ee": 65528,
    "ey": 1027,
    "aq": 4019,
    "n": 2460,
    "eq": 5,
    "g": 2047,
    "k": 4031,
    "l": 1571,
    "dh": 5183,
    "dk": 5169,
    "fw": 7311,
    "bh": 3540,
    "bb": 392,
    "cu": 1021,
    "bl": 2009,
    "be": 4087,
    "aj": 8174,
    "ct": 153,
    "t": 0,
    "ca": 273,
    "bu": 197,
    "fn": 0,
    "ap": 0,
    "j": 1583,
    "cj": 251,
    "ed": 7,
    "at": 1004,
    "d": 4019,
    "e": 2009,
    "p": 2188,
    "aw": 511,
    "cx": 885,
    "di": 14,
    "av": 125,
    "de": 8317,
    "fr": 641,
    "az": 395,
    "cn": 29,
    "c": 0,
    "s": 0,
    "cp": 98,
    "dz": 4158,
    "fd": 65523,
    "fi": 39278,
    "dn": 65486,
    "am": 7080,
    "al": 64441,
    "bc": 65143,
    "ac": 232,
    "cm": 127,
    "cq": 251,
    "cl": 31,
    "dq": 68,
    "y": 2009,
    "ch": 0,
    "bk": 0,
    "cz": 0,
    "cr": 98,
    "bx": 65339,
    "an": 0,
    "dd": 33270,
    "cb": 65262,
    "df": 4158,
    "do": 13388,
    "dp": 46590,
    "dl": 13437,
    "eh": 24,
    "gh": 10271,
    "co": 65506,
    "et": 41085,
    "fp": 5135,
    "fx": 6,
    "gc": 61431,
    "hc": 21519,
    "i": 65071,
    "ax": 116,
    "ei": 65511,
    "ew": 1283,
    "fy": 65529,
    "cf": 0,
    "fv": 2182,
    "ce": 0,
    "ab": 1023,
    "v": 8038,
    "af": 2015,
    "ej": 6694,
    "fk": 10,
    "dg": 1039,
    "ga": 23743,
    "gg": 21,
    "r": 14160,
    "bn": 2009,
    "bt": 65477,
    "eg": 6718,
    "fe": 14611,
    "bi": 0,
    "gf": 20,
    "eo": 1,
    "gd": 19639,
    "w": 0,
    "ay": 65419,
    "bo": 502,
    "gm": 1344,
    "eb": 519,
    "ev": 5135,
    "au": 502,
    "ex": 5391,
    "o": 16348,
    "ha": 42,
    "fu": 65022,
    "er": 8317,
}
[src/main.rs:169:9] uneval_exp_num = 141
[src/main.rs:170:9] &out_hash_map = {
    "h": 464,
    "bm": 0,
    "fa": 4364,
    "cv": 136,
    "ad": 65303,
    "ec": 2591,
    "cg": 1004,
    "bw": 196,
    "ds": 46522,
    "cy": 1,
    "dy": 16635,
    "fh": 57326,
    "dx": 0,
    "u": 0,
    "ez": 64508,
    "cs": 65437,
    "fc": 12,
    "ar": 0,
    "dm": 49,
    "el": 34,
    "gb": 4104,
    "ck": 125,
    "ak": 1094,
    "gl": 5379,
    "bv": 503,
    "cw": 65399,
    "b": 16076,
    "aa": 251,
    "ea": 2079,
    "ae": 791,
    "f": 502,
    "q": 63347,
    "bz": 2043,
    "db": 502,
    "ef": 2584,
    "dt": 0,
    "fq": 2567,
    "em": 65501,
    "ag": 785,
    "ep": 4,
    "x": 8038,
    "bq": 62,
    "bf": 547,
    "fb": 14623,
    "fz": 7305,
    "gj": 43039,
    "eu": 10271,
    "cd": 0,
    "br": 255,
    "dv": 2,
    "bg": 64988,
    "fg": 8209,
    "dw": 16635,
    "fl": 10,
    "dc": 32768,
    "bp": 251,
    "fm": 20542,
    "fs": 2695,
    "ba": 1007,
    "ft": 513,
    "bs": 58,
    "gk": 10759,
    "ff": 47487,
    "da": 1,
    "ge": 1,
    "ek": 23295,
    "z": 1004,
    "gi": 32768,
    "cc": 1770,
    "gn": 5443,
    "ah": 64750,
    "du": 2,
    "ci": 1004,
    "fj": 0,
    "m": 63964,
    "fo": 20542,
    "ao": 0,
    "ai": 1230,
    "as": 4019,
    "en": 23261,
    "dj": 65521,
    "dr": 65467,
    "by": 307,
    "bj": 0,
    "es": 32768,
    "bd": 615,
    "ee": 65528,
    "ey": 1027,
    "aq": 4019,
    "n": 2460,
    "eq": 5,
    "g": 2047,
    "k": 4031,
    "l": 1571,
    "dh": 5183,
    "dk": 5169,
    "fw": 7311,
    "bh": 3540,
    "bb": 392,
    "cu": 1021,
    "bl": 2009,
    "be": 4087,
    "aj": 8174,
    "ct": 153,
    "t": 0,
    "ca": 273,
    "bu": 197,
    "fn": 0,
    "ap": 0,
    "j": 1583,
    "cj": 251,
    "ed": 7,
    "at": 1004,
    "d": 4019,
    "e": 2009,
    "p": 2188,
    "aw": 511,
    "cx": 885,
    "di": 14,
    "av": 125,
    "de": 8317,
    "fr": 641,
    "az": 395,
    "cn": 29,
    "c": 0,
    "s": 0,
    "cp": 98,
    "dz": 4158,
    "fd": 65523,
    "fi": 39278,
    "dn": 65486,
    "am": 7080,
    "al": 64441,
    "bc": 65143,
    "ac": 232,
    "cm": 127,
    "cq": 251,
    "cl": 31,
    "dq": 68,
    "y": 2009,
    "ch": 0,
    "bk": 0,
    "cz": 0,
    "cr": 98,
    "bx": 65339,
    "an": 0,
    "dd": 33270,
    "cb": 65262,
    "df": 4158,
    "do": 13388,
    "dp": 46590,
    "dl": 13437,
    "eh": 24,
    "gh": 10271,
    "co": 65506,
    "et": 41085,
    "fp": 5135,
    "fx": 6,
    "gc": 61431,
    "hc": 21519,
    "i": 65071,
    "ax": 116,
    "ei": 65511,
    "ew": 1283,
    "fy": 65529,
    "cf": 0,
    "fv": 2182,
    "ce": 0,
    "ab": 1023,
    "v": 8038,
    "af": 2015,
    "ej": 6694,
    "fk": 10,
    "dg": 1039,
    "ga": 23743,
    "gg": 21,
    "r": 14160,
    "bn": 2009,
    "bt": 65477,
    "eg": 6718,
    "fe": 14611,
    "bi": 0,
    "gf": 20,
    "eo": 1,
    "gd": 19639,
    "w": 0,
    "ay": 65419,
    "bo": 502,
    "gm": 1344,
    "eb": 519,
    "ev": 5135,
    "au": 502,
    "ex": 5391,
    "o": 16348,
    "ha": 42,
    "go": 1280,
    "fu": 65022,
    "er": 8317,
}
[src/main.rs:169:9] uneval_exp_num = 136
[src/main.rs:170:9] &out_hash_map = {
    "h": 464,
    "bm": 0,
    "fa": 4364,
    "cv": 136,
    "ad": 65303,
    "ec": 2591,
    "cg": 1004,
    "bw": 196,
    "ds": 46522,
    "cy": 1,
    "dy": 16635,
    "fh": 57326,
    "dx": 0,
    "u": 0,
    "ez": 64508,
    "cs": 65437,
    "fc": 12,
    "ar": 0,
    "dm": 49,
    "el": 34,
    "gb": 4104,
    "ck": 125,
    "gs": 3,
    "ak": 1094,
    "gl": 5379,
    "bv": 503,
    "cw": 65399,
    "b": 16076,
    "aa": 251,
    "ea": 2079,
    "ae": 791,
    "f": 502,
    "q": 63347,
    "bz": 2043,
    "db": 502,
    "ef": 2584,
    "dt": 0,
    "fq": 2567,
    "em": 65501,
    "ag": 785,
    "ep": 4,
    "x": 8038,
    "bq": 62,
    "bf": 547,
    "fb": 14623,
    "fz": 7305,
    "gj": 43039,
    "eu": 10271,
    "cd": 0,
    "br": 255,
    "dv": 2,
    "bg": 64988,
    "fg": 8209,
    "dw": 16635,
    "fl": 10,
    "dc": 32768,
    "bp": 251,
    "fm": 20542,
    "fs": 2695,
    "ba": 1007,
    "ft": 513,
    "bs": 58,
    "gk": 10759,
    "ff": 47487,
    "da": 1,
    "ge": 1,
    "ek": 23295,
    "z": 1004,
    "gi": 32768,
    "cc": 1770,
    "gn": 5443,
    "gq": 4163,
    "ah": 64750,
    "du": 2,
    "ci": 1004,
    "fj": 0,
    "gt": 65532,
    "m": 63964,
    "fo": 20542,
    "ao": 0,
    "ai": 1230,
    "as": 4019,
    "en": 23261,
    "dj": 65521,
    "dr": 65467,
    "by": 307,
    "bj": 0,
    "es": 32768,
    "bd": 615,
    "ee": 65528,
    "ey": 1027,
    "aq": 4019,
    "n": 2460,
    "eq": 5,
    "g": 2047,
    "k": 4031,
    "l": 1571,
    "dh": 5183,
    "dk": 5169,
    "fw": 7311,
    "bh": 3540,
    "bb": 392,
    "cu": 1021,
    "bl": 2009,
    "be": 4087,
    "aj": 8174,
    "ct": 153,
    "t": 0,
    "ca": 273,
    "bu": 197,
    "fn": 0,
    "ap": 0,
    "j": 1583,
    "cj": 251,
    "ed": 7,
    "at": 1004,
    "d": 4019,
    "e": 2009,
    "p": 2188,
    "aw": 511,
    "cx": 885,
    "di": 14,
    "av": 125,
    "de": 8317,
    "fr": 641,
    "az": 395,
    "cn": 29,
    "c": 0,
    "gp": 64255,
    "s": 0,
    "cp": 98,
    "dz": 4158,
    "fd": 65523,
    "fi": 39278,
    "dn": 65486,
    "am": 7080,
    "al": 64441,
    "bc": 65143,
    "ac": 232,
    "cm": 127,
    "cq": 251,
    "cl": 31,
    "dq": 68,
    "y": 2009,
    "gr": 14919,
    "ch": 0,
    "bk": 0,
    "cz": 0,
    "cr": 98,
    "bx": 65339,
    "an": 0,
    "dd": 33270,
    "cb": 65262,
    "df": 4158,
    "do": 13388,
    "dp": 46590,
    "dl": 13437,
    "eh": 24,
    "gh": 10271,
    "co": 65506,
    "et": 41085,
    "fp": 5135,
    "fx": 6,
    "gc": 61431,
    "hc": 21519,
    "i": 65071,
    "ax": 116,
    "ei": 65511,
    "ew": 1283,
    "fy": 65529,
    "cf": 0,
    "fv": 2182,
    "ce": 0,
    "ab": 1023,
    "v": 8038,
    "af": 2015,
    "ej": 6694,
    "fk": 10,
    "dg": 1039,
    "ga": 23743,
    "gg": 21,
    "r": 14160,
    "bn": 2009,
    "bt": 65477,
    "eg": 6718,
    "fe": 14611,
    "bi": 0,
    "gf": 20,
    "eo": 1,
    "gd": 19639,
    "w": 0,
    "ay": 65419,
    "bo": 502,
    "gm": 1344,
    "eb": 519,
    "ev": 5135,
    "au": 502,
    "ex": 5391,
    "o": 16348,
    "ha": 42,
    "go": 1280,
    "fu": 65022,
    "er": 8317,
}
[src/main.rs:169:9] uneval_exp_num = 133
[src/main.rs:170:9] &out_hash_map = {
    "h": 464,
    "bm": 0,
    "fa": 4364,
    "cv": 136,
    "ad": 65303,
    "ec": 2591,
    "cg": 1004,
    "bw": 196,
    "ds": 46522,
    "cy": 1,
    "dy": 16635,
    "fh": 57326,
    "dx": 0,
    "u": 0,
    "ez": 64508,
    "cs": 65437,
    "fc": 12,
    "ar": 0,
    "dm": 49,
    "el": 34,
    "gb": 4104,
    "ck": 125,
    "gs": 3,
    "ak": 1094,
    "gl": 5379,
    "bv": 503,
    "cw": 65399,
    "b": 16076,
    "aa": 251,
    "ea": 2079,
    "ae": 791,
    "f": 502,
    "q": 63347,
    "bz": 2043,
    "db": 502,
    "ef": 2584,
    "dt": 0,
    "fq": 2567,
    "em": 65501,
    "ag": 785,
    "ep": 4,
    "x": 8038,
    "bq": 62,
    "bf": 547,
    "fb": 14623,
    "fz": 7305,
    "gj": 43039,
    "eu": 10271,
    "cd": 0,
    "br": 255,
    "dv": 2,
    "bg": 64988,
    "fg": 8209,
    "dw": 16635,
    "fl": 10,
    "dc": 32768,
    "bp": 251,
    "fm": 20542,
    "fs": 2695,
    "ba": 1007,
    "ft": 513,
    "bs": 58,
    "gk": 10759,
    "ff": 47487,
    "da": 1,
    "ge": 1,
    "ek": 23295,
    "z": 1004,
    "gi": 32768,
    "cc": 1770,
    "gn": 5443,
    "gq": 4163,
    "ah": 64750,
    "du": 2,
    "ci": 1004,
    "fj": 0,
    "gt": 65532,
    "m": 63964,
    "gw": 10244,
    "fo": 20542,
    "ao": 0,
    "ai": 1230,
    "as": 4019,
    "en": 23261,
    "dj": 65521,
    "dr": 65467,
    "by": 307,
    "bj": 0,
    "es": 32768,
    "bd": 615,
    "ee": 65528,
    "ey": 1027,
    "aq": 4019,
    "n": 2460,
    "eq": 5,
    "g": 2047,
    "k": 4031,
    "l": 1571,
    "dh": 5183,
    "dk": 5169,
    "fw": 7311,
    "bh": 3540,
    "bb": 392,
    "cu": 1021,
    "bl": 2009,
    "be": 4087,
    "aj": 8174,
    "ct": 153,
    "t": 0,
    "ca": 273,
    "bu": 197,
    "fn": 0,
    "ap": 0,
    "j": 1583,
    "cj": 251,
    "ed": 7,
    "at": 1004,
    "d": 4019,
    "e": 2009,
    "p": 2188,
    "aw": 511,
    "cx": 885,
    "di": 14,
    "av": 125,
    "de": 8317,
    "fr": 641,
    "az": 395,
    "cn": 29,
    "c": 0,
    "gp": 64255,
    "s": 0,
    "cp": 98,
    "dz": 4158,
    "fd": 65523,
    "fi": 39278,
    "dn": 65486,
    "am": 7080,
    "al": 64441,
    "bc": 65143,
    "ac": 232,
    "cm": 127,
    "cq": 251,
    "cl": 31,
    "dq": 68,
    "y": 2009,
    "gr": 14919,
    "ch": 0,
    "bk": 0,
    "cz": 0,
    "cr": 98,
    "bx": 65339,
    "an": 0,
    "dd": 33270,
    "cb": 65262,
    "df": 4158,
    "do": 13388,
    "dp": 46590,
    "dl": 13437,
    "eh": 24,
    "gh": 10271,
    "co": 65506,
    "et": 41085,
    "fp": 5135,
    "fx": 6,
    "gc": 61431,
    "hc": 21519,
    "i": 65071,
    "ax": 116,
    "ei": 65511,
    "ew": 1283,
    "fy": 65529,
    "cf": 0,
    "fv": 2182,
    "ce": 0,
    "ab": 1023,
    "v": 8038,
    "af": 2015,
    "ej": 6694,
    "fk": 10,
    "dg": 1039,
    "ga": 23743,
    "gg": 21,
    "r": 14160,
    "bn": 2009,
    "bt": 65477,
    "eg": 6718,
    "fe": 14611,
    "bi": 0,
    "gf": 20,
    "eo": 1,
    "gd": 19639,
    "w": 0,
    "ay": 65419,
    "bo": 502,
    "gm": 1344,
    "eb": 519,
    "gu": 14916,
    "ev": 5135,
    "gv": 47711,
    "au": 502,
    "ex": 5391,
    "o": 16348,
    "ha": 42,
    "go": 1280,
    "fu": 65022,
    "er": 8317,
}
[src/main.rs:169:9] uneval_exp_num = 131
[src/main.rs:170:9] &out_hash_map = {
    "h": 464,
    "bm": 0,
    "gx": 55291,
    "fa": 4364,
    "cv": 136,
    "ad": 65303,
    "ec": 2591,
    "cg": 1004,
    "bw": 196,
    "ds": 46522,
    "cy": 1,
    "dy": 16635,
    "fh": 57326,
    "dx": 0,
    "u": 0,
    "ez": 64508,
    "cs": 65437,
    "fc": 12,
    "ar": 0,
    "dm": 49,
    "el": 34,
    "gb": 4104,
    "ck": 125,
    "gs": 3,
    "ak": 1094,
    "gl": 5379,
    "bv": 503,
    "cw": 65399,
    "b": 16076,
    "aa": 251,
    "ea": 2079,
    "ae": 791,
    "f": 502,
    "q": 63347,
    "bz": 2043,
    "db": 502,
    "ef": 2584,
    "dt": 0,
    "fq": 2567,
    "em": 65501,
    "ag": 785,
    "ep": 4,
    "x": 8038,
    "bq": 62,
    "bf": 547,
    "fb": 14623,
    "fz": 7305,
    "gj": 43039,
    "eu": 10271,
    "cd": 0,
    "br": 255,
    "dv": 2,
    "bg": 64988,
    "fg": 8209,
    "dw": 16635,
    "fl": 10,
    "dc": 32768,
    "bp": 251,
    "fm": 20542,
    "fs": 2695,
    "ba": 1007,
    "ft": 513,
    "bs": 58,
    "gk": 10759,
    "ff": 47487,
    "da": 1,
    "ge": 1,
    "ek": 23295,
    "z": 1004,
    "gi": 32768,
    "cc": 1770,
    "gn": 5443,
    "gq": 4163,
    "ah": 64750,
    "du": 2,
    "ci": 1004,
    "fj": 0,
    "gt": 65532,
    "m": 63964,
    "gw": 10244,
    "fo": 20542,
    "ao": 0,
    "ai": 1230,
    "as": 4019,
    "en": 23261,
    "dj": 65521,
    "dr": 65467,
    "by": 307,
    "bj": 0,
    "es": 32768,
    "bd": 615,
    "ee": 65528,
    "ey": 1027,
    "gy": 37467,
    "aq": 4019,
    "n": 2460,
    "eq": 5,
    "g": 2047,
    "k": 4031,
    "l": 1571,
    "dh": 5183,
    "dk": 5169,
    "fw": 7311,
    "bh": 3540,
    "bb": 392,
    "cu": 1021,
    "bl": 2009,
    "be": 4087,
    "aj": 8174,
    "ct": 153,
    "t": 0,
    "ca": 273,
    "bu": 197,
    "fn": 0,
    "ap": 0,
    "j": 1583,
    "cj": 251,
    "ed": 7,
    "at": 1004,
    "d": 4019,
    "e": 2009,
    "p": 2188,
    "aw": 511,
    "cx": 885,
    "di": 14,
    "av": 125,
    "de": 8317,
    "fr": 641,
    "az": 395,
    "cn": 29,
    "c": 0,
    "gp": 64255,
    "s": 0,
    "cp": 98,
    "dz": 4158,
    "fd": 65523,
    "fi": 39278,
    "dn": 65486,
    "am": 7080,
    "al": 64441,
    "bc": 65143,
    "ac": 232,
    "cm": 127,
    "cq": 251,
    "cl": 31,
    "dq": 68,
    "y": 2009,
    "gr": 14919,
    "ch": 0,
    "bk": 0,
    "cz": 0,
    "cr": 98,
    "bx": 65339,
    "an": 0,
    "dd": 33270,
    "cb": 65262,
    "df": 4158,
    "do": 13388,
    "dp": 46590,
    "dl": 13437,
    "eh": 24,
    "gh": 10271,
    "co": 65506,
    "et": 41085,
    "fp": 5135,
    "fx": 6,
    "gc": 61431,
    "hc": 21519,
    "i": 65071,
    "ax": 116,
    "ei": 65511,
    "ew": 1283,
    "fy": 65529,
    "cf": 0,
    "fv": 2182,
    "ce": 0,
    "ab": 1023,
    "v": 8038,
    "af": 2015,
    "ej": 6694,
    "fk": 10,
    "dg": 1039,
    "ga": 23743,
    "gg": 21,
    "r": 14160,
    "bn": 2009,
    "bt": 65477,
    "eg": 6718,
    "fe": 14611,
    "bi": 0,
    "gf": 20,
    "eo": 1,
    "gd": 19639,
    "w": 0,
    "ay": 65419,
    "bo": 502,
    "gm": 1344,
    "eb": 519,
    "gu": 14916,
    "ev": 5135,
    "gv": 47711,
    "au": 502,
    "ex": 5391,
    "o": 16348,
    "ha": 42,
    "go": 1280,
    "fu": 65022,
    "er": 8317,
}
[src/main.rs:169:9] uneval_exp_num = 130
[src/main.rs:170:9] &out_hash_map = {
    "h": 464,
    "bm": 0,
    "gx": 55291,
    "fa": 4364,
    "cv": 136,
    "ad": 65303,
    "ec": 2591,
    "cg": 1004,
    "bw": 196,
    "ds": 46522,
    "cy": 1,
    "dy": 16635,
    "fh": 57326,
    "dx": 0,
    "u": 0,
    "ez": 64508,
    "cs": 65437,
    "fc": 12,
    "ar": 0,
    "dm": 49,
    "el": 34,
    "gb": 4104,
    "ck": 125,
    "gs": 3,
    "ak": 1094,
    "gl": 5379,
    "bv": 503,
    "cw": 65399,
    "b": 16076,
    "aa": 251,
    "ea": 2079,
    "ae": 791,
    "f": 502,
    "q": 63347,
    "bz": 2043,
    "db": 502,
    "ef": 2584,
    "dt": 0,
    "fq": 2567,
    "em": 65501,
    "ag": 785,
    "ep": 4,
    "x": 8038,
    "bq": 62,
    "bf": 547,
    "fb": 14623,
    "fz": 7305,
    "gj": 43039,
    "eu": 10271,
    "cd": 0,
    "br": 255,
    "dv": 2,
    "bg": 64988,
    "fg": 8209,
    "dw": 16635,
    "fl": 10,
    "dc": 32768,
    "bp": 251,
    "fm": 20542,
    "fs": 2695,
    "ba": 1007,
    "ft": 513,
    "bs": 58,
    "gk": 10759,
    "ff": 47487,
    "da": 1,
    "ge": 1,
    "ek": 23295,
    "z": 1004,
    "gi": 32768,
    "cc": 1770,
    "gn": 5443,
    "gq": 4163,
    "ah": 64750,
    "du": 2,
    "ci": 1004,
    "fj": 0,
    "gt": 65532,
    "m": 63964,
    "gw": 10244,
    "fo": 20542,
    "ao": 0,
    "ai": 1230,
    "as": 4019,
    "en": 23261,
    "dj": 65521,
    "dr": 65467,
    "by": 307,
    "bj": 0,
    "es": 32768,
    "bd": 615,
    "ee": 65528,
    "ey": 1027,
    "gy": 37467,
    "gz": 1,
    "aq": 4019,
    "n": 2460,
    "eq": 5,
    "g": 2047,
    "k": 4031,
    "l": 1571,
    "dh": 5183,
    "dk": 5169,
    "fw": 7311,
    "bh": 3540,
    "bb": 392,
    "cu": 1021,
    "bl": 2009,
    "be": 4087,
    "aj": 8174,
    "ct": 153,
    "t": 0,
    "ca": 273,
    "bu": 197,
    "fn": 0,
    "ap": 0,
    "j": 1583,
    "cj": 251,
    "ed": 7,
    "at": 1004,
    "d": 4019,
    "e": 2009,
    "p": 2188,
    "aw": 511,
    "cx": 885,
    "di": 14,
    "av": 125,
    "de": 8317,
    "fr": 641,
    "az": 395,
    "cn": 29,
    "c": 0,
    "gp": 64255,
    "s": 0,
    "cp": 98,
    "dz": 4158,
    "fd": 65523,
    "fi": 39278,
    "dn": 65486,
    "am": 7080,
    "al": 64441,
    "bc": 65143,
    "ac": 232,
    "cm": 127,
    "cq": 251,
    "cl": 31,
    "dq": 68,
    "y": 2009,
    "gr": 14919,
    "ch": 0,
    "bk": 0,
    "cz": 0,
    "cr": 98,
    "bx": 65339,
    "an": 0,
    "dd": 33270,
    "cb": 65262,
    "df": 4158,
    "do": 13388,
    "dp": 46590,
    "dl": 13437,
    "eh": 24,
    "gh": 10271,
    "co": 65506,
    "et": 41085,
    "fp": 5135,
    "fx": 6,
    "gc": 61431,
    "hc": 21519,
    "i": 65071,
    "ax": 116,
    "ei": 65511,
    "ew": 1283,
    "fy": 65529,
    "cf": 0,
    "fv": 2182,
    "ce": 0,
    "ab": 1023,
    "v": 8038,
    "af": 2015,
    "ej": 6694,
    "fk": 10,
    "dg": 1039,
    "ga": 23743,
    "gg": 21,
    "r": 14160,
    "bn": 2009,
    "bt": 65477,
    "eg": 6718,
    "fe": 14611,
    "bi": 0,
    "gf": 20,
    "eo": 1,
    "gd": 19639,
    "w": 0,
    "ay": 65419,
    "bo": 502,
    "gm": 1344,
    "eb": 519,
    "gu": 14916,
    "ev": 5135,
    "gv": 47711,
    "au": 502,
    "ex": 5391,
    "o": 16348,
    "ha": 42,
    "go": 1280,
    "fu": 65022,
    "er": 8317,
}
[src/main.rs:169:9] uneval_exp_num = 122
[src/main.rs:170:9] &out_hash_map = {
    "h": 464,
    "bm": 0,
    "gx": 55291,
    "fa": 4364,
    "cv": 136,
    "ad": 65303,
    "ec": 2591,
    "cg": 1004,
    "bw": 196,
    "ds": 46522,
    "cy": 1,
    "dy": 16635,
    "fh": 57326,
    "dx": 0,
    "u": 0,
    "hb": 43,
    "ez": 64508,
    "he": 54287,
    "cs": 65437,
    "fc": 12,
    "ar": 0,
    "dm": 49,
    "el": 34,
    "gb": 4104,
    "hh": 1696,
    "ck": 125,
    "gs": 3,
    "ak": 1094,
    "gl": 5379,
    "bv": 503,
    "cw": 65399,
    "b": 16076,
    "aa": 251,
    "ea": 2079,
    "ae": 791,
    "f": 502,
    "q": 63347,
    "bz": 2043,
    "db": 502,
    "ef": 2584,
    "dt": 0,
    "fq": 2567,
    "em": 65501,
    "ag": 785,
    "ep": 4,
    "x": 8038,
    "bq": 62,
    "bf": 547,
    "fb": 14623,
    "fz": 7305,
    "gj": 43039,
    "eu": 10271,
    "cd": 0,
    "br": 255,
    "dv": 2,
    "bg": 64988,
    "fg": 8209,
    "dw": 16635,
    "fl": 10,
    "dc": 32768,
    "bp": 251,
    "fm": 20542,
    "fs": 2695,
    "ba": 1007,
    "ft": 513,
    "bs": 58,
    "gk": 10759,
    "ff": 47487,
    "da": 1,
    "ge": 1,
    "ek": 23295,
    "z": 1004,
    "gi": 32768,
    "cc": 1770,
    "gn": 5443,
    "gq": 4163,
    "ah": 64750,
    "du": 2,
    "ci": 1004,
    "fj": 0,
    "gt": 65532,
    "m": 63964,
    "gw": 10244,
    "hf": 13571,
    "fo": 20542,
    "ao": 0,
    "ai": 1230,
    "as": 4019,
    "en": 23261,
    "dj": 65521,
    "dr": 65467,
    "by": 307,
    "bj": 0,
    "es": 32768,
    "bd": 615,
    "ee": 65528,
    "ey": 1027,
    "gy": 37467,
    "gz": 1,
    "aq": 4019,
    "n": 2460,
    "hv": 86,
    "eq": 5,
    "g": 2047,
    "k": 4031,
    "l": 1571,
    "dh": 5183,
    "dk": 5169,
    "fw": 7311,
    "bh": 3540,
    "bb": 392,
    "cu": 1021,
    "bl": 2009,
    "be": 4087,
    "aj": 8174,
    "ct": 153,
    "t": 0,
    "ca": 273,
    "bu": 197,
    "fn": 0,
    "ap": 0,
    "j": 1583,
    "cj": 251,
    "ed": 7,
    "at": 1004,
    "d": 4019,
    "e": 2009,
    "p": 2188,
    "aw": 511,
    "cx": 885,
    "di": 14,
    "av": 125,
    "de": 8317,
    "fr": 641,
    "az": 395,
    "cn": 29,
    "c": 0,
    "gp": 64255,
    "s": 0,
    "cp": 98,
    "dz": 4158,
    "fd": 65523,
    "fi": 39278,
    "dn": 65486,
    "am": 7080,
    "al": 64441,
    "bc": 65143,
    "ac": 232,
    "cm": 127,
    "cq": 251,
    "cl": 31,
    "dq": 68,
    "y": 2009,
    "gr": 14919,
    "ch": 0,
    "bk": 0,
    "cz": 0,
    "cr": 98,
    "bx": 65339,
    "an": 0,
    "dd": 33270,
    "cb": 65262,
    "df": 4158,
    "do": 13388,
    "dp": 46590,
    "dl": 13437,
    "eh": 24,
    "gh": 10271,
    "co": 65506,
    "et": 41085,
    "fp": 5135,
    "fx": 6,
    "gc": 61431,
    "hc": 21519,
    "i": 65071,
    "ax": 116,
    "ei": 65511,
    "ew": 1283,
    "fy": 65529,
    "cf": 0,
    "fv": 2182,
    "ce": 0,
    "ab": 1023,
    "v": 8038,
    "af": 2015,
    "ej": 6694,
    "fk": 10,
    "dg": 1039,
    "ga": 23743,
    "gg": 21,
    "r": 14160,
    "bn": 2009,
    "bt": 65477,
    "eg": 6718,
    "fe": 14611,
    "bi": 0,
    "gf": 20,
    "eo": 1,
    "gd": 19639,
    "w": 0,
    "ay": 65419,
    "bo": 502,
    "gm": 1344,
    "eb": 519,
    "gu": 14916,
    "ev": 5135,
    "gv": 47711,
    "hd": 32768,
    "au": 502,
    "ex": 5391,
    "o": 16348,
    "ha": 42,
    "hg": 6785,
    "hx": 27143,
    "go": 1280,
    "fu": 65022,
    "er": 8317,
}
[src/main.rs:169:9] uneval_exp_num = 120
[src/main.rs:170:9] &out_hash_map = {
    "h": 464,
    "bm": 0,
    "gx": 55291,
    "fa": 4364,
    "cv": 136,
    "ad": 65303,
    "ec": 2591,
    "cg": 1004,
    "bw": 196,
    "ds": 46522,
    "cy": 1,
    "dy": 16635,
    "fh": 57326,
    "dx": 0,
    "u": 0,
    "hb": 43,
    "ez": 64508,
    "he": 54287,
    "cs": 65437,
    "fc": 12,
    "ar": 0,
    "dm": 49,
    "el": 34,
    "gb": 4104,
    "hh": 1696,
    "hj": 640,
    "ck": 125,
    "gs": 3,
    "ak": 1094,
    "gl": 5379,
    "bv": 503,
    "cw": 65399,
    "b": 16076,
    "aa": 251,
    "ea": 2079,
    "ae": 791,
    "f": 502,
    "q": 63347,
    "bz": 2043,
    "db": 502,
    "ef": 2584,
    "dt": 0,
    "fq": 2567,
    "em": 65501,
    "ag": 785,
    "ep": 4,
    "x": 8038,
    "bq": 62,
    "bf": 547,
    "fb": 14623,
    "fz": 7305,
    "gj": 43039,
    "eu": 10271,
    "cd": 0,
    "br": 255,
    "dv": 2,
    "bg": 64988,
    "fg": 8209,
    "dw": 16635,
    "fl": 10,
    "dc": 32768,
    "bp": 251,
    "fm": 20542,
    "fs": 2695,
    "ba": 1007,
    "ft": 513,
    "bs": 58,
    "gk": 10759,
    "ff": 47487,
    "da": 1,
    "ge": 1,
    "ek": 23295,
    "z": 1004,
    "gi": 32768,
    "cc": 1770,
    "gn": 5443,
    "gq": 4163,
    "ah": 64750,
    "du": 2,
    "ci": 1004,
    "fj": 0,
    "gt": 65532,
    "m": 63964,
    "gw": 10244,
    "hf": 13571,
    "fo": 20542,
    "ao": 0,
    "ai": 1230,
    "as": 4019,
    "en": 23261,
    "dj": 65521,
    "dr": 65467,
    "by": 307,
    "bj": 0,
    "es": 32768,
    "bd": 615,
    "ee": 65528,
    "ey": 1027,
    "gy": 37467,
    "gz": 1,
    "aq": 4019,
    "n": 2460,
    "hv": 86,
    "eq": 5,
    "g": 2047,
    "k": 4031,
    "l": 1571,
    "hi": 7841,
    "dh": 5183,
    "dk": 5169,
    "fw": 7311,
    "bh": 3540,
    "bb": 392,
    "cu": 1021,
    "bl": 2009,
    "be": 4087,
    "aj": 8174,
    "ct": 153,
    "t": 0,
    "ca": 273,
    "bu": 197,
    "fn": 0,
    "ap": 0,
    "j": 1583,
    "cj": 251,
    "ed": 7,
    "at": 1004,
    "d": 4019,
    "e": 2009,
    "p": 2188,
    "aw": 511,
    "cx": 885,
    "di": 14,
    "av": 125,
    "de": 8317,
    "fr": 641,
    "az": 395,
    "cn": 29,
    "c": 0,
    "gp": 64255,
    "s": 0,
    "cp": 98,
    "dz": 4158,
    "fd": 65523,
    "fi": 39278,
    "dn": 65486,
    "am": 7080,
    "al": 64441,
    "bc": 65143,
    "ac": 232,
    "cm": 127,
    "cq": 251,
    "cl": 31,
    "dq": 68,
    "y": 2009,
    "gr": 14919,
    "ch": 0,
    "bk": 0,
    "cz": 0,
    "cr": 98,
    "bx": 65339,
    "an": 0,
    "dd": 33270,
    "cb": 65262,
    "df": 4158,
    "do": 13388,
    "dp": 46590,
    "dl": 13437,
    "eh": 24,
    "gh": 10271,
    "co": 65506,
    "et": 41085,
    "fp": 5135,
    "fx": 6,
    "gc": 61431,
    "hc": 21519,
    "i": 65071,
    "ax": 116,
    "ei": 65511,
    "ew": 1283,
    "fy": 65529,
    "cf": 0,
    "fv": 2182,
    "ce": 0,
    "ab": 1023,
    "v": 8038,
    "af": 2015,
    "ej": 6694,
    "fk": 10,
    "dg": 1039,
    "ga": 23743,
    "gg": 21,
    "r": 14160,
    "bn": 2009,
    "bt": 65477,
    "eg": 6718,
    "fe": 14611,
    "bi": 0,
    "gf": 20,
    "eo": 1,
    "gd": 19639,
    "w": 0,
    "ay": 65419,
    "bo": 502,
    "gm": 1344,
    "eb": 519,
    "gu": 14916,
    "ev": 5135,
    "gv": 47711,
    "hd": 32768,
    "au": 502,
    "ex": 5391,
    "o": 16348,
    "ha": 42,
    "hg": 6785,
    "hx": 27143,
    "go": 1280,
    "fu": 65022,
    "er": 8317,
}
[src/main.rs:169:9] uneval_exp_num = 119
[src/main.rs:170:9] &out_hash_map = {
    "h": 464,
    "bm": 0,
    "gx": 55291,
    "fa": 4364,
    "cv": 136,
    "ad": 65303,
    "ec": 2591,
    "cg": 1004,
    "bw": 196,
    "ds": 46522,
    "cy": 1,
    "dy": 16635,
    "fh": 57326,
    "dx": 0,
    "u": 0,
    "hb": 43,
    "ez": 64508,
    "he": 54287,
    "cs": 65437,
    "fc": 12,
    "ar": 0,
    "dm": 49,
    "el": 34,
    "gb": 4104,
    "hh": 1696,
    "hj": 640,
    "ck": 125,
    "gs": 3,
    "ak": 1094,
    "gl": 5379,
    "bv": 503,
    "cw": 65399,
    "b": 16076,
    "aa": 251,
    "ea": 2079,
    "ae": 791,
    "f": 502,
    "q": 63347,
    "bz": 2043,
    "db": 502,
    "ef": 2584,
    "dt": 0,
    "fq": 2567,
    "em": 65501,
    "ag": 785,
    "ep": 4,
    "x": 8038,
    "bq": 62,
    "bf": 547,
    "fb": 14623,
    "fz": 7305,
    "gj": 43039,
    "eu": 10271,
    "cd": 0,
    "br": 255,
    "dv": 2,
    "bg": 64988,
    "fg": 8209,
    "dw": 16635,
    "fl": 10,
    "dc": 32768,
    "bp": 251,
    "fm": 20542,
    "fs": 2695,
    "ba": 1007,
    "ft": 513,
    "bs": 58,
    "gk": 10759,
    "ff": 47487,
    "da": 1,
    "ge": 1,
    "ek": 23295,
    "z": 1004,
    "gi": 32768,
    "cc": 1770,
    "gn": 5443,
    "gq": 4163,
    "ah": 64750,
    "du": 2,
    "ci": 1004,
    "fj": 0,
    "gt": 65532,
    "m": 63964,
    "gw": 10244,
    "hf": 13571,
    "fo": 20542,
    "ao": 0,
    "ai": 1230,
    "as": 4019,
    "en": 23261,
    "dj": 65521,
    "dr": 65467,
    "by": 307,
    "bj": 0,
    "es": 32768,
    "bd": 615,
    "ee": 65528,
    "ey": 1027,
    "gy": 37467,
    "gz": 1,
    "aq": 4019,
    "n": 2460,
    "hv": 86,
    "eq": 5,
    "g": 2047,
    "k": 4031,
    "l": 1571,
    "hi": 7841,
    "dh": 5183,
    "dk": 5169,
    "fw": 7311,
    "bh": 3540,
    "bb": 392,
    "cu": 1021,
    "bl": 2009,
    "be": 4087,
    "aj": 8174,
    "ct": 153,
    "t": 0,
    "ca": 273,
    "bu": 197,
    "fn": 0,
    "ap": 0,
    "j": 1583,
    "cj": 251,
    "ed": 7,
    "at": 1004,
    "d": 4019,
    "hk": 64895,
    "e": 2009,
    "p": 2188,
    "aw": 511,
    "cx": 885,
    "di": 14,
    "av": 125,
    "de": 8317,
    "fr": 641,
    "az": 395,
    "cn": 29,
    "c": 0,
    "gp": 64255,
    "s": 0,
    "cp": 98,
    "dz": 4158,
    "fd": 65523,
    "fi": 39278,
    "dn": 65486,
    "am": 7080,
    "al": 64441,
    "bc": 65143,
    "ac": 232,
    "cm": 127,
    "cq": 251,
    "cl": 31,
    "dq": 68,
    "y": 2009,
    "gr": 14919,
    "ch": 0,
    "bk": 0,
    "cz": 0,
    "cr": 98,
    "bx": 65339,
    "an": 0,
    "dd": 33270,
    "cb": 65262,
    "df": 4158,
    "do": 13388,
    "dp": 46590,
    "dl": 13437,
    "eh": 24,
    "gh": 10271,
    "co": 65506,
    "et": 41085,
    "fp": 5135,
    "fx": 6,
    "gc": 61431,
    "hc": 21519,
    "i": 65071,
    "ax": 116,
    "ei": 65511,
    "ew": 1283,
    "fy": 65529,
    "cf": 0,
    "fv": 2182,
    "ce": 0,
    "ab": 1023,
    "v": 8038,
    "af": 2015,
    "ej": 6694,
    "fk": 10,
    "dg": 1039,
    "ga": 23743,
    "gg": 21,
    "r": 14160,
    "bn": 2009,
    "bt": 65477,
    "eg": 6718,
    "fe": 14611,
    "bi": 0,
    "gf": 20,
    "eo": 1,
    "gd": 19639,
    "w": 0,
    "ay": 65419,
    "bo": 502,
    "gm": 1344,
    "eb": 519,
    "gu": 14916,
    "ev": 5135,
    "gv": 47711,
    "hd": 32768,
    "au": 502,
    "ex": 5391,
    "o": 16348,
    "ha": 42,
    "hg": 6785,
    "hx": 27143,
    "go": 1280,
    "fu": 65022,
    "er": 8317,
}
[src/main.rs:169:9] uneval_exp_num = 115
[src/main.rs:170:9] &out_hash_map = {
    "h": 464,
    "bm": 0,
    "gx": 55291,
    "fa": 4364,
    "cv": 136,
    "ad": 65303,
    "ec": 2591,
    "cg": 1004,
    "bw": 196,
    "ds": 46522,
    "cy": 1,
    "dy": 16635,
    "fh": 57326,
    "dx": 0,
    "u": 0,
    "hb": 43,
    "ez": 64508,
    "he": 54287,
    "cs": 65437,
    "fc": 12,
    "ar": 0,
    "dm": 49,
    "el": 34,
    "gb": 4104,
    "hh": 1696,
    "hj": 640,
    "hm": 15651,
    "ck": 125,
    "gs": 3,
    "ak": 1094,
    "gl": 5379,
    "bv": 503,
    "cw": 65399,
    "b": 16076,
    "aa": 251,
    "ea": 2079,
    "ae": 791,
    "f": 502,
    "q": 63347,
    "bz": 2043,
    "db": 502,
    "ef": 2584,
    "dt": 0,
    "fq": 2567,
    "em": 65501,
    "ag": 785,
    "ep": 4,
    "x": 8038,
    "bq": 62,
    "bf": 547,
    "fb": 14623,
    "fz": 7305,
    "gj": 43039,
    "eu": 10271,
    "cd": 0,
    "br": 255,
    "dv": 2,
    "bg": 64988,
    "fg": 8209,
    "dw": 16635,
    "fl": 10,
    "dc": 32768,
    "bp": 251,
    "fm": 20542,
    "fs": 2695,
    "ba": 1007,
    "ft": 513,
    "bs": 58,
    "gk": 10759,
    "ff": 47487,
    "da": 1,
    "ge": 1,
    "ek": 23295,
    "z": 1004,
    "gi": 32768,
    "cc": 1770,
    "gn": 5443,
    "gq": 4163,
    "ah": 64750,
    "du": 2,
    "ci": 1004,
    "fj": 0,
    "gt": 65532,
    "m": 63964,
    "gw": 10244,
    "hf": 13571,
    "ho": 60414,
    "fo": 20542,
    "ao": 0,
    "ai": 1230,
    "as": 4019,
    "en": 23261,
    "dj": 65521,
    "dr": 65467,
    "by": 307,
    "bj": 0,
    "es": 32768,
    "bd": 615,
    "ee": 65528,
    "ey": 1027,
    "gy": 37467,
    "gz": 1,
    "aq": 4019,
    "n": 2460,
    "hv": 86,
    "eq": 5,
    "hn": 5121,
    "g": 2047,
    "k": 4031,
    "l": 1571,
    "hi": 7841,
    "dh": 5183,
    "dk": 5169,
    "fw": 7311,
    "bh": 3540,
    "bb": 392,
    "cu": 1021,
    "bl": 2009,
    "be": 4087,
    "aj": 8174,
    "ct": 153,
    "t": 0,
    "ca": 273,
    "bu": 197,
    "fn": 0,
    "ap": 0,
    "j": 1583,
    "cj": 251,
    "ed": 7,
    "at": 1004,
    "d": 4019,
    "hk": 64895,
    "e": 2009,
    "p": 2188,
    "aw": 511,
    "cx": 885,
    "di": 14,
    "av": 125,
    "de": 8317,
    "fr": 641,
    "az": 395,
    "cn": 29,
    "c": 0,
    "gp": 64255,
    "s": 0,
    "cp": 98,
    "dz": 4158,
    "fd": 65523,
    "fi": 39278,
    "dn": 65486,
    "am": 7080,
    "al": 64441,
    "bc": 65143,
    "ac": 232,
    "cm": 127,
    "cq": 251,
    "hl": 7201,
    "cl": 31,
    "dq": 68,
    "y": 2009,
    "gr": 14919,
    "ch": 0,
    "bk": 0,
    "cz": 0,
    "cr": 98,
    "bx": 65339,
    "an": 0,
    "dd": 33270,
    "cb": 65262,
    "df": 4158,
    "do": 13388,
    "dp": 46590,
    "dl": 13437,
    "eh": 24,
    "gh": 10271,
    "co": 65506,
    "et": 41085,
    "fp": 5135,
    "fx": 6,
    "gc": 61431,
    "hc": 21519,
    "i": 65071,
    "ax": 116,
    "ei": 65511,
    "ew": 1283,
    "fy": 65529,
    "cf": 0,
    "fv": 2182,
    "ce": 0,
    "ab": 1023,
    "v": 8038,
    "af": 2015,
    "ej": 6694,
    "fk": 10,
    "dg": 1039,
    "ga": 23743,
    "gg": 21,
    "r": 14160,
    "bn": 2009,
    "bt": 65477,
    "eg": 6718,
    "fe": 14611,
    "bi": 0,
    "gf": 20,
    "eo": 1,
    "gd": 19639,
    "w": 0,
    "ay": 65419,
    "bo": 502,
    "gm": 1344,
    "eb": 519,
    "gu": 14916,
    "ev": 5135,
    "gv": 47711,
    "hd": 32768,
    "au": 502,
    "ex": 5391,
    "o": 16348,
    "ha": 42,
    "hg": 6785,
    "hx": 27143,
    "go": 1280,
    "fu": 65022,
    "er": 8317,
}
[src/main.rs:169:9] uneval_exp_num = 112
[src/main.rs:170:9] &out_hash_map = {
    "h": 464,
    "bm": 0,
    "hb": 43,
    "cg": 1004,
    "bw": 196,
    "ds": 46522,
    "cy": 1,
    "dy": 16635,
    "hj": 640,
    "cs": 65437,
    "ar": 0,
    "gb": 4104,
    "gs": 3,
    "gl": 5379,
    "ef": 2584,
    "b": 16076,
    "f": 502,
    "fz": 7305,
    "dt": 0,
    "gk": 10759,
    "ag": 785,
    "gq": 4163,
    "bq": 62,
    "bf": 547,
    "eu": 10271,
    "hn": 5121,
    "br": 255,
    "fl": 10,
    "ft": 513,
    "fs": 2695,
    "ho": 60414,
    "dc": 32768,
    "bp": 251,
    "fm": 20542,
    "gw": 10244,
    "hf": 13571,
    "ff": 47487,
    "da": 1,
    "ge": 1,
    "ek": 23295,
    "z": 1004,
    "ah": 64750,
    "ci": 1004,
    "m": 63964,
    "ao": 0,
    "hv": 86,
    "es": 32768,
    "by": 307,
    "gz": 1,
    "bd": 615,
    "aq": 4019,
    "eq": 5,
    "g": 2047,
    "l": 1571,
    "dh": 5183,
    "dk": 5169,
    "bh": 3540,
    "bb": 392,
    "cu": 1021,
    "bl": 2009,
    "aj": 8174,
    "ap": 0,
    "ed": 7,
    "d": 4019,
    "e": 2009,
    "cx": 885,
    "di": 14,
    "av": 125,
    "de": 8317,
    "hp": 10530,
    "az": 395,
    "s": 0,
    "dz": 4158,
    "fd": 65523,
    "fi": 39278,
    "cm": 127,
    "ac": 232,
    "cl": 31,
    "gr": 14919,
    "cz": 0,
    "cr": 98,
    "dd": 33270,
    "df": 4158,
    "cb": 65262,
    "dp": 46590,
    "do": 13388,
    "dl": 13437,
    "gh": 10271,
    "fp": 5135,
    "i": 65071,
    "he": 54287,
    "ax": 116,
    "ei": 65511,
    "ew": 1283,
    "ga": 23743,
    "fv": 2182,
    "ab": 1023,
    "af": 2015,
    "ej": 6694,
    "fk": 10,
    "gg": 21,
    "hq": 64815,
    "eg": 6718,
    "gm": 1344,
    "bi": 0,
    "eo": 1,
    "gv": 47711,
    "eb": 519,
    "ev": 5135,
    "o": 16348,
    "er": 8317,
    "gx": 55291,
    "fa": 4364,
    "cv": 136,
    "ad": 65303,
    "ec": 2591,
    "fh": 57326,
    "hm": 15651,
    "dx": 0,
    "u": 0,
    "ez": 64508,
    "fc": 12,
    "dm": 49,
    "el": 34,
    "ck": 125,
    "ak": 1094,
    "bv": 503,
    "cw": 65399,
    "aa": 251,
    "fq": 2567,
    "ea": 2079,
    "ae": 791,
    "bz": 2043,
    "q": 63347,
    "db": 502,
    "gj": 43039,
    "em": 65501,
    "ep": 4,
    "x": 8038,
    "fb": 14623,
    "gn": 5443,
    "gy": 37467,
    "cd": 0,
    "dv": 2,
    "bg": 64988,
    "fg": 8209,
    "dw": 16635,
    "ba": 1007,
    "bs": 58,
    "gi": 32768,
    "gt": 65532,
    "cc": 1770,
    "du": 2,
    "fj": 0,
    "fo": 20542,
    "ai": 1230,
    "as": 4019,
    "en": 23261,
    "dj": 65521,
    "dr": 65467,
    "ey": 1027,
    "bj": 0,
    "ee": 65528,
    "n": 2460,
    "k": 4031,
    "hi": 7841,
    "fw": 7311,
    "be": 4087,
    "ct": 153,
    "t": 0,
    "ca": 273,
    "bu": 197,
    "fn": 0,
    "j": 1583,
    "cj": 251,
    "at": 1004,
    "hk": 64895,
    "p": 2188,
    "aw": 511,
    "fr": 641,
    "cn": 29,
    "hr": 2,
    "c": 0,
    "gp": 64255,
    "cp": 98,
    "dn": 65486,
    "am": 7080,
    "al": 64441,
    "bc": 65143,
    "cq": 251,
    "hl": 7201,
    "dq": 68,
    "y": 2009,
    "gu": 14916,
    "ch": 0,
    "bk": 0,
    "hg": 6785,
    "bx": 65339,
    "an": 0,
    "gc": 61431,
    "fx": 6,
    "hc": 21519,
    "hx": 27143,
    "eh": 24,
    "go": 1280,
    "co": 65506,
    "et": 41085,
    "fy": 65529,
    "cf": 0,
    "ce": 0,
    "v": 8038,
    "dg": 1039,
    "hh": 1696,
    "r": 14160,
    "bn": 2009,
    "bt": 65477,
    "fe": 14611,
    "gd": 19639,
    "gf": 20,
    "hd": 32768,
    "w": 0,
    "ay": 65419,
    "bo": 502,
    "au": 502,
    "ex": 5391,
    "ha": 42,
    "fu": 65022,
}
[src/main.rs:169:9] uneval_exp_num = 111
[src/main.rs:170:9] &out_hash_map = {
    "h": 464,
    "bm": 0,
    "hb": 43,
    "cg": 1004,
    "bw": 196,
    "ds": 46522,
    "cy": 1,
    "dy": 16635,
    "hj": 640,
    "cs": 65437,
    "ar": 0,
    "gb": 4104,
    "gs": 3,
    "gl": 5379,
    "ef": 2584,
    "b": 16076,
    "f": 502,
    "fz": 7305,
    "dt": 0,
    "gk": 10759,
    "ag": 785,
    "gq": 4163,
    "bq": 62,
    "bf": 547,
    "eu": 10271,
    "hn": 5121,
    "br": 255,
    "fl": 10,
    "ft": 513,
    "fs": 2695,
    "ho": 60414,
    "dc": 32768,
    "bp": 251,
    "fm": 20542,
    "gw": 10244,
    "hf": 13571,
    "ff": 47487,
    "da": 1,
    "ge": 1,
    "ek": 23295,
    "z": 1004,
    "ah": 64750,
    "ci": 1004,
    "m": 63964,
    "ao": 0,
    "hv": 86,
    "es": 32768,
    "by": 307,
    "gz": 1,
    "bd": 615,
    "aq": 4019,
    "eq": 5,
    "g": 2047,
    "l": 1571,
    "dh": 5183,
    "dk": 5169,
    "bh": 3540,
    "bb": 392,
    "cu": 1021,
    "bl": 2009,
    "aj": 8174,
    "ap": 0,
    "ed": 7,
    "d": 4019,
    "e": 2009,
    "cx": 885,
    "di": 14,
    "av": 125,
    "de": 8317,
    "hp": 10530,
    "az": 395,
    "s": 0,
    "dz": 4158,
    "fd": 65523,
    "fi": 39278,
    "cm": 127,
    "ac": 232,
    "cl": 31,
    "gr": 14919,
    "cz": 0,
    "cr": 98,
    "dd": 33270,
    "df": 4158,
    "cb": 65262,
    "dp": 46590,
    "do": 13388,
    "dl": 13437,
    "gh": 10271,
    "fp": 5135,
    "i": 65071,
    "he": 54287,
    "ax": 116,
    "ei": 65511,
    "ew": 1283,
    "ga": 23743,
    "fv": 2182,
    "ab": 1023,
    "af": 2015,
    "ej": 6694,
    "fk": 10,
    "gg": 21,
    "hq": 64815,
    "eg": 6718,
    "gm": 1344,
    "bi": 0,
    "eo": 1,
    "gv": 47711,
    "eb": 519,
    "ev": 5135,
    "o": 16348,
    "er": 8317,
    "gx": 55291,
    "fa": 4364,
    "cv": 136,
    "ad": 65303,
    "ec": 2591,
    "fh": 57326,
    "hm": 15651,
    "dx": 0,
    "u": 0,
    "ez": 64508,
    "fc": 12,
    "dm": 49,
    "el": 34,
    "ck": 125,
    "ak": 1094,
    "bv": 503,
    "cw": 65399,
    "aa": 251,
    "fq": 2567,
    "ea": 2079,
    "ae": 791,
    "bz": 2043,
    "q": 63347,
    "db": 502,
    "gj": 43039,
    "em": 65501,
    "ep": 4,
    "x": 8038,
    "fb": 14623,
    "gn": 5443,
    "gy": 37467,
    "cd": 0,
    "dv": 2,
    "bg": 64988,
    "fg": 8209,
    "dw": 16635,
    "ba": 1007,
    "bs": 58,
    "gi": 32768,
    "gt": 65532,
    "cc": 1770,
    "du": 2,
    "fj": 0,
    "fo": 20542,
    "ai": 1230,
    "as": 4019,
    "en": 23261,
    "dj": 65521,
    "dr": 65467,
    "ey": 1027,
    "bj": 0,
    "hs": 65533,
    "ee": 65528,
    "n": 2460,
    "k": 4031,
    "hi": 7841,
    "fw": 7311,
    "be": 4087,
    "ct": 153,
    "t": 0,
    "ca": 273,
    "bu": 197,
    "fn": 0,
    "j": 1583,
    "cj": 251,
    "at": 1004,
    "hk": 64895,
    "p": 2188,
    "aw": 511,
    "fr": 641,
    "cn": 29,
    "hr": 2,
    "c": 0,
    "gp": 64255,
    "cp": 98,
    "dn": 65486,
    "am": 7080,
    "al": 64441,
    "bc": 65143,
    "cq": 251,
    "hl": 7201,
    "dq": 68,
    "y": 2009,
    "gu": 14916,
    "ch": 0,
    "bk": 0,
    "hg": 6785,
    "bx": 65339,
    "an": 0,
    "gc": 61431,
    "fx": 6,
    "hc": 21519,
    "hx": 27143,
    "eh": 24,
    "go": 1280,
    "co": 65506,
    "et": 41085,
    "fy": 65529,
    "cf": 0,
    "ce": 0,
    "v": 8038,
    "dg": 1039,
    "hh": 1696,
    "r": 14160,
    "bn": 2009,
    "bt": 65477,
    "fe": 14611,
    "gd": 19639,
    "gf": 20,
    "hd": 32768,
    "w": 0,
    "ay": 65419,
    "bo": 502,
    "au": 502,
    "ex": 5391,
    "ha": 42,
    "fu": 65022,
}
[src/main.rs:169:9] uneval_exp_num = 109
[src/main.rs:170:9] &out_hash_map = {
    "h": 464,
    "bm": 0,
    "hb": 43,
    "cg": 1004,
    "bw": 196,
    "ds": 46522,
    "cy": 1,
    "dy": 16635,
    "hj": 640,
    "cs": 65437,
    "ar": 0,
    "gb": 4104,
    "gs": 3,
    "gl": 5379,
    "ef": 2584,
    "b": 16076,
    "f": 502,
    "fz": 7305,
    "ht": 64813,
    "dt": 0,
    "gk": 10759,
    "ag": 785,
    "gq": 4163,
    "bq": 62,
    "bf": 547,
    "eu": 10271,
    "hn": 5121,
    "br": 255,
    "fl": 10,
    "ft": 513,
    "fs": 2695,
    "ho": 60414,
    "dc": 32768,
    "bp": 251,
    "fm": 20542,
    "gw": 10244,
    "hf": 13571,
    "ff": 47487,
    "da": 1,
    "ge": 1,
    "ek": 23295,
    "z": 1004,
    "ah": 64750,
    "ci": 1004,
    "m": 63964,
    "ao": 0,
    "hv": 86,
    "es": 32768,
    "by": 307,
    "gz": 1,
    "bd": 615,
    "aq": 4019,
    "eq": 5,
    "g": 2047,
    "l": 1571,
    "dh": 5183,
    "dk": 5169,
    "bh": 3540,
    "bb": 392,
    "cu": 1021,
    "bl": 2009,
    "aj": 8174,
    "ap": 0,
    "ed": 7,
    "d": 4019,
    "e": 2009,
    "cx": 885,
    "di": 14,
    "av": 125,
    "de": 8317,
    "hp": 10530,
    "az": 395,
    "s": 0,
    "dz": 4158,
    "fd": 65523,
    "fi": 39278,
    "cm": 127,
    "ac": 232,
    "cl": 31,
    "gr": 14919,
    "cz": 0,
    "cr": 98,
    "dd": 33270,
    "df": 4158,
    "cb": 65262,
    "dp": 46590,
    "do": 13388,
    "dl": 13437,
    "gh": 10271,
    "fp": 5135,
    "i": 65071,
    "he": 54287,
    "ax": 116,
    "ei": 65511,
    "ew": 1283,
    "ga": 23743,
    "fv": 2182,
    "ab": 1023,
    "af": 2015,
    "ej": 6694,
    "hu": 1,
    "fk": 10,
    "gg": 21,
    "hq": 64815,
    "eg": 6718,
    "gm": 1344,
    "bi": 0,
    "eo": 1,
    "gv": 47711,
    "eb": 519,
    "ev": 5135,
    "o": 16348,
    "er": 8317,
    "gx": 55291,
    "fa": 4364,
    "cv": 136,
    "ad": 65303,
    "ec": 2591,
    "fh": 57326,
    "hm": 15651,
    "dx": 0,
    "u": 0,
    "ez": 64508,
    "fc": 12,
    "dm": 49,
    "el": 34,
    "ck": 125,
    "ak": 1094,
    "bv": 503,
    "cw": 65399,
    "aa": 251,
    "fq": 2567,
    "ea": 2079,
    "ae": 791,
    "bz": 2043,
    "q": 63347,
    "db": 502,
    "gj": 43039,
    "em": 65501,
    "ep": 4,
    "x": 8038,
    "fb": 14623,
    "gn": 5443,
    "gy": 37467,
    "cd": 0,
    "dv": 2,
    "bg": 64988,
    "fg": 8209,
    "dw": 16635,
    "ba": 1007,
    "bs": 58,
    "gi": 32768,
    "gt": 65532,
    "cc": 1770,
    "du": 2,
    "fj": 0,
    "fo": 20542,
    "ai": 1230,
    "as": 4019,
    "en": 23261,
    "dj": 65521,
    "dr": 65467,
    "ey": 1027,
    "bj": 0,
    "hs": 65533,
    "ee": 65528,
    "n": 2460,
    "k": 4031,
    "hi": 7841,
    "fw": 7311,
    "be": 4087,
    "ct": 153,
    "t": 0,
    "ca": 273,
    "bu": 197,
    "fn": 0,
    "j": 1583,
    "cj": 251,
    "at": 1004,
    "hk": 64895,
    "p": 2188,
    "aw": 511,
    "fr": 641,
    "cn": 29,
    "hr": 2,
    "c": 0,
    "gp": 64255,
    "cp": 98,
    "dn": 65486,
    "am": 7080,
    "al": 64441,
    "bc": 65143,
    "cq": 251,
    "hl": 7201,
    "dq": 68,
    "y": 2009,
    "gu": 14916,
    "ch": 0,
    "bk": 0,
    "hg": 6785,
    "bx": 65339,
    "an": 0,
    "gc": 61431,
    "fx": 6,
    "hc": 21519,
    "hx": 27143,
    "eh": 24,
    "go": 1280,
    "co": 65506,
    "et": 41085,
    "fy": 65529,
    "cf": 0,
    "ce": 0,
    "v": 8038,
    "dg": 1039,
    "hh": 1696,
    "r": 14160,
    "bn": 2009,
    "bt": 65477,
    "fe": 14611,
    "gd": 19639,
    "gf": 20,
    "hd": 32768,
    "w": 0,
    "ay": 65419,
    "bo": 502,
    "au": 502,
    "ex": 5391,
    "ha": 42,
    "fu": 65022,
}
[src/main.rs:169:9] uneval_exp_num = 104
[src/main.rs:170:9] &out_hash_map = {
    "h": 464,
    "bm": 0,
    "hb": 43,
    "cg": 1004,
    "bw": 196,
    "ds": 46522,
    "cy": 1,
    "dy": 16635,
    "hj": 640,
    "cs": 65437,
    "ar": 0,
    "gb": 4104,
    "gs": 3,
    "gl": 5379,
    "ef": 2584,
    "b": 16076,
    "f": 502,
    "fz": 7305,
    "ht": 64813,
    "dt": 0,
    "gk": 10759,
    "ag": 785,
    "gq": 4163,
    "bq": 62,
    "bf": 547,
    "eu": 10271,
    "hn": 5121,
    "br": 255,
    "fl": 10,
    "ft": 513,
    "fs": 2695,
    "ho": 60414,
    "dc": 32768,
    "bp": 251,
    "fm": 20542,
    "gw": 10244,
    "hf": 13571,
    "ff": 47487,
    "da": 1,
    "ge": 1,
    "ek": 23295,
    "z": 1004,
    "ah": 64750,
    "ci": 1004,
    "m": 63964,
    "ao": 0,
    "hv": 86,
    "es": 32768,
    "by": 307,
    "gz": 1,
    "bd": 615,
    "aq": 4019,
    "eq": 5,
    "g": 2047,
    "l": 1571,
    "dh": 5183,
    "dk": 5169,
    "bh": 3540,
    "bb": 392,
    "cu": 1021,
    "bl": 2009,
    "aj": 8174,
    "ap": 0,
    "ed": 7,
    "d": 4019,
    "e": 2009,
    "cx": 885,
    "di": 14,
    "av": 125,
    "de": 8317,
    "hp": 10530,
    "az": 395,
    "s": 0,
    "dz": 4158,
    "fd": 65523,
    "fi": 39278,
    "cm": 127,
    "ac": 232,
    "cl": 31,
    "gr": 14919,
    "cz": 0,
    "cr": 98,
    "dd": 33270,
    "df": 4158,
    "cb": 65262,
    "dp": 46590,
    "do": 13388,
    "dl": 13437,
    "gh": 10271,
    "fp": 5135,
    "ic": 1872,
    "i": 65071,
    "he": 54287,
    "ax": 116,
    "ei": 65511,
    "ew": 1283,
    "ga": 23743,
    "fv": 2182,
    "ab": 1023,
    "af": 2015,
    "ej": 6694,
    "hu": 1,
    "fk": 10,
    "hw": 87,
    "gg": 21,
    "hq": 64815,
    "eg": 6718,
    "gm": 1344,
    "bi": 0,
    "eo": 1,
    "gv": 47711,
    "eb": 519,
    "ev": 5135,
    "o": 16348,
    "er": 8317,
    "gx": 55291,
    "fa": 4364,
    "cv": 136,
    "ad": 65303,
    "ec": 2591,
    "fh": 57326,
    "hm": 15651,
    "dx": 0,
    "u": 0,
    "ez": 64508,
    "iq": 174,
    "fc": 12,
    "dm": 49,
    "el": 34,
    "ck": 125,
    "ak": 1094,
    "bv": 503,
    "cw": 65399,
    "aa": 251,
    "fq": 2567,
    "ea": 2079,
    "ae": 791,
    "bz": 2043,
    "q": 63347,
    "db": 502,
    "gj": 43039,
    "em": 65501,
    "ep": 4,
    "x": 8038,
    "fb": 14623,
    "gn": 5443,
    "gy": 37467,
    "cd": 0,
    "dv": 2,
    "bg": 64988,
    "fg": 8209,
    "dw": 16635,
    "ba": 1007,
    "bs": 58,
    "gi": 32768,
    "gt": 65532,
    "cc": 1770,
    "du": 2,
    "fj": 0,
    "fo": 20542,
    "ai": 1230,
    "as": 4019,
    "en": 23261,
    "dj": 65521,
    "dr": 65467,
    "ey": 1027,
    "bj": 0,
    "hs": 65533,
    "ee": 65528,
    "n": 2460,
    "k": 4031,
    "hi": 7841,
    "fw": 7311,
    "be": 4087,
    "ct": 153,
    "t": 0,
    "ca": 273,
    "bu": 197,
    "fn": 0,
    "j": 1583,
    "cj": 251,
    "at": 1004,
    "hk": 64895,
    "p": 2188,
    "aw": 511,
    "hy": 32768,
    "fr": 641,
    "cn": 29,
    "hz": 59911,
    "hr": 2,
    "c": 0,
    "gp": 64255,
    "cp": 98,
    "dn": 65486,
    "am": 7080,
    "al": 64441,
    "bc": 65143,
    "cq": 251,
    "hl": 7201,
    "dq": 68,
    "y": 2009,
    "gu": 14916,
    "ch": 0,
    "bk": 0,
    "hg": 6785,
    "bx": 65339,
    "an": 0,
    "gc": 61431,
    "fx": 6,
    "hc": 21519,
    "hx": 27143,
    "eh": 24,
    "go": 1280,
    "co": 65506,
    "et": 41085,
    "fy": 65529,
    "cf": 0,
    "ce": 0,
    "v": 8038,
    "dg": 1039,
    "hh": 1696,
    "r": 14160,
    "bn": 2009,
    "bt": 65477,
    "fe": 14611,
    "gd": 19639,
    "gf": 20,
    "hd": 32768,
    "w": 0,
    "ay": 65419,
    "bo": 502,
    "au": 502,
    "ex": 5391,
    "ha": 42,
    "fu": 65022,
}
[src/main.rs:169:9] uneval_exp_num = 98
[src/main.rs:170:9] &out_hash_map = {
    "h": 464,
    "bm": 0,
    "hb": 43,
    "ie": 1344,
    "cg": 1004,
    "bw": 196,
    "ds": 46522,
    "cy": 1,
    "dy": 16635,
    "hj": 640,
    "ia": 14977,
    "cs": 65437,
    "ar": 0,
    "id": 8016,
    "gb": 4104,
    "gs": 3,
    "gl": 5379,
    "ef": 2584,
    "b": 16076,
    "f": 502,
    "fz": 7305,
    "ht": 64813,
    "dt": 0,
    "gk": 10759,
    "ag": 785,
    "gq": 4163,
    "bq": 62,
    "bf": 547,
    "eu": 10271,
    "hn": 5121,
    "br": 255,
    "fl": 10,
    "ft": 513,
    "fs": 2695,
    "ho": 60414,
    "dc": 32768,
    "bp": 251,
    "fm": 20542,
    "gw": 10244,
    "hf": 13571,
    "ff": 47487,
    "da": 1,
    "ge": 1,
    "ek": 23295,
    "z": 1004,
    "ah": 64750,
    "ci": 1004,
    "m": 63964,
    "ao": 0,
    "hv": 86,
    "es": 32768,
    "by": 307,
    "gz": 1,
    "bd": 615,
    "aq": 4019,
    "eq": 5,
    "g": 2047,
    "l": 1571,
    "dh": 5183,
    "dk": 5169,
    "bh": 3540,
    "bb": 392,
    "cu": 1021,
    "bl": 2009,
    "aj": 8174,
    "ap": 0,
    "ed": 7,
    "d": 4019,
    "e": 2009,
    "cx": 885,
    "di": 14,
    "av": 125,
    "de": 8317,
    "hp": 10530,
    "az": 395,
    "s": 0,
    "dz": 4158,
    "fd": 65523,
    "fi": 39278,
    "cm": 127,
    "ac": 232,
    "if": 64191,
    "cl": 31,
    "gr": 14919,
    "cz": 0,
    "cr": 98,
    "dd": 33270,
    "df": 4158,
    "cb": 65262,
    "dp": 46590,
    "do": 13388,
    "dl": 13437,
    "gh": 10271,
    "fp": 5135,
    "ic": 1872,
    "is": 29955,
    "i": 65071,
    "he": 54287,
    "ax": 116,
    "ei": 65511,
    "ew": 1283,
    "ga": 23743,
    "fv": 2182,
    "ab": 1023,
    "af": 2015,
    "ej": 6694,
    "hu": 1,
    "fk": 10,
    "hw": 87,
    "gg": 21,
    "hq": 64815,
    "ib": 7488,
    "eg": 6718,
    "gm": 1344,
    "bi": 0,
    "eo": 1,
    "gv": 47711,
    "eb": 519,
    "ev": 5135,
    "o": 16348,
    "er": 8317,
    "gx": 55291,
    "fa": 4364,
    "cv": 136,
    "ad": 65303,
    "ec": 2591,
    "fh": 57326,
    "hm": 15651,
    "dx": 0,
    "u": 0,
    "ez": 64508,
    "iq": 174,
    "fc": 12,
    "dm": 49,
    "el": 34,
    "ck": 125,
    "ak": 1094,
    "bv": 503,
    "cw": 65399,
    "aa": 251,
    "fq": 2567,
    "ea": 2079,
    "ae": 791,
    "bz": 2043,
    "q": 63347,
    "db": 502,
    "gj": 43039,
    "em": 65501,
    "ep": 4,
    "x": 8038,
    "fb": 14623,
    "gn": 5443,
    "gy": 37467,
    "cd": 0,
    "dv": 2,
    "bg": 64988,
    "fg": 8209,
    "dw": 16635,
    "ba": 1007,
    "bs": 58,
    "gi": 32768,
    "gt": 65532,
    "cc": 1770,
    "du": 2,
    "fj": 0,
    "fo": 20542,
    "ai": 1230,
    "as": 4019,
    "en": 23261,
    "dj": 65521,
    "dr": 65467,
    "ey": 1027,
    "bj": 0,
    "hs": 65533,
    "ee": 65528,
    "n": 2460,
    "k": 4031,
    "hi": 7841,
    "fw": 7311,
    "be": 4087,
    "ct": 153,
    "t": 0,
    "ca": 273,
    "bu": 197,
    "fn": 0,
    "j": 1583,
    "cj": 251,
    "at": 1004,
    "hk": 64895,
    "p": 2188,
    "aw": 511,
    "hy": 32768,
    "fr": 641,
    "cn": 29,
    "hz": 59911,
    "hr": 2,
    "c": 0,
    "gp": 64255,
    "cp": 98,
    "dn": 65486,
    "am": 7080,
    "al": 64441,
    "bc": 65143,
    "cq": 251,
    "hl": 7201,
    "dq": 68,
    "y": 2009,
    "gu": 14916,
    "ch": 0,
    "bk": 0,
    "hg": 6785,
    "bx": 65339,
    "an": 0,
    "gc": 61431,
    "fx": 6,
    "hc": 21519,
    "hx": 27143,
    "eh": 24,
    "go": 1280,
    "co": 65506,
    "et": 41085,
    "fy": 65529,
    "cf": 0,
    "ce": 0,
    "v": 8038,
    "dg": 1039,
    "hh": 1696,
    "r": 14160,
    "bn": 2009,
    "bt": 65477,
    "fe": 14611,
    "gd": 19639,
    "gf": 20,
    "hd": 32768,
    "w": 0,
    "ay": 65419,
    "bo": 502,
    "au": 502,
    "ex": 5391,
    "ha": 42,
    "fu": 65022,
}
[src/main.rs:169:9] uneval_exp_num = 96
[src/main.rs:170:9] &out_hash_map = {
    "h": 464,
    "bm": 0,
    "hb": 43,
    "ie": 1344,
    "cg": 1004,
    "bw": 196,
    "ds": 46522,
    "cy": 1,
    "dy": 16635,
    "hj": 640,
    "ia": 14977,
    "cs": 65437,
    "ar": 0,
    "id": 8016,
    "gb": 4104,
    "gs": 3,
    "gl": 5379,
    "ef": 2584,
    "b": 16076,
    "f": 502,
    "fz": 7305,
    "ht": 64813,
    "dt": 0,
    "gk": 10759,
    "ag": 785,
    "gq": 4163,
    "bq": 62,
    "bf": 547,
    "eu": 10271,
    "hn": 5121,
    "br": 255,
    "fl": 10,
    "ft": 513,
    "fs": 2695,
    "ho": 60414,
    "dc": 32768,
    "bp": 251,
    "fm": 20542,
    "gw": 10244,
    "hf": 13571,
    "ff": 47487,
    "da": 1,
    "ge": 1,
    "ek": 23295,
    "z": 1004,
    "ah": 64750,
    "ci": 1004,
    "m": 63964,
    "ih": 14993,
    "ao": 0,
    "hv": 86,
    "es": 32768,
    "by": 307,
    "gz": 1,
    "bd": 615,
    "aq": 4019,
    "eq": 5,
    "g": 2047,
    "l": 1571,
    "dh": 5183,
    "dk": 5169,
    "bh": 3540,
    "bb": 392,
    "cu": 1021,
    "bl": 2009,
    "aj": 8174,
    "ig": 6672,
    "ap": 0,
    "ed": 7,
    "d": 4019,
    "e": 2009,
    "cx": 885,
    "di": 14,
    "av": 125,
    "de": 8317,
    "hp": 10530,
    "az": 395,
    "s": 0,
    "dz": 4158,
    "fd": 65523,
    "fi": 39278,
    "cm": 127,
    "ac": 232,
    "if": 64191,
    "cl": 31,
    "gr": 14919,
    "cz": 0,
    "cr": 98,
    "dd": 33270,
    "df": 4158,
    "cb": 65262,
    "dp": 46590,
    "do": 13388,
    "dl": 13437,
    "gh": 10271,
    "fp": 5135,
    "ic": 1872,
    "is": 29955,
    "i": 65071,
    "he": 54287,
    "ax": 116,
    "ei": 65511,
    "ew": 1283,
    "ga": 23743,
    "fv": 2182,
    "ab": 1023,
    "af": 2015,
    "ej": 6694,
    "hu": 1,
    "fk": 10,
    "hw": 87,
    "gg": 21,
    "hq": 64815,
    "ib": 7488,
    "eg": 6718,
    "gm": 1344,
    "bi": 0,
    "eo": 1,
    "gv": 47711,
    "eb": 519,
    "ev": 5135,
    "o": 16348,
    "er": 8317,
    "gx": 55291,
    "fa": 4364,
    "cv": 136,
    "ad": 65303,
    "ec": 2591,
    "fh": 57326,
    "hm": 15651,
    "dx": 0,
    "u": 0,
    "ez": 64508,
    "iq": 174,
    "fc": 12,
    "dm": 49,
    "el": 34,
    "ck": 125,
    "ak": 1094,
    "bv": 503,
    "cw": 65399,
    "aa": 251,
    "fq": 2567,
    "ea": 2079,
    "ae": 791,
    "bz": 2043,
    "q": 63347,
    "db": 502,
    "gj": 43039,
    "em": 65501,
    "ep": 4,
    "x": 8038,
    "fb": 14623,
    "gn": 5443,
    "gy": 37467,
    "cd": 0,
    "dv": 2,
    "bg": 64988,
    "fg": 8209,
    "dw": 16635,
    "ba": 1007,
    "bs": 58,
    "gi": 32768,
    "gt": 65532,
    "cc": 1770,
    "du": 2,
    "fj": 0,
    "fo": 20542,
    "ai": 1230,
    "as": 4019,
    "en": 23261,
    "dj": 65521,
    "dr": 65467,
    "ey": 1027,
    "bj": 0,
    "hs": 65533,
    "ee": 65528,
    "n": 2460,
    "k": 4031,
    "hi": 7841,
    "fw": 7311,
    "be": 4087,
    "ct": 153,
    "t": 0,
    "ca": 273,
    "bu": 197,
    "fn": 0,
    "j": 1583,
    "cj": 251,
    "at": 1004,
    "hk": 64895,
    "p": 2188,
    "aw": 511,
    "hy": 32768,
    "fr": 641,
    "cn": 29,
    "hz": 59911,
    "hr": 2,
    "c": 0,
    "gp": 64255,
    "cp": 98,
    "dn": 65486,
    "am": 7080,
    "al": 64441,
    "bc": 65143,
    "cq": 251,
    "hl": 7201,
    "dq": 68,
    "y": 2009,
    "gu": 14916,
    "ch": 0,
    "bk": 0,
    "hg": 6785,
    "bx": 65339,
    "an": 0,
    "gc": 61431,
    "fx": 6,
    "hc": 21519,
    "hx": 27143,
    "eh": 24,
    "go": 1280,
    "co": 65506,
    "et": 41085,
    "fy": 65529,
    "cf": 0,
    "ce": 0,
    "v": 8038,
    "dg": 1039,
    "hh": 1696,
    "r": 14160,
    "bn": 2009,
    "bt": 65477,
    "fe": 14611,
    "gd": 19639,
    "gf": 20,
    "hd": 32768,
    "w": 0,
    "ay": 65419,
    "bo": 502,
    "au": 502,
    "ex": 5391,
    "ha": 42,
    "fu": 65022,
}
[src/main.rs:169:9] uneval_exp_num = 95
[src/main.rs:170:9] &out_hash_map = {
    "h": 464,
    "bm": 0,
    "hb": 43,
    "ie": 1344,
    "cg": 1004,
    "bw": 196,
    "ds": 46522,
    "cy": 1,
    "dy": 16635,
    "hj": 640,
    "ia": 14977,
    "cs": 65437,
    "ar": 0,
    "id": 8016,
    "gb": 4104,
    "gs": 3,
    "gl": 5379,
    "ef": 2584,
    "b": 16076,
    "f": 502,
    "fz": 7305,
    "ht": 64813,
    "dt": 0,
    "gk": 10759,
    "ag": 785,
    "gq": 4163,
    "bq": 62,
    "bf": 547,
    "eu": 10271,
    "hn": 5121,
    "br": 255,
    "fl": 10,
    "ft": 513,
    "fs": 2695,
    "ho": 60414,
    "dc": 32768,
    "bp": 251,
    "fm": 20542,
    "gw": 10244,
    "hf": 13571,
    "ff": 47487,
    "da": 1,
    "ge": 1,
    "ek": 23295,
    "z": 1004,
    "ah": 64750,
    "ci": 1004,
    "m": 63964,
    "ih": 14993,
    "ao": 0,
    "hv": 86,
    "es": 32768,
    "by": 307,
    "gz": 1,
    "bd": 615,
    "aq": 4019,
    "eq": 5,
    "g": 2047,
    "l": 1571,
    "dh": 5183,
    "dk": 5169,
    "bh": 3540,
    "bb": 392,
    "cu": 1021,
    "bl": 2009,
    "aj": 8174,
    "ig": 6672,
    "ap": 0,
    "ed": 7,
    "d": 4019,
    "e": 2009,
    "cx": 885,
    "di": 14,
    "av": 125,
    "de": 8317,
    "hp": 10530,
    "az": 395,
    "s": 0,
    "dz": 4158,
    "fd": 65523,
    "fi": 39278,
    "cm": 127,
    "ac": 232,
    "if": 64191,
    "cl": 31,
    "gr": 14919,
    "cz": 0,
    "cr": 98,
    "dd": 33270,
    "df": 4158,
    "cb": 65262,
    "dp": 46590,
    "do": 13388,
    "dl": 13437,
    "gh": 10271,
    "fp": 5135,
    "ic": 1872,
    "is": 29955,
    "i": 65071,
    "he": 54287,
    "ax": 116,
    "ei": 65511,
    "ew": 1283,
    "ga": 23743,
    "fv": 2182,
    "ab": 1023,
    "af": 2015,
    "ej": 6694,
    "hu": 1,
    "fk": 10,
    "hw": 87,
    "gg": 21,
    "hq": 64815,
    "ib": 7488,
    "eg": 6718,
    "gm": 1344,
    "bi": 0,
    "eo": 1,
    "gv": 47711,
    "eb": 519,
    "ev": 5135,
    "o": 16348,
    "er": 8317,
    "gx": 55291,
    "fa": 4364,
    "cv": 136,
    "ad": 65303,
    "ec": 2591,
    "fh": 57326,
    "hm": 15651,
    "dx": 0,
    "u": 0,
    "ez": 64508,
    "iq": 174,
    "fc": 12,
    "dm": 49,
    "el": 34,
    "ck": 125,
    "ak": 1094,
    "bv": 503,
    "cw": 65399,
    "aa": 251,
    "fq": 2567,
    "ea": 2079,
    "ae": 791,
    "bz": 2043,
    "q": 63347,
    "db": 502,
    "gj": 43039,
    "em": 65501,
    "ep": 4,
    "x": 8038,
    "fb": 14623,
    "gn": 5443,
    "gy": 37467,
    "cd": 0,
    "dv": 2,
    "bg": 64988,
    "fg": 8209,
    "dw": 16635,
    "ba": 1007,
    "bs": 58,
    "gi": 32768,
    "gt": 65532,
    "cc": 1770,
    "du": 2,
    "fj": 0,
    "fo": 20542,
    "ai": 1230,
    "as": 4019,
    "en": 23261,
    "dj": 65521,
    "dr": 65467,
    "ey": 1027,
    "bj": 0,
    "hs": 65533,
    "ee": 65528,
    "ii": 6656,
    "n": 2460,
    "k": 4031,
    "hi": 7841,
    "fw": 7311,
    "be": 4087,
    "ct": 153,
    "t": 0,
    "ca": 273,
    "bu": 197,
    "fn": 0,
    "j": 1583,
    "cj": 251,
    "at": 1004,
    "hk": 64895,
    "p": 2188,
    "aw": 511,
    "hy": 32768,
    "fr": 641,
    "cn": 29,
    "hz": 59911,
    "hr": 2,
    "c": 0,
    "gp": 64255,
    "cp": 98,
    "dn": 65486,
    "am": 7080,
    "al": 64441,
    "bc": 65143,
    "cq": 251,
    "hl": 7201,
    "dq": 68,
    "y": 2009,
    "gu": 14916,
    "ch": 0,
    "bk": 0,
    "hg": 6785,
    "bx": 65339,
    "an": 0,
    "gc": 61431,
    "fx": 6,
    "hc": 21519,
    "hx": 27143,
    "eh": 24,
    "go": 1280,
    "co": 65506,
    "et": 41085,
    "fy": 65529,
    "cf": 0,
    "ce": 0,
    "v": 8038,
    "dg": 1039,
    "hh": 1696,
    "r": 14160,
    "bn": 2009,
    "bt": 65477,
    "fe": 14611,
    "gd": 19639,
    "gf": 20,
    "hd": 32768,
    "w": 0,
    "ay": 65419,
    "bo": 502,
    "au": 502,
    "ex": 5391,
    "ha": 42,
    "fu": 65022,
}
[src/main.rs:169:9] uneval_exp_num = 91
[src/main.rs:170:9] &out_hash_map = {
    "h": 464,
    "bm": 0,
    "hb": 43,
    "ie": 1344,
    "cg": 1004,
    "bw": 196,
    "ds": 46522,
    "cy": 1,
    "dy": 16635,
    "hj": 640,
    "ia": 14977,
    "cs": 65437,
    "ar": 0,
    "id": 8016,
    "gb": 4104,
    "gs": 3,
    "gl": 5379,
    "ef": 2584,
    "b": 16076,
    "f": 502,
    "fz": 7305,
    "ij": 58879,
    "ht": 64813,
    "dt": 0,
    "gk": 10759,
    "ag": 785,
    "gq": 4163,
    "bq": 62,
    "bf": 547,
    "eu": 10271,
    "hn": 5121,
    "br": 255,
    "fl": 10,
    "ft": 513,
    "fs": 2695,
    "ho": 60414,
    "dc": 32768,
    "bp": 251,
    "fm": 20542,
    "gw": 10244,
    "hf": 13571,
    "ff": 47487,
    "da": 1,
    "ge": 1,
    "ek": 23295,
    "z": 1004,
    "ah": 64750,
    "ci": 1004,
    "m": 63964,
    "ih": 14993,
    "ao": 0,
    "hv": 86,
    "es": 32768,
    "by": 307,
    "gz": 1,
    "bd": 615,
    "aq": 4019,
    "eq": 5,
    "g": 2047,
    "l": 1571,
    "dh": 5183,
    "dk": 5169,
    "bh": 3540,
    "bb": 392,
    "cu": 1021,
    "bl": 2009,
    "aj": 8174,
    "ig": 6672,
    "ap": 0,
    "ed": 7,
    "d": 4019,
    "e": 2009,
    "cx": 885,
    "di": 14,
    "av": 125,
    "de": 8317,
    "hp": 10530,
    "az": 395,
    "s": 0,
    "dz": 4158,
    "fd": 65523,
    "fi": 39278,
    "cm": 127,
    "ac": 232,
    "if": 64191,
    "cl": 31,
    "gr": 14919,
    "cz": 0,
    "cr": 98,
    "dd": 33270,
    "df": 4158,
    "cb": 65262,
    "dp": 46590,
    "do": 13388,
    "dl": 13437,
    "gh": 10271,
    "fp": 5135,
    "ic": 1872,
    "is": 29955,
    "i": 65071,
    "he": 54287,
    "ax": 116,
    "ei": 65511,
    "ew": 1283,
    "ga": 23743,
    "fv": 2182,
    "ab": 1023,
    "af": 2015,
    "ej": 6694,
    "hu": 1,
    "fk": 10,
    "hw": 87,
    "gg": 21,
    "hq": 64815,
    "ib": 7488,
    "eg": 6718,
    "gm": 1344,
    "bi": 0,
    "eo": 1,
    "gv": 47711,
    "eb": 519,
    "ev": 5135,
    "o": 16348,
    "er": 8317,
    "gx": 55291,
    "fa": 4364,
    "cv": 136,
    "ad": 65303,
    "ec": 2591,
    "fh": 57326,
    "hm": 15651,
    "dx": 0,
    "u": 0,
    "ez": 64508,
    "iq": 174,
    "fc": 12,
    "dm": 49,
    "el": 34,
    "ck": 125,
    "ak": 1094,
    "bv": 503,
    "cw": 65399,
    "aa": 251,
    "fq": 2567,
    "ea": 2079,
    "ae": 791,
    "bz": 2043,
    "q": 63347,
    "db": 502,
    "gj": 43039,
    "em": 65501,
    "ep": 4,
    "x": 8038,
    "fb": 14623,
    "gn": 5443,
    "gy": 37467,
    "cd": 0,
    "dv": 2,
    "bg": 64988,
    "fg": 8209,
    "dw": 16635,
    "ik": 8337,
    "ba": 1007,
    "bs": 58,
    "gi": 32768,
    "gt": 65532,
    "il": 60055,
    "cc": 1770,
    "du": 2,
    "fj": 0,
    "fo": 20542,
    "ai": 1230,
    "as": 4019,
    "en": 23261,
    "dj": 65521,
    "dr": 65467,
    "ey": 1027,
    "bj": 0,
    "hs": 65533,
    "ee": 65528,
    "ii": 6656,
    "n": 2460,
    "k": 4031,
    "hi": 7841,
    "fw": 7311,
    "be": 4087,
    "ct": 153,
    "t": 0,
    "ca": 273,
    "bu": 197,
    "fn": 0,
    "j": 1583,
    "cj": 251,
    "at": 1004,
    "hk": 64895,
    "p": 2188,
    "aw": 511,
    "hy": 32768,
    "fr": 641,
    "cn": 29,
    "hz": 59911,
    "hr": 2,
    "c": 0,
    "gp": 64255,
    "cp": 98,
    "dn": 65486,
    "am": 7080,
    "al": 64441,
    "bc": 65143,
    "cq": 251,
    "hl": 7201,
    "dq": 68,
    "y": 2009,
    "gu": 14916,
    "ch": 0,
    "bk": 0,
    "hg": 6785,
    "im": 8193,
    "bx": 65339,
    "an": 0,
    "gc": 61431,
    "fx": 6,
    "hc": 21519,
    "hx": 27143,
    "eh": 24,
    "go": 1280,
    "co": 65506,
    "et": 41085,
    "fy": 65529,
    "cf": 0,
    "ce": 0,
    "v": 8038,
    "dg": 1039,
    "hh": 1696,
    "r": 14160,
    "bn": 2009,
    "bt": 65477,
    "fe": 14611,
    "gd": 19639,
    "gf": 20,
    "hd": 32768,
    "w": 0,
    "ay": 65419,
    "bo": 502,
    "au": 502,
    "ex": 5391,
    "ha": 42,
    "fu": 65022,
}
[src/main.rs:169:9] uneval_exp_num = 90
[src/main.rs:170:9] &out_hash_map = {
    "h": 464,
    "bm": 0,
    "hb": 43,
    "ie": 1344,
    "cg": 1004,
    "bw": 196,
    "ds": 46522,
    "cy": 1,
    "dy": 16635,
    "hj": 640,
    "ia": 14977,
    "cs": 65437,
    "ar": 0,
    "id": 8016,
    "gb": 4104,
    "gs": 3,
    "gl": 5379,
    "ef": 2584,
    "b": 16076,
    "f": 502,
    "fz": 7305,
    "ij": 58879,
    "ht": 64813,
    "dt": 0,
    "gk": 10759,
    "ag": 785,
    "gq": 4163,
    "bq": 62,
    "bf": 547,
    "eu": 10271,
    "hn": 5121,
    "br": 255,
    "fl": 10,
    "ft": 513,
    "fs": 2695,
    "ho": 60414,
    "dc": 32768,
    "bp": 251,
    "fm": 20542,
    "gw": 10244,
    "hf": 13571,
    "ff": 47487,
    "da": 1,
    "ge": 1,
    "ek": 23295,
    "z": 1004,
    "ah": 64750,
    "ci": 1004,
    "m": 63964,
    "ih": 14993,
    "ao": 0,
    "hv": 86,
    "es": 32768,
    "by": 307,
    "gz": 1,
    "bd": 615,
    "aq": 4019,
    "eq": 5,
    "g": 2047,
    "l": 1571,
    "dh": 5183,
    "dk": 5169,
    "bh": 3540,
    "bb": 392,
    "cu": 1021,
    "bl": 2009,
    "aj": 8174,
    "ig": 6672,
    "ap": 0,
    "ed": 7,
    "d": 4019,
    "e": 2009,
    "cx": 885,
    "di": 14,
    "av": 125,
    "de": 8317,
    "hp": 10530,
    "az": 395,
    "s": 0,
    "dz": 4158,
    "fd": 65523,
    "fi": 39278,
    "cm": 127,
    "ac": 232,
    "if": 64191,
    "cl": 31,
    "gr": 14919,
    "cz": 0,
    "cr": 98,
    "dd": 33270,
    "df": 4158,
    "cb": 65262,
    "dp": 46590,
    "do": 13388,
    "dl": 13437,
    "gh": 10271,
    "fp": 5135,
    "ic": 1872,
    "is": 29955,
    "i": 65071,
    "he": 54287,
    "ax": 116,
    "ei": 65511,
    "ew": 1283,
    "ga": 23743,
    "fv": 2182,
    "ab": 1023,
    "af": 2015,
    "ej": 6694,
    "hu": 1,
    "fk": 10,
    "hw": 87,
    "gg": 21,
    "hq": 64815,
    "ib": 7488,
    "eg": 6718,
    "gm": 1344,
    "bi": 0,
    "eo": 1,
    "gv": 47711,
    "eb": 519,
    "ev": 5135,
    "o": 16348,
    "er": 8317,
    "gx": 55291,
    "fa": 4364,
    "cv": 136,
    "ad": 65303,
    "ec": 2591,
    "fh": 57326,
    "hm": 15651,
    "dx": 0,
    "u": 0,
    "ez": 64508,
    "iq": 174,
    "fc": 12,
    "dm": 49,
    "el": 34,
    "ck": 125,
    "ak": 1094,
    "bv": 503,
    "cw": 65399,
    "aa": 251,
    "fq": 2567,
    "ea": 2079,
    "ae": 791,
    "bz": 2043,
    "q": 63347,
    "db": 502,
    "gj": 43039,
    "em": 65501,
    "ep": 4,
    "x": 8038,
    "fb": 14623,
    "gn": 5443,
    "gy": 37467,
    "cd": 0,
    "dv": 2,
    "bg": 64988,
    "fg": 8209,
    "dw": 16635,
    "ik": 8337,
    "ba": 1007,
    "bs": 58,
    "gi": 32768,
    "gt": 65532,
    "il": 60055,
    "cc": 1770,
    "du": 2,
    "fj": 0,
    "fo": 20542,
    "ai": 1230,
    "as": 4019,
    "en": 23261,
    "dj": 65521,
    "dr": 65467,
    "ey": 1027,
    "bj": 0,
    "hs": 65533,
    "ee": 65528,
    "ii": 6656,
    "n": 2460,
    "k": 4031,
    "hi": 7841,
    "fw": 7311,
    "be": 4087,
    "ct": 153,
    "t": 0,
    "ca": 273,
    "bu": 197,
    "fn": 0,
    "j": 1583,
    "cj": 251,
    "at": 1004,
    "hk": 64895,
    "p": 2188,
    "aw": 511,
    "hy": 32768,
    "fr": 641,
    "cn": 29,
    "hz": 59911,
    "hr": 2,
    "c": 0,
    "gp": 64255,
    "cp": 98,
    "dn": 65486,
    "am": 7080,
    "al": 64441,
    "bc": 65143,
    "cq": 251,
    "hl": 7201,
    "dq": 68,
    "y": 2009,
    "gu": 14916,
    "ch": 0,
    "bk": 0,
    "hg": 6785,
    "im": 8193,
    "bx": 65339,
    "an": 0,
    "gc": 61431,
    "fx": 6,
    "hc": 21519,
    "hx": 27143,
    "eh": 24,
    "go": 1280,
    "in": 57342,
    "co": 65506,
    "et": 41085,
    "fy": 65529,
    "cf": 0,
    "ce": 0,
    "v": 8038,
    "dg": 1039,
    "hh": 1696,
    "r": 14160,
    "bn": 2009,
    "bt": 65477,
    "fe": 14611,
    "gd": 19639,
    "gf": 20,
    "hd": 32768,
    "w": 0,
    "ay": 65419,
    "bo": 502,
    "au": 502,
    "ex": 5391,
    "ha": 42,
    "fu": 65022,
}
[src/main.rs:169:9] uneval_exp_num = 89
[src/main.rs:170:9] &out_hash_map = {
    "h": 464,
    "bm": 0,
    "hb": 43,
    "ie": 1344,
    "cg": 1004,
    "bw": 196,
    "ds": 46522,
    "cy": 1,
    "dy": 16635,
    "hj": 640,
    "ia": 14977,
    "cs": 65437,
    "ar": 0,
    "id": 8016,
    "gb": 4104,
    "gs": 3,
    "gl": 5379,
    "ef": 2584,
    "b": 16076,
    "f": 502,
    "fz": 7305,
    "ij": 58879,
    "ht": 64813,
    "dt": 0,
    "gk": 10759,
    "ag": 785,
    "gq": 4163,
    "bq": 62,
    "bf": 547,
    "eu": 10271,
    "hn": 5121,
    "br": 255,
    "fl": 10,
    "ft": 513,
    "fs": 2695,
    "ho": 60414,
    "dc": 32768,
    "bp": 251,
    "fm": 20542,
    "gw": 10244,
    "hf": 13571,
    "ff": 47487,
    "da": 1,
    "ge": 1,
    "ek": 23295,
    "z": 1004,
    "ah": 64750,
    "ci": 1004,
    "m": 63964,
    "ih": 14993,
    "ao": 0,
    "hv": 86,
    "es": 32768,
    "by": 307,
    "gz": 1,
    "bd": 615,
    "aq": 4019,
    "eq": 5,
    "g": 2047,
    "l": 1571,
    "dh": 5183,
    "dk": 5169,
    "bh": 3540,
    "bb": 392,
    "cu": 1021,
    "bl": 2009,
    "aj": 8174,
    "ig": 6672,
    "ap": 0,
    "ed": 7,
    "d": 4019,
    "e": 2009,
    "cx": 885,
    "di": 14,
    "av": 125,
    "de": 8317,
    "hp": 10530,
    "az": 395,
    "s": 0,
    "dz": 4158,
    "fd": 65523,
    "fi": 39278,
    "cm": 127,
    "ac": 232,
    "if": 64191,
    "cl": 31,
    "gr": 14919,
    "cz": 0,
    "cr": 98,
    "dd": 33270,
    "df": 4158,
    "cb": 65262,
    "dp": 46590,
    "do": 13388,
    "dl": 13437,
    "gh": 10271,
    "fp": 5135,
    "ic": 1872,
    "is": 29955,
    "i": 65071,
    "he": 54287,
    "ax": 116,
    "ei": 65511,
    "ew": 1283,
    "ga": 23743,
    "fv": 2182,
    "ab": 1023,
    "af": 2015,
    "ej": 6694,
    "hu": 1,
    "fk": 10,
    "hw": 87,
    "gg": 21,
    "hq": 64815,
    "ib": 7488,
    "eg": 6718,
    "gm": 1344,
    "bi": 0,
    "eo": 1,
    "gv": 47711,
    "eb": 519,
    "ev": 5135,
    "o": 16348,
    "er": 8317,
    "gx": 55291,
    "fa": 4364,
    "cv": 136,
    "ad": 65303,
    "ec": 2591,
    "fh": 57326,
    "hm": 15651,
    "dx": 0,
    "u": 0,
    "ez": 64508,
    "iq": 174,
    "fc": 12,
    "dm": 49,
    "el": 34,
    "ck": 125,
    "ak": 1094,
    "bv": 503,
    "cw": 65399,
    "aa": 251,
    "fq": 2567,
    "ea": 2079,
    "ae": 791,
    "bz": 2043,
    "q": 63347,
    "db": 502,
    "gj": 43039,
    "em": 65501,
    "ep": 4,
    "x": 8038,
    "fb": 14623,
    "gn": 5443,
    "gy": 37467,
    "cd": 0,
    "dv": 2,
    "bg": 64988,
    "fg": 8209,
    "dw": 16635,
    "ik": 8337,
    "ba": 1007,
    "bs": 58,
    "gi": 32768,
    "gt": 65532,
    "il": 60055,
    "cc": 1770,
    "du": 2,
    "fj": 0,
    "fo": 20542,
    "ai": 1230,
    "as": 4019,
    "en": 23261,
    "dj": 65521,
    "dr": 65467,
    "ey": 1027,
    "bj": 0,
    "hs": 65533,
    "ee": 65528,
    "ii": 6656,
    "n": 2460,
    "k": 4031,
    "hi": 7841,
    "fw": 7311,
    "be": 4087,
    "ct": 153,
    "t": 0,
    "ca": 273,
    "bu": 197,
    "fn": 0,
    "j": 1583,
    "cj": 251,
    "at": 1004,
    "hk": 64895,
    "p": 2188,
    "aw": 511,
    "hy": 32768,
    "fr": 641,
    "cn": 29,
    "hz": 59911,
    "hr": 2,
    "c": 0,
    "gp": 64255,
    "cp": 98,
    "dn": 65486,
    "am": 7080,
    "al": 64441,
    "bc": 65143,
    "cq": 251,
    "hl": 7201,
    "dq": 68,
    "y": 2009,
    "gu": 14916,
    "ch": 0,
    "bk": 0,
    "hg": 6785,
    "im": 8193,
    "bx": 65339,
    "an": 0,
    "gc": 61431,
    "fx": 6,
    "hc": 21519,
    "hx": 27143,
    "eh": 24,
    "go": 1280,
    "in": 57342,
    "co": 65506,
    "et": 41085,
    "fy": 65529,
    "cf": 0,
    "io": 51862,
    "ce": 0,
    "v": 8038,
    "dg": 1039,
    "hh": 1696,
    "r": 14160,
    "bn": 2009,
    "bt": 65477,
    "fe": 14611,
    "gd": 19639,
    "gf": 20,
    "hd": 32768,
    "w": 0,
    "ay": 65419,
    "bo": 502,
    "au": 502,
    "ex": 5391,
    "ha": 42,
    "fu": 65022,
}
[src/main.rs:169:9] uneval_exp_num = 87
[src/main.rs:170:9] &out_hash_map = {
    "h": 464,
    "bm": 0,
    "hb": 43,
    "ie": 1344,
    "cg": 1004,
    "bw": 196,
    "ds": 46522,
    "cy": 1,
    "dy": 16635,
    "hj": 640,
    "ia": 14977,
    "cs": 65437,
    "ar": 0,
    "id": 8016,
    "gb": 4104,
    "gs": 3,
    "gl": 5379,
    "ef": 2584,
    "b": 16076,
    "f": 502,
    "fz": 7305,
    "ij": 58879,
    "ht": 64813,
    "dt": 0,
    "gk": 10759,
    "ag": 785,
    "gq": 4163,
    "bq": 62,
    "bf": 547,
    "eu": 10271,
    "hn": 5121,
    "br": 255,
    "fl": 10,
    "ft": 513,
    "fs": 2695,
    "ho": 60414,
    "dc": 32768,
    "bp": 251,
    "fm": 20542,
    "gw": 10244,
    "hf": 13571,
    "ff": 47487,
    "da": 1,
    "ge": 1,
    "ek": 23295,
    "z": 1004,
    "ah": 64750,
    "ci": 1004,
    "m": 63964,
    "ih": 14993,
    "ao": 0,
    "hv": 86,
    "es": 32768,
    "by": 307,
    "gz": 1,
    "ip": 0,
    "bd": 615,
    "aq": 4019,
    "eq": 5,
    "g": 2047,
    "l": 1571,
    "dh": 5183,
    "dk": 5169,
    "bh": 3540,
    "bb": 392,
    "cu": 1021,
    "bl": 2009,
    "aj": 8174,
    "ig": 6672,
    "ap": 0,
    "ed": 7,
    "d": 4019,
    "e": 2009,
    "cx": 885,
    "di": 14,
    "av": 125,
    "de": 8317,
    "hp": 10530,
    "az": 395,
    "s": 0,
    "dz": 4158,
    "fd": 65523,
    "fi": 39278,
    "cm": 127,
    "ac": 232,
    "if": 64191,
    "cl": 31,
    "gr": 14919,
    "cz": 0,
    "cr": 98,
    "dd": 33270,
    "df": 4158,
    "cb": 65262,
    "dp": 46590,
    "do": 13388,
    "dl": 13437,
    "gh": 10271,
    "fp": 5135,
    "ic": 1872,
    "is": 29955,
    "i": 65071,
    "he": 54287,
    "ax": 116,
    "ei": 65511,
    "ew": 1283,
    "ga": 23743,
    "fv": 2182,
    "ab": 1023,
    "af": 2015,
    "ej": 6694,
    "hu": 1,
    "fk": 10,
    "hw": 87,
    "gg": 21,
    "hq": 64815,
    "ib": 7488,
    "eg": 6718,
    "gm": 1344,
    "bi": 0,
    "eo": 1,
    "gv": 47711,
    "eb": 519,
    "ev": 5135,
    "o": 16348,
    "er": 8317,
    "gx": 55291,
    "fa": 4364,
    "cv": 136,
    "ad": 65303,
    "ec": 2591,
    "fh": 57326,
    "hm": 15651,
    "dx": 0,
    "u": 0,
    "ez": 64508,
    "iq": 174,
    "fc": 12,
    "dm": 49,
    "el": 34,
    "ck": 125,
    "ak": 1094,
    "bv": 503,
    "cw": 65399,
    "aa": 251,
    "fq": 2567,
    "ea": 2079,
    "ae": 791,
    "bz": 2043,
    "q": 63347,
    "db": 502,
    "gj": 43039,
    "em": 65501,
    "ep": 4,
    "x": 8038,
    "fb": 14623,
    "gn": 5443,
    "gy": 37467,
    "cd": 0,
    "dv": 2,
    "bg": 64988,
    "fg": 8209,
    "dw": 16635,
    "ik": 8337,
    "ba": 1007,
    "bs": 58,
    "gi": 32768,
    "gt": 65532,
    "il": 60055,
    "cc": 1770,
    "du": 2,
    "fj": 0,
    "fo": 20542,
    "ai": 1230,
    "as": 4019,
    "en": 23261,
    "dj": 65521,
    "dr": 65467,
    "ey": 1027,
    "bj": 0,
    "hs": 65533,
    "ee": 65528,
    "ii": 6656,
    "n": 2460,
    "k": 4031,
    "hi": 7841,
    "fw": 7311,
    "be": 4087,
    "ct": 153,
    "t": 0,
    "ca": 273,
    "bu": 197,
    "fn": 0,
    "j": 1583,
    "cj": 251,
    "at": 1004,
    "hk": 64895,
    "p": 2188,
    "aw": 511,
    "hy": 32768,
    "fr": 641,
    "cn": 29,
    "hz": 59911,
    "hr": 2,
    "c": 0,
    "gp": 64255,
    "cp": 98,
    "dn": 65486,
    "am": 7080,
    "al": 64441,
    "bc": 65143,
    "cq": 251,
    "hl": 7201,
    "dq": 68,
    "ir": 174,
    "y": 2009,
    "gu": 14916,
    "ch": 0,
    "bk": 0,
    "hg": 6785,
    "im": 8193,
    "bx": 65339,
    "an": 0,
    "gc": 61431,
    "fx": 6,
    "hc": 21519,
    "hx": 27143,
    "eh": 24,
    "go": 1280,
    "in": 57342,
    "co": 65506,
    "et": 41085,
    "fy": 65529,
    "cf": 0,
    "io": 51862,
    "ce": 0,
    "v": 8038,
    "dg": 1039,
    "hh": 1696,
    "r": 14160,
    "bn": 2009,
    "bt": 65477,
    "fe": 14611,
    "gd": 19639,
    "gf": 20,
    "hd": 32768,
    "w": 0,
    "ay": 65419,
    "bo": 502,
    "au": 502,
    "ex": 5391,
    "ha": 42,
    "fu": 65022,
}
[src/main.rs:169:9] uneval_exp_num = 85
[src/main.rs:170:9] &out_hash_map = {
    "h": 464,
    "bm": 0,
    "hb": 43,
    "ie": 1344,
    "cg": 1004,
    "bw": 196,
    "ds": 46522,
    "cy": 1,
    "dy": 16635,
    "hj": 640,
    "ia": 14977,
    "cs": 65437,
    "ar": 0,
    "id": 8016,
    "gb": 4104,
    "gs": 3,
    "gl": 5379,
    "ef": 2584,
    "b": 16076,
    "f": 502,
    "fz": 7305,
    "ij": 58879,
    "ht": 64813,
    "dt": 0,
    "gk": 10759,
    "ag": 785,
    "gq": 4163,
    "bq": 62,
    "bf": 547,
    "eu": 10271,
    "hn": 5121,
    "br": 255,
    "fl": 10,
    "ft": 513,
    "fs": 2695,
    "ho": 60414,
    "dc": 32768,
    "bp": 251,
    "fm": 20542,
    "gw": 10244,
    "hf": 13571,
    "ff": 47487,
    "da": 1,
    "ge": 1,
    "ek": 23295,
    "z": 1004,
    "ah": 64750,
    "ci": 1004,
    "m": 63964,
    "ih": 14993,
    "ao": 0,
    "hv": 86,
    "es": 32768,
    "by": 307,
    "gz": 1,
    "ip": 0,
    "bd": 615,
    "aq": 4019,
    "eq": 5,
    "g": 2047,
    "l": 1571,
    "dh": 5183,
    "dk": 5169,
    "bh": 3540,
    "bb": 392,
    "cu": 1021,
    "bl": 2009,
    "aj": 8174,
    "ig": 6672,
    "ap": 0,
    "ed": 7,
    "d": 4019,
    "e": 2009,
    "cx": 885,
    "di": 14,
    "av": 125,
    "de": 8317,
    "hp": 10530,
    "az": 395,
    "s": 0,
    "dz": 4158,
    "fd": 65523,
    "fi": 39278,
    "cm": 127,
    "ac": 232,
    "if": 64191,
    "cl": 31,
    "gr": 14919,
    "cz": 0,
    "cr": 98,
    "dd": 33270,
    "df": 4158,
    "cb": 65262,
    "dp": 46590,
    "do": 13388,
    "dl": 13437,
    "gh": 10271,
    "fp": 5135,
    "ic": 1872,
    "is": 29955,
    "i": 65071,
    "he": 54287,
    "ax": 116,
    "ei": 65511,
    "ew": 1283,
    "ga": 23743,
    "fv": 2182,
    "ab": 1023,
    "af": 2015,
    "ej": 6694,
    "hu": 1,
    "fk": 10,
    "hw": 87,
    "gg": 21,
    "hq": 64815,
    "ib": 7488,
    "eg": 6718,
    "gm": 1344,
    "bi": 0,
    "eo": 1,
    "gv": 47711,
    "eb": 519,
    "ev": 5135,
    "o": 16348,
    "er": 8317,
    "gx": 55291,
    "fa": 4364,
    "cv": 136,
    "ad": 65303,
    "ec": 2591,
    "fh": 57326,
    "hm": 15651,
    "dx": 0,
    "u": 0,
    "ez": 64508,
    "iq": 174,
    "fc": 12,
    "dm": 49,
    "el": 34,
    "ck": 125,
    "ak": 1094,
    "bv": 503,
    "cw": 65399,
    "aa": 251,
    "fq": 2567,
    "ea": 2079,
    "ae": 791,
    "bz": 2043,
    "q": 63347,
    "db": 502,
    "gj": 43039,
    "em": 65501,
    "ep": 4,
    "x": 8038,
    "fb": 14623,
    "gn": 5443,
    "gy": 37467,
    "cd": 0,
    "dv": 2,
    "bg": 64988,
    "fg": 8209,
    "dw": 16635,
    "ik": 8337,
    "ba": 1007,
    "bs": 58,
    "gi": 32768,
    "gt": 65532,
    "il": 60055,
    "cc": 1770,
    "jl": 348,
    "du": 2,
    "fj": 0,
    "fo": 20542,
    "ai": 1230,
    "as": 4019,
    "en": 23261,
    "dj": 65521,
    "dr": 65467,
    "ey": 1027,
    "bj": 0,
    "hs": 65533,
    "ee": 65528,
    "ii": 6656,
    "n": 2460,
    "k": 4031,
    "hi": 7841,
    "fw": 7311,
    "be": 4087,
    "ct": 153,
    "t": 0,
    "ca": 273,
    "bu": 197,
    "fn": 0,
    "it": 0,
    "j": 1583,
    "cj": 251,
    "at": 1004,
    "hk": 64895,
    "p": 2188,
    "aw": 511,
    "hy": 32768,
    "fr": 641,
    "cn": 29,
    "hz": 59911,
    "hr": 2,
    "c": 0,
    "gp": 64255,
    "cp": 98,
    "dn": 65486,
    "am": 7080,
    "al": 64441,
    "bc": 65143,
    "cq": 251,
    "hl": 7201,
    "dq": 68,
    "ir": 174,
    "y": 2009,
    "gu": 14916,
    "ch": 0,
    "bk": 0,
    "hg": 6785,
    "im": 8193,
    "bx": 65339,
    "an": 0,
    "gc": 61431,
    "fx": 6,
    "hc": 21519,
    "hx": 27143,
    "eh": 24,
    "go": 1280,
    "in": 57342,
    "co": 65506,
    "et": 41085,
    "fy": 65529,
    "cf": 0,
    "io": 51862,
    "ce": 0,
    "v": 8038,
    "dg": 1039,
    "hh": 1696,
    "r": 14160,
    "bn": 2009,
    "bt": 65477,
    "fe": 14611,
    "gd": 19639,
    "gf": 20,
    "hd": 32768,
    "w": 0,
    "ay": 65419,
    "bo": 502,
    "au": 502,
    "ex": 5391,
    "ha": 42,
    "fu": 65022,
}
[src/main.rs:169:9] uneval_exp_num = 80
[src/main.rs:170:9] &out_hash_map = {
    "h": 464,
    "bm": 0,
    "hb": 43,
    "ie": 1344,
    "cg": 1004,
    "bw": 196,
    "ds": 46522,
    "cy": 1,
    "dy": 16635,
    "hj": 640,
    "ia": 14977,
    "cs": 65437,
    "ar": 0,
    "id": 8016,
    "gb": 4104,
    "gs": 3,
    "gl": 5379,
    "ef": 2584,
    "b": 16076,
    "f": 502,
    "fz": 7305,
    "ij": 58879,
    "ht": 64813,
    "dt": 0,
    "gk": 10759,
    "ag": 785,
    "gq": 4163,
    "bq": 62,
    "bf": 547,
    "eu": 10271,
    "hn": 5121,
    "br": 255,
    "fl": 10,
    "ft": 513,
    "fs": 2695,
    "ho": 60414,
    "dc": 32768,
    "bp": 251,
    "fm": 20542,
    "gw": 10244,
    "hf": 13571,
    "ff": 47487,
    "da": 1,
    "ge": 1,
    "ek": 23295,
    "z": 1004,
    "ah": 64750,
    "iz": 672,
    "ci": 1004,
    "m": 63964,
    "ih": 14993,
    "ao": 0,
    "hv": 86,
    "es": 32768,
    "by": 307,
    "gz": 1,
    "ip": 0,
    "bd": 615,
    "aq": 4019,
    "eq": 5,
    "g": 2047,
    "l": 1571,
    "dh": 5183,
    "dk": 5169,
    "bh": 3540,
    "bb": 392,
    "cu": 1021,
    "bl": 2009,
    "aj": 8174,
    "ig": 6672,
    "ix": 936,
    "ap": 0,
    "ed": 7,
    "d": 4019,
    "e": 2009,
    "cx": 885,
    "di": 14,
    "av": 125,
    "de": 8317,
    "hp": 10530,
    "az": 395,
    "s": 0,
    "dz": 4158,
    "fd": 65523,
    "fi": 39278,
    "cm": 127,
    "ac": 232,
    "if": 64191,
    "cl": 31,
    "gr": 14919,
    "cz": 0,
    "cr": 98,
    "dd": 33270,
    "df": 4158,
    "cb": 65262,
    "dp": 46590,
    "do": 13388,
    "dl": 13437,
    "gh": 10271,
    "fp": 5135,
    "ic": 1872,
    "is": 29955,
    "i": 65071,
    "he": 54287,
    "ax": 116,
    "ei": 65511,
    "ew": 1283,
    "ga": 23743,
    "fv": 2182,
    "ab": 1023,
    "af": 2015,
    "ej": 6694,
    "hu": 1,
    "fk": 10,
    "hw": 87,
    "gg": 21,
    "hq": 64815,
    "ib": 7488,
    "eg": 6718,
    "gm": 1344,
    "bi": 0,
    "eo": 1,
    "gv": 47711,
    "eb": 519,
    "ev": 5135,
    "o": 16348,
    "er": 8317,
    "gx": 55291,
    "fa": 4364,
    "cv": 136,
    "ad": 65303,
    "ec": 2591,
    "fh": 57326,
    "hm": 15651,
    "dx": 0,
    "u": 0,
    "ez": 64508,
    "iq": 174,
    "fc": 12,
    "dm": 49,
    "el": 34,
    "ck": 125,
    "ak": 1094,
    "bv": 503,
    "cw": 65399,
    "aa": 251,
    "fq": 2567,
    "ea": 2079,
    "ae": 791,
    "bz": 2043,
    "q": 63347,
    "db": 502,
    "gj": 43039,
    "iw": 3744,
    "em": 65501,
    "ep": 4,
    "x": 8038,
    "fb": 14623,
    "gn": 5443,
    "gy": 37467,
    "cd": 0,
    "dv": 2,
    "bg": 64988,
    "fg": 8209,
    "dw": 16635,
    "ik": 8337,
    "ba": 1007,
    "bs": 58,
    "gi": 32768,
    "gt": 65532,
    "il": 60055,
    "cc": 1770,
    "jl": 348,
    "du": 2,
    "fj": 0,
    "fo": 20542,
    "ai": 1230,
    "as": 4019,
    "en": 23261,
    "dj": 65521,
    "dr": 65467,
    "ey": 1027,
    "bj": 0,
    "hs": 65533,
    "ee": 65528,
    "ii": 6656,
    "n": 2460,
    "k": 4031,
    "hi": 7841,
    "iu": 29955,
    "fw": 7311,
    "be": 4087,
    "ct": 153,
    "t": 0,
    "ca": 273,
    "bu": 197,
    "fn": 0,
    "it": 0,
    "j": 1583,
    "cj": 251,
    "at": 1004,
    "hk": 64895,
    "iv": 7488,
    "p": 2188,
    "aw": 511,
    "hy": 32768,
    "fr": 641,
    "cn": 29,
    "hz": 59911,
    "hr": 2,
    "c": 0,
    "gp": 64255,
    "cp": 98,
    "dn": 65486,
    "am": 7080,
    "al": 64441,
    "bc": 65143,
    "cq": 251,
    "hl": 7201,
    "dq": 68,
    "ir": 174,
    "y": 2009,
    "gu": 14916,
    "ch": 0,
    "bk": 0,
    "hg": 6785,
    "im": 8193,
    "bx": 65339,
    "an": 0,
    "gc": 61431,
    "fx": 6,
    "hc": 21519,
    "hx": 27143,
    "eh": 24,
    "go": 1280,
    "in": 57342,
    "co": 65506,
    "et": 41085,
    "fy": 65529,
    "cf": 0,
    "io": 51862,
    "ce": 0,
    "v": 8038,
    "dg": 1039,
    "hh": 1696,
    "r": 14160,
    "bn": 2009,
    "bt": 65477,
    "fe": 14611,
    "gd": 19639,
    "gf": 20,
    "hd": 32768,
    "w": 0,
    "ay": 65419,
    "bo": 502,
    "au": 502,
    "ex": 5391,
    "ha": 42,
    "fu": 65022,
}
[src/main.rs:169:9] uneval_exp_num = 75
[src/main.rs:170:9] &out_hash_map = {
    "h": 464,
    "bm": 0,
    "hb": 43,
    "ie": 1344,
    "cg": 1004,
    "bw": 196,
    "ds": 46522,
    "cy": 1,
    "dy": 16635,
    "hj": 640,
    "ia": 14977,
    "cs": 65437,
    "ar": 0,
    "id": 8016,
    "gb": 4104,
    "gs": 3,
    "gl": 5379,
    "ef": 2584,
    "b": 16076,
    "f": 502,
    "fz": 7305,
    "ij": 58879,
    "ht": 64813,
    "dt": 0,
    "gk": 10759,
    "ag": 785,
    "gq": 4163,
    "bq": 62,
    "bf": 547,
    "eu": 10271,
    "hn": 5121,
    "br": 255,
    "fl": 10,
    "ft": 513,
    "fs": 2695,
    "ho": 60414,
    "dc": 32768,
    "bp": 251,
    "fm": 20542,
    "gw": 10244,
    "hf": 13571,
    "ff": 47487,
    "da": 1,
    "ge": 1,
    "ek": 23295,
    "z": 1004,
    "ah": 64750,
    "iz": 672,
    "ci": 1004,
    "m": 63964,
    "ih": 14993,
    "ao": 0,
    "hv": 86,
    "es": 32768,
    "by": 307,
    "gz": 1,
    "ip": 0,
    "bd": 615,
    "aq": 4019,
    "eq": 5,
    "g": 2047,
    "l": 1571,
    "dh": 5183,
    "dk": 5169,
    "bh": 3540,
    "bb": 392,
    "cu": 1021,
    "bl": 2009,
    "iy": 4008,
    "aj": 8174,
    "ig": 6672,
    "ix": 936,
    "ap": 0,
    "ed": 7,
    "d": 4019,
    "e": 2009,
    "cx": 885,
    "di": 14,
    "av": 125,
    "de": 8317,
    "hp": 10530,
    "az": 395,
    "s": 0,
    "dz": 4158,
    "fd": 65523,
    "fi": 39278,
    "cm": 127,
    "ac": 232,
    "if": 64191,
    "cl": 31,
    "gr": 14919,
    "cz": 0,
    "cr": 98,
    "dd": 33270,
    "df": 4158,
    "cb": 65262,
    "dp": 46590,
    "do": 13388,
    "dl": 13437,
    "gh": 10271,
    "fp": 5135,
    "ic": 1872,
    "is": 29955,
    "i": 65071,
    "he": 54287,
    "ax": 116,
    "ei": 65511,
    "ew": 1283,
    "ga": 23743,
    "fv": 2182,
    "ab": 1023,
    "af": 2015,
    "ej": 6694,
    "hu": 1,
    "fk": 10,
    "hw": 87,
    "jd": 3328,
    "gg": 21,
    "hq": 64815,
    "ib": 7488,
    "eg": 6718,
    "gm": 1344,
    "bi": 0,
    "eo": 1,
    "gv": 47711,
    "eb": 519,
    "ev": 5135,
    "o": 16348,
    "er": 8317,
    "gx": 55291,
    "fa": 4364,
    "cv": 136,
    "ad": 65303,
    "ec": 2591,
    "fh": 57326,
    "hm": 15651,
    "dx": 0,
    "u": 0,
    "ez": 64508,
    "iq": 174,
    "fc": 12,
    "dm": 49,
    "el": 34,
    "ck": 125,
    "ak": 1094,
    "bv": 503,
    "cw": 65399,
    "aa": 251,
    "fq": 2567,
    "ea": 2079,
    "ae": 791,
    "bz": 2043,
    "q": 63347,
    "db": 502,
    "gj": 43039,
    "iw": 3744,
    "em": 65501,
    "ep": 4,
    "x": 8038,
    "fb": 14623,
    "gn": 5443,
    "gy": 37467,
    "cd": 0,
    "dv": 2,
    "bg": 64988,
    "fg": 8209,
    "dw": 16635,
    "ik": 8337,
    "ba": 1007,
    "bs": 58,
    "gi": 32768,
    "gt": 65532,
    "il": 60055,
    "cc": 1770,
    "jl": 348,
    "du": 2,
    "fj": 0,
    "fo": 20542,
    "ai": 1230,
    "as": 4019,
    "en": 23261,
    "dj": 65521,
    "dr": 65467,
    "ey": 1027,
    "bj": 0,
    "hs": 65533,
    "ee": 65528,
    "ii": 6656,
    "n": 2460,
    "k": 4031,
    "hi": 7841,
    "iu": 29955,
    "fw": 7311,
    "be": 4087,
    "ct": 153,
    "t": 0,
    "ca": 273,
    "bu": 197,
    "fn": 0,
    "it": 0,
    "j": 1583,
    "cj": 251,
    "at": 1004,
    "hk": 64895,
    "iv": 7488,
    "p": 2188,
    "aw": 511,
    "hy": 32768,
    "jn": 14977,
    "fr": 641,
    "cn": 29,
    "hz": 59911,
    "hr": 2,
    "c": 0,
    "gp": 64255,
    "cp": 98,
    "dn": 65486,
    "am": 7080,
    "al": 64441,
    "bc": 65143,
    "cq": 251,
    "hl": 7201,
    "dq": 68,
    "ir": 174,
    "y": 2009,
    "gu": 14916,
    "ch": 0,
    "bk": 0,
    "hg": 6785,
    "im": 8193,
    "bx": 65339,
    "an": 0,
    "gc": 61431,
    "fx": 6,
    "hc": 21519,
    "hx": 27143,
    "eh": 24,
    "go": 1280,
    "in": 57342,
    "co": 65506,
    "et": 41085,
    "jb": 3336,
    "fy": 65529,
    "cf": 0,
    "io": 51862,
    "ce": 0,
    "v": 8038,
    "dg": 1039,
    "hh": 1696,
    "r": 14160,
    "bn": 2009,
    "bt": 65477,
    "fe": 14611,
    "gd": 19639,
    "gf": 20,
    "hd": 32768,
    "w": 0,
    "ay": 65419,
    "bo": 502,
    "ja": 64863,
    "au": 502,
    "ex": 5391,
    "ha": 42,
    "fu": 65022,
}
[src/main.rs:169:9] uneval_exp_num = 72
[src/main.rs:170:9] &out_hash_map = {
    "h": 464,
    "bm": 0,
    "hb": 43,
    "ie": 1344,
    "cg": 1004,
    "bw": 196,
    "ds": 46522,
    "cy": 1,
    "dy": 16635,
    "hj": 640,
    "ia": 14977,
    "cs": 65437,
    "ar": 0,
    "id": 8016,
    "gb": 4104,
    "gs": 3,
    "gl": 5379,
    "ef": 2584,
    "b": 16076,
    "f": 502,
    "fz": 7305,
    "ij": 58879,
    "ht": 64813,
    "dt": 0,
    "gk": 10759,
    "ag": 785,
    "gq": 4163,
    "bq": 62,
    "bf": 547,
    "eu": 10271,
    "hn": 5121,
    "br": 255,
    "fl": 10,
    "ft": 513,
    "fs": 2695,
    "ho": 60414,
    "dc": 32768,
    "bp": 251,
    "fm": 20542,
    "gw": 10244,
    "hf": 13571,
    "ff": 47487,
    "da": 1,
    "ge": 1,
    "ek": 23295,
    "z": 1004,
    "ah": 64750,
    "iz": 672,
    "ci": 1004,
    "m": 63964,
    "ih": 14993,
    "ao": 0,
    "hv": 86,
    "es": 32768,
    "by": 307,
    "gz": 1,
    "ip": 0,
    "bd": 615,
    "aq": 4019,
    "eq": 5,
    "g": 2047,
    "l": 1571,
    "dh": 5183,
    "dk": 5169,
    "bh": 3540,
    "bb": 392,
    "cu": 1021,
    "bl": 2009,
    "iy": 4008,
    "aj": 8174,
    "ig": 6672,
    "ix": 936,
    "ap": 0,
    "ed": 7,
    "d": 4019,
    "e": 2009,
    "cx": 885,
    "di": 14,
    "av": 125,
    "de": 8317,
    "hp": 10530,
    "az": 395,
    "s": 0,
    "dz": 4158,
    "fd": 65523,
    "fi": 39278,
    "cm": 127,
    "ac": 232,
    "if": 64191,
    "cl": 31,
    "gr": 14919,
    "cz": 0,
    "cr": 98,
    "dd": 33270,
    "df": 4158,
    "cb": 65262,
    "dp": 46590,
    "do": 13388,
    "dl": 13437,
    "gh": 10271,
    "fp": 5135,
    "ic": 1872,
    "is": 29955,
    "i": 65071,
    "he": 54287,
    "ax": 116,
    "ei": 65511,
    "ew": 1283,
    "ga": 23743,
    "fv": 2182,
    "ab": 1023,
    "af": 2015,
    "ej": 6694,
    "hu": 1,
    "fk": 10,
    "hw": 87,
    "jd": 3328,
    "gg": 21,
    "hq": 64815,
    "ib": 7488,
    "eg": 6718,
    "gm": 1344,
    "bi": 0,
    "eo": 1,
    "gv": 47711,
    "je": 62207,
    "eb": 519,
    "ev": 5135,
    "o": 16348,
    "er": 8317,
    "gx": 55291,
    "fa": 4364,
    "cv": 136,
    "ad": 65303,
    "ec": 2591,
    "fh": 57326,
    "hm": 15651,
    "dx": 0,
    "u": 0,
    "ez": 64508,
    "iq": 174,
    "fc": 12,
    "dm": 49,
    "el": 34,
    "ck": 125,
    "ak": 1094,
    "bv": 503,
    "cw": 65399,
    "aa": 251,
    "fq": 2567,
    "ea": 2079,
    "ae": 791,
    "bz": 2043,
    "q": 63347,
    "db": 502,
    "gj": 43039,
    "iw": 3744,
    "em": 65501,
    "ep": 4,
    "x": 8038,
    "fb": 14623,
    "gn": 5443,
    "gy": 37467,
    "cd": 0,
    "dv": 2,
    "bg": 64988,
    "fg": 8209,
    "dw": 16635,
    "ik": 8337,
    "ba": 1007,
    "bs": 58,
    "gi": 32768,
    "gt": 65532,
    "il": 60055,
    "cc": 1770,
    "jl": 348,
    "du": 2,
    "fj": 0,
    "fo": 20542,
    "ai": 1230,
    "as": 4019,
    "en": 23261,
    "dj": 65521,
    "dr": 65467,
    "ey": 1027,
    "bj": 0,
    "hs": 65533,
    "ee": 65528,
    "ii": 6656,
    "n": 2460,
    "k": 4031,
    "hi": 7841,
    "iu": 29955,
    "fw": 7311,
    "be": 4087,
    "ct": 153,
    "t": 0,
    "ca": 273,
    "bu": 197,
    "fn": 0,
    "it": 0,
    "j": 1583,
    "cj": 251,
    "at": 1004,
    "jc": 7496,
    "hk": 64895,
    "iv": 7488,
    "p": 2188,
    "aw": 511,
    "hy": 32768,
    "jn": 14977,
    "fr": 641,
    "cn": 29,
    "hz": 59911,
    "hr": 2,
    "c": 0,
    "gp": 64255,
    "cp": 98,
    "dn": 65486,
    "am": 7080,
    "al": 64441,
    "bc": 65143,
    "jf": 4168,
    "cq": 251,
    "hl": 7201,
    "dq": 68,
    "ir": 174,
    "y": 2009,
    "gu": 14916,
    "ch": 0,
    "bk": 0,
    "hg": 6785,
    "im": 8193,
    "bx": 65339,
    "an": 0,
    "gc": 61431,
    "fx": 6,
    "hc": 21519,
    "hx": 27143,
    "eh": 24,
    "go": 1280,
    "in": 57342,
    "co": 65506,
    "et": 41085,
    "jb": 3336,
    "fy": 65529,
    "cf": 0,
    "io": 51862,
    "ce": 0,
    "v": 8038,
    "dg": 1039,
    "hh": 1696,
    "r": 14160,
    "bn": 2009,
    "bt": 65477,
    "fe": 14611,
    "gd": 19639,
    "gf": 20,
    "hd": 32768,
    "w": 0,
    "ay": 65419,
    "bo": 502,
    "ja": 64863,
    "au": 502,
    "ex": 5391,
    "ha": 42,
    "fu": 65022,
}
[src/main.rs:169:9] uneval_exp_num = 70
[src/main.rs:170:9] &out_hash_map = {
    "h": 464,
    "bm": 0,
    "hb": 43,
    "ie": 1344,
    "cg": 1004,
    "bw": 196,
    "ds": 46522,
    "cy": 1,
    "dy": 16635,
    "hj": 640,
    "ia": 14977,
    "cs": 65437,
    "ar": 0,
    "id": 8016,
    "gb": 4104,
    "gs": 3,
    "gl": 5379,
    "ef": 2584,
    "b": 16076,
    "f": 502,
    "fz": 7305,
    "ij": 58879,
    "ht": 64813,
    "dt": 0,
    "gk": 10759,
    "ag": 785,
    "gq": 4163,
    "bq": 62,
    "bf": 547,
    "eu": 10271,
    "hn": 5121,
    "br": 255,
    "fl": 10,
    "ft": 513,
    "fs": 2695,
    "ho": 60414,
    "dc": 32768,
    "bp": 251,
    "fm": 20542,
    "gw": 10244,
    "hf": 13571,
    "ff": 47487,
    "da": 1,
    "ge": 1,
    "ek": 23295,
    "z": 1004,
    "ah": 64750,
    "iz": 672,
    "ci": 1004,
    "m": 63964,
    "ih": 14993,
    "ao": 0,
    "hv": 86,
    "es": 32768,
    "by": 307,
    "gz": 1,
    "ip": 0,
    "bd": 615,
    "aq": 4019,
    "eq": 5,
    "g": 2047,
    "l": 1571,
    "dh": 5183,
    "dk": 5169,
    "bh": 3540,
    "bb": 392,
    "cu": 1021,
    "bl": 2009,
    "iy": 4008,
    "aj": 8174,
    "ig": 6672,
    "ix": 936,
    "ap": 0,
    "ed": 7,
    "d": 4019,
    "e": 2009,
    "cx": 885,
    "di": 14,
    "av": 125,
    "de": 8317,
    "hp": 10530,
    "az": 395,
    "s": 0,
    "dz": 4158,
    "fd": 65523,
    "fi": 39278,
    "cm": 127,
    "ac": 232,
    "if": 64191,
    "cl": 31,
    "gr": 14919,
    "cz": 0,
    "cr": 98,
    "dd": 33270,
    "df": 4158,
    "cb": 65262,
    "dp": 46590,
    "do": 13388,
    "dl": 13437,
    "gh": 10271,
    "fp": 5135,
    "ic": 1872,
    "is": 29955,
    "i": 65071,
    "he": 54287,
    "ax": 116,
    "ei": 65511,
    "ew": 1283,
    "ga": 23743,
    "fv": 2182,
    "ab": 1023,
    "af": 2015,
    "ej": 6694,
    "hu": 1,
    "fk": 10,
    "hw": 87,
    "jd": 3328,
    "gg": 21,
    "hq": 64815,
    "ib": 7488,
    "eg": 6718,
    "gm": 1344,
    "bi": 0,
    "eo": 1,
    "gv": 47711,
    "je": 62207,
    "eb": 519,
    "ev": 5135,
    "o": 16348,
    "er": 8317,
    "gx": 55291,
    "fa": 4364,
    "cv": 136,
    "ad": 65303,
    "ec": 2591,
    "fh": 57326,
    "hm": 15651,
    "dx": 0,
    "u": 0,
    "ez": 64508,
    "iq": 174,
    "fc": 12,
    "dm": 49,
    "el": 34,
    "ck": 125,
    "ak": 1094,
    "bv": 503,
    "cw": 65399,
    "aa": 251,
    "fq": 2567,
    "ea": 2079,
    "ae": 791,
    "bz": 2043,
    "q": 63347,
    "db": 502,
    "gj": 43039,
    "iw": 3744,
    "em": 65501,
    "ep": 4,
    "x": 8038,
    "fb": 14623,
    "gn": 5443,
    "gy": 37467,
    "cd": 0,
    "dv": 2,
    "bg": 64988,
    "fg": 8209,
    "dw": 16635,
    "ik": 8337,
    "ba": 1007,
    "bs": 58,
    "gi": 32768,
    "gt": 65532,
    "il": 60055,
    "cc": 1770,
    "jl": 348,
    "du": 2,
    "fj": 0,
    "fo": 20542,
    "ai": 1230,
    "as": 4019,
    "en": 23261,
    "dj": 65521,
    "dr": 65467,
    "ey": 1027,
    "bj": 0,
    "hs": 65533,
    "ee": 65528,
    "ii": 6656,
    "n": 2460,
    "k": 4031,
    "hi": 7841,
    "jh": 4096,
    "iu": 29955,
    "fw": 7311,
    "be": 4087,
    "ct": 153,
    "t": 0,
    "ca": 273,
    "bu": 197,
    "fn": 0,
    "it": 0,
    "j": 1583,
    "cj": 251,
    "at": 1004,
    "jc": 7496,
    "hk": 64895,
    "iv": 7488,
    "p": 2188,
    "aw": 511,
    "hy": 32768,
    "jn": 14977,
    "fr": 641,
    "cn": 29,
    "hz": 59911,
    "hr": 2,
    "c": 0,
    "gp": 64255,
    "cp": 98,
    "dn": 65486,
    "am": 7080,
    "al": 64441,
    "bc": 65143,
    "jf": 4168,
    "cq": 251,
    "hl": 7201,
    "dq": 68,
    "ir": 174,
    "y": 2009,
    "gu": 14916,
    "ch": 0,
    "bk": 0,
    "hg": 6785,
    "im": 8193,
    "bx": 65339,
    "an": 0,
    "gc": 61431,
    "fx": 6,
    "hc": 21519,
    "hx": 27143,
    "eh": 24,
    "go": 1280,
    "in": 57342,
    "co": 65506,
    "et": 41085,
    "jb": 3336,
    "fy": 65529,
    "cf": 0,
    "io": 51862,
    "ce": 0,
    "v": 8038,
    "dg": 1039,
    "hh": 1696,
    "r": 14160,
    "bn": 2009,
    "bt": 65477,
    "fe": 14611,
    "gd": 19639,
    "gf": 20,
    "hd": 32768,
    "w": 0,
    "ay": 65419,
    "bo": 502,
    "ja": 64863,
    "jg": 30027,
    "au": 502,
    "ex": 5391,
    "ha": 42,
    "fu": 65022,
}
[src/main.rs:169:9] uneval_exp_num = 68
[src/main.rs:170:9] &out_hash_map = {
    "h": 464,
    "bm": 0,
    "hb": 43,
    "ie": 1344,
    "cg": 1004,
    "bw": 196,
    "ds": 46522,
    "cy": 1,
    "dy": 16635,
    "hj": 640,
    "ia": 14977,
    "cs": 65437,
    "ar": 0,
    "id": 8016,
    "gb": 4104,
    "gs": 3,
    "gl": 5379,
    "ef": 2584,
    "b": 16076,
    "f": 502,
    "fz": 7305,
    "ij": 58879,
    "ht": 64813,
    "dt": 0,
    "gk": 10759,
    "ag": 785,
    "gq": 4163,
    "bq": 62,
    "bf": 547,
    "eu": 10271,
    "hn": 5121,
    "br": 255,
    "fl": 10,
    "ft": 513,
    "fs": 2695,
    "ho": 60414,
    "dc": 32768,
    "bp": 251,
    "fm": 20542,
    "gw": 10244,
    "hf": 13571,
    "ff": 47487,
    "da": 1,
    "ge": 1,
    "ek": 23295,
    "z": 1004,
    "ah": 64750,
    "iz": 672,
    "ci": 1004,
    "m": 63964,
    "ih": 14993,
    "ao": 0,
    "hv": 86,
    "es": 32768,
    "by": 307,
    "gz": 1,
    "ip": 0,
    "bd": 615,
    "aq": 4019,
    "eq": 5,
    "g": 2047,
    "l": 1571,
    "dh": 5183,
    "dk": 5169,
    "bh": 3540,
    "bb": 392,
    "cu": 1021,
    "bl": 2009,
    "iy": 4008,
    "aj": 8174,
    "ig": 6672,
    "ix": 936,
    "ap": 0,
    "ed": 7,
    "d": 4019,
    "e": 2009,
    "cx": 885,
    "di": 14,
    "av": 125,
    "de": 8317,
    "hp": 10530,
    "az": 395,
    "ji": 61439,
    "s": 0,
    "dz": 4158,
    "fd": 65523,
    "fi": 39278,
    "jj": 25931,
    "cm": 127,
    "ac": 232,
    "if": 64191,
    "cl": 31,
    "gr": 14919,
    "cz": 0,
    "cr": 98,
    "dd": 33270,
    "df": 4158,
    "cb": 65262,
    "dp": 46590,
    "do": 13388,
    "dl": 13437,
    "gh": 10271,
    "fp": 5135,
    "ic": 1872,
    "is": 29955,
    "i": 65071,
    "he": 54287,
    "ax": 116,
    "ei": 65511,
    "ew": 1283,
    "ga": 23743,
    "fv": 2182,
    "ab": 1023,
    "af": 2015,
    "ej": 6694,
    "hu": 1,
    "fk": 10,
    "hw": 87,
    "jd": 3328,
    "gg": 21,
    "hq": 64815,
    "ib": 7488,
    "eg": 6718,
    "gm": 1344,
    "bi": 0,
    "eo": 1,
    "gv": 47711,
    "je": 62207,
    "eb": 519,
    "ev": 5135,
    "o": 16348,
    "er": 8317,
    "gx": 55291,
    "fa": 4364,
    "cv": 136,
    "ad": 65303,
    "ec": 2591,
    "fh": 57326,
    "hm": 15651,
    "dx": 0,
    "u": 0,
    "ez": 64508,
    "iq": 174,
    "fc": 12,
    "dm": 49,
    "el": 34,
    "ck": 125,
    "ak": 1094,
    "bv": 503,
    "cw": 65399,
    "aa": 251,
    "fq": 2567,
    "ea": 2079,
    "ae": 791,
    "bz": 2043,
    "q": 63347,
    "db": 502,
    "gj": 43039,
    "iw": 3744,
    "em": 65501,
    "ep": 4,
    "x": 8038,
    "fb": 14623,
    "gn": 5443,
    "gy": 37467,
    "cd": 0,
    "dv": 2,
    "bg": 64988,
    "fg": 8209,
    "dw": 16635,
    "ik": 8337,
    "ba": 1007,
    "bs": 58,
    "gi": 32768,
    "gt": 65532,
    "il": 60055,
    "cc": 1770,
    "jl": 348,
    "du": 2,
    "fj": 0,
    "fo": 20542,
    "ai": 1230,
    "as": 4019,
    "en": 23261,
    "dj": 65521,
    "dr": 65467,
    "ey": 1027,
    "bj": 0,
    "hs": 65533,
    "ee": 65528,
    "ii": 6656,
    "n": 2460,
    "k": 4031,
    "hi": 7841,
    "jh": 4096,
    "iu": 29955,
    "fw": 7311,
    "be": 4087,
    "ct": 153,
    "t": 0,
    "ca": 273,
    "bu": 197,
    "fn": 0,
    "it": 0,
    "j": 1583,
    "cj": 251,
    "at": 1004,
    "jc": 7496,
    "hk": 64895,
    "iv": 7488,
    "p": 2188,
    "aw": 511,
    "hy": 32768,
    "jn": 14977,
    "fr": 641,
    "cn": 29,
    "hz": 59911,
    "hr": 2,
    "c": 0,
    "gp": 64255,
    "cp": 98,
    "dn": 65486,
    "am": 7080,
    "al": 64441,
    "bc": 65143,
    "jf": 4168,
    "cq": 251,
    "hl": 7201,
    "dq": 68,
    "ir": 174,
    "y": 2009,
    "gu": 14916,
    "ch": 0,
    "bk": 0,
    "hg": 6785,
    "im": 8193,
    "bx": 65339,
    "an": 0,
    "gc": 61431,
    "fx": 6,
    "hc": 21519,
    "hx": 27143,
    "eh": 24,
    "go": 1280,
    "in": 57342,
    "co": 65506,
    "et": 41085,
    "jb": 3336,
    "fy": 65529,
    "cf": 0,
    "io": 51862,
    "ce": 0,
    "v": 8038,
    "dg": 1039,
    "hh": 1696,
    "r": 14160,
    "bn": 2009,
    "bt": 65477,
    "fe": 14611,
    "gd": 19639,
    "gf": 20,
    "hd": 32768,
    "w": 0,
    "ay": 65419,
    "bo": 502,
    "ja": 64863,
    "jg": 30027,
    "au": 502,
    "ex": 5391,
    "ha": 42,
    "fu": 65022,
}
[src/main.rs:169:9] uneval_exp_num = 62
[src/main.rs:170:9] &out_hash_map = {
    "h": 464,
    "bm": 0,
    "hb": 43,
    "ie": 1344,
    "jr": 5968,
    "cg": 1004,
    "bw": 196,
    "ds": 46522,
    "cy": 1,
    "dy": 16635,
    "hj": 640,
    "ia": 14977,
    "cs": 65437,
    "ar": 0,
    "id": 8016,
    "gb": 4104,
    "gs": 3,
    "gl": 5379,
    "ef": 2584,
    "b": 16076,
    "f": 502,
    "fz": 7305,
    "ij": 58879,
    "ht": 64813,
    "dt": 0,
    "gk": 10759,
    "ag": 785,
    "gq": 4163,
    "bq": 62,
    "bf": 547,
    "eu": 10271,
    "hn": 5121,
    "br": 255,
    "fl": 10,
    "ft": 513,
    "fs": 2695,
    "ho": 60414,
    "dc": 32768,
    "bp": 251,
    "fm": 20542,
    "gw": 10244,
    "hf": 13571,
    "ff": 47487,
    "da": 1,
    "ge": 1,
    "ek": 23295,
    "z": 1004,
    "ah": 64750,
    "iz": 672,
    "ci": 1004,
    "m": 63964,
    "ih": 14993,
    "ao": 0,
    "hv": 86,
    "es": 32768,
    "by": 307,
    "gz": 1,
    "ip": 0,
    "bd": 615,
    "aq": 4019,
    "eq": 5,
    "g": 2047,
    "l": 1571,
    "dh": 5183,
    "dk": 5169,
    "ki": 23872,
    "bh": 3540,
    "bb": 392,
    "cu": 1021,
    "bl": 2009,
    "iy": 4008,
    "aj": 8174,
    "ig": 6672,
    "ix": 936,
    "ap": 0,
    "ed": 7,
    "d": 4019,
    "e": 2009,
    "cx": 885,
    "di": 14,
    "av": 125,
    "de": 8317,
    "hp": 10530,
    "az": 395,
    "ji": 61439,
    "jp": 47745,
    "s": 0,
    "dz": 4158,
    "fd": 65523,
    "fi": 39278,
    "jj": 25931,
    "cm": 127,
    "ac": 232,
    "if": 64191,
    "cl": 31,
    "gr": 14919,
    "cz": 0,
    "cr": 98,
    "dd": 33270,
    "df": 4158,
    "cb": 65262,
    "dp": 46590,
    "do": 13388,
    "dl": 13437,
    "gh": 10271,
    "fp": 5135,
    "ic": 1872,
    "is": 29955,
    "i": 65071,
    "he": 54287,
    "ax": 116,
    "ei": 65511,
    "ew": 1283,
    "ga": 23743,
    "fv": 2182,
    "ab": 1023,
    "af": 2015,
    "ej": 6694,
    "hu": 1,
    "fk": 10,
    "hw": 87,
    "jd": 3328,
    "gg": 21,
    "hq": 64815,
    "ib": 7488,
    "eg": 6718,
    "gm": 1344,
    "bi": 0,
    "eo": 1,
    "gv": 47711,
    "je": 62207,
    "eb": 519,
    "ev": 5135,
    "o": 16348,
    "er": 8317,
    "gx": 55291,
    "fa": 4364,
    "cv": 136,
    "ad": 65303,
    "ec": 2591,
    "fh": 57326,
    "hm": 15651,
    "dx": 0,
    "u": 0,
    "ez": 64508,
    "iq": 174,
    "fc": 12,
    "dm": 49,
    "el": 34,
    "jm": 349,
    "ck": 125,
    "ak": 1094,
    "bv": 503,
    "cw": 65399,
    "aa": 251,
    "fq": 2567,
    "ea": 2079,
    "ae": 791,
    "bz": 2043,
    "q": 63347,
    "db": 502,
    "gj": 43039,
    "iw": 3744,
    "em": 65501,
    "ep": 4,
    "x": 8038,
    "fb": 14623,
    "gn": 5443,
    "gy": 37467,
    "cd": 0,
    "dv": 2,
    "jo": 32768,
    "bg": 64988,
    "fg": 8209,
    "dw": 16635,
    "ik": 8337,
    "ba": 1007,
    "bs": 58,
    "gi": 32768,
    "gt": 65532,
    "il": 60055,
    "cc": 1770,
    "jl": 348,
    "du": 2,
    "fj": 0,
    "fo": 20542,
    "ai": 1230,
    "as": 4019,
    "en": 23261,
    "dj": 65521,
    "dr": 65467,
    "ey": 1027,
    "bj": 0,
    "hs": 65533,
    "ee": 65528,
    "ii": 6656,
    "n": 2460,
    "k": 4031,
    "hi": 7841,
    "jh": 4096,
    "iu": 29955,
    "fw": 7311,
    "be": 4087,
    "ct": 153,
    "t": 0,
    "ca": 273,
    "bu": 197,
    "fn": 0,
    "it": 0,
    "j": 1583,
    "cj": 251,
    "at": 1004,
    "jc": 7496,
    "hk": 64895,
    "iv": 7488,
    "p": 2188,
    "aw": 511,
    "jk": 1,
    "hy": 32768,
    "jn": 14977,
    "fr": 641,
    "cn": 29,
    "hz": 59911,
    "hr": 2,
    "c": 0,
    "gp": 64255,
    "cp": 98,
    "dn": 65486,
    "am": 7080,
    "al": 64441,
    "bc": 65143,
    "jf": 4168,
    "cq": 251,
    "hl": 7201,
    "dq": 68,
    "ir": 174,
    "y": 2009,
    "gu": 14916,
    "ch": 0,
    "bk": 0,
    "hg": 6785,
    "im": 8193,
    "bx": 65339,
    "an": 0,
    "gc": 61431,
    "fx": 6,
    "hc": 21519,
    "hx": 27143,
    "eh": 24,
    "go": 1280,
    "in": 57342,
    "co": 65506,
    "et": 41085,
    "jb": 3336,
    "fy": 65529,
    "cf": 0,
    "io": 51862,
    "ce": 0,
    "v": 8038,
    "dg": 1039,
    "hh": 1696,
    "r": 14160,
    "bn": 2009,
    "bt": 65477,
    "fe": 14611,
    "gd": 19639,
    "gf": 20,
    "hd": 32768,
    "w": 0,
    "ay": 65419,
    "bo": 502,
    "ja": 64863,
    "jg": 30027,
    "au": 502,
    "ex": 5391,
    "ha": 42,
    "fu": 65022,
}
[src/main.rs:169:9] uneval_exp_num = 56
[src/main.rs:170:9] &out_hash_map = {
    "h": 464,
    "bm": 0,
    "hb": 43,
    "ie": 1344,
    "jr": 5968,
    "cg": 1004,
    "bw": 196,
    "ds": 46522,
    "cy": 1,
    "dy": 16635,
    "hj": 640,
    "ia": 14977,
    "cs": 65437,
    "ar": 0,
    "id": 8016,
    "gb": 4104,
    "gs": 3,
    "gl": 5379,
    "ef": 2584,
    "b": 16076,
    "f": 502,
    "fz": 7305,
    "ij": 58879,
    "ht": 64813,
    "dt": 0,
    "gk": 10759,
    "ag": 785,
    "gq": 4163,
    "bq": 62,
    "bf": 547,
    "eu": 10271,
    "hn": 5121,
    "br": 255,
    "fl": 10,
    "ft": 513,
    "fs": 2695,
    "ho": 60414,
    "dc": 32768,
    "bp": 251,
    "fm": 20542,
    "gw": 10244,
    "hf": 13571,
    "ff": 47487,
    "da": 1,
    "ge": 1,
    "ek": 23295,
    "z": 1004,
    "ah": 64750,
    "iz": 672,
    "ci": 1004,
    "m": 63964,
    "ih": 14993,
    "ao": 0,
    "hv": 86,
    "es": 32768,
    "by": 307,
    "gz": 1,
    "ip": 0,
    "bd": 615,
    "aq": 4019,
    "eq": 5,
    "g": 2047,
    "l": 1571,
    "ju": 1360,
    "dh": 5183,
    "dk": 5169,
    "ki": 23872,
    "bh": 3540,
    "bb": 392,
    "cu": 1021,
    "bl": 2009,
    "iy": 4008,
    "aj": 8174,
    "ig": 6672,
    "ix": 936,
    "ap": 0,
    "kg": 698,
    "ed": 7,
    "d": 4019,
    "e": 2009,
    "cx": 885,
    "di": 14,
    "av": 125,
    "de": 8317,
    "hp": 10530,
    "az": 395,
    "ji": 61439,
    "jp": 47745,
    "s": 0,
    "dz": 4158,
    "fd": 65523,
    "fi": 39278,
    "jj": 25931,
    "cm": 127,
    "ac": 232,
    "if": 64191,
    "cl": 31,
    "gr": 14919,
    "cz": 0,
    "cr": 98,
    "dd": 33270,
    "df": 4158,
    "cb": 65262,
    "dp": 46590,
    "do": 13388,
    "dl": 13437,
    "gh": 10271,
    "fp": 5135,
    "ic": 1872,
    "is": 29955,
    "i": 65071,
    "he": 54287,
    "ax": 116,
    "ei": 65511,
    "ew": 1283,
    "ga": 23743,
    "fv": 2182,
    "js": 1492,
    "ab": 1023,
    "af": 2015,
    "ej": 6694,
    "hu": 1,
    "fk": 10,
    "hw": 87,
    "jd": 3328,
    "gg": 21,
    "hq": 64815,
    "ib": 7488,
    "eg": 6718,
    "gm": 1344,
    "bi": 0,
    "eo": 1,
    "gv": 47711,
    "je": 62207,
    "eb": 519,
    "ev": 5135,
    "o": 16348,
    "er": 8317,
    "gx": 55291,
    "fa": 4364,
    "cv": 136,
    "ad": 65303,
    "ec": 2591,
    "fh": 57326,
    "hm": 15651,
    "dx": 0,
    "u": 0,
    "ez": 64508,
    "iq": 174,
    "fc": 12,
    "dm": 49,
    "el": 34,
    "jm": 349,
    "ck": 125,
    "ak": 1094,
    "bv": 503,
    "cw": 65399,
    "aa": 251,
    "fq": 2567,
    "ea": 2079,
    "ae": 791,
    "bz": 2043,
    "q": 63347,
    "db": 502,
    "gj": 43039,
    "iw": 3744,
    "em": 65501,
    "ep": 4,
    "x": 8038,
    "fb": 14623,
    "gn": 5443,
    "gy": 37467,
    "cd": 0,
    "dv": 2,
    "jo": 32768,
    "bg": 64988,
    "fg": 8209,
    "dw": 16635,
    "ik": 8337,
    "ba": 1007,
    "bs": 58,
    "gi": 32768,
    "gt": 65532,
    "il": 60055,
    "cc": 1770,
    "jl": 348,
    "du": 2,
    "fj": 0,
    "fo": 20542,
    "ai": 1230,
    "as": 4019,
    "en": 23261,
    "dj": 65521,
    "dr": 65467,
    "ey": 1027,
    "bj": 0,
    "hs": 65533,
    "ee": 65528,
    "ii": 6656,
    "n": 2460,
    "k": 4031,
    "hi": 7841,
    "jh": 4096,
    "iu": 29955,
    "fw": 7311,
    "be": 4087,
    "ct": 153,
    "t": 0,
    "ca": 273,
    "bu": 197,
    "fn": 0,
    "it": 0,
    "j": 1583,
    "cj": 251,
    "jt": 6100,
    "at": 1004,
    "jc": 7496,
    "hk": 64895,
    "iv": 7488,
    "p": 2188,
    "aw": 511,
    "jk": 1,
    "hy": 32768,
    "jn": 14977,
    "fr": 641,
    "cn": 29,
    "hz": 59911,
    "hr": 2,
    "c": 0,
    "gp": 64255,
    "cp": 98,
    "dn": 65486,
    "am": 7080,
    "al": 64441,
    "bc": 65143,
    "jf": 4168,
    "cq": 251,
    "hl": 7201,
    "dq": 68,
    "ir": 174,
    "y": 2009,
    "gu": 14916,
    "ch": 0,
    "bk": 0,
    "hg": 6785,
    "im": 8193,
    "bx": 65339,
    "an": 0,
    "gc": 61431,
    "fx": 6,
    "hc": 21519,
    "hx": 27143,
    "jq": 11936,
    "eh": 24,
    "go": 1280,
    "in": 57342,
    "co": 65506,
    "et": 41085,
    "jb": 3336,
    "fy": 65529,
    "cf": 0,
    "io": 51862,
    "ce": 0,
    "jv": 64175,
    "v": 8038,
    "dg": 1039,
    "hh": 1696,
    "r": 14160,
    "bn": 2009,
    "bt": 65477,
    "fe": 14611,
    "gd": 19639,
    "gf": 20,
    "hd": 32768,
    "w": 0,
    "ay": 65419,
    "bo": 502,
    "ja": 64863,
    "jg": 30027,
    "au": 502,
    "ex": 5391,
    "ha": 42,
    "fu": 65022,
}
[src/main.rs:169:9] uneval_exp_num = 55
[src/main.rs:170:9] &out_hash_map = {
    "h": 464,
    "bm": 0,
    "hb": 43,
    "ie": 1344,
    "jr": 5968,
    "cg": 1004,
    "bw": 196,
    "ds": 46522,
    "cy": 1,
    "dy": 16635,
    "hj": 640,
    "ia": 14977,
    "cs": 65437,
    "ar": 0,
    "id": 8016,
    "gb": 4104,
    "gs": 3,
    "gl": 5379,
    "ef": 2584,
    "b": 16076,
    "f": 502,
    "fz": 7305,
    "ij": 58879,
    "ht": 64813,
    "dt": 0,
    "gk": 10759,
    "ag": 785,
    "gq": 4163,
    "bq": 62,
    "bf": 547,
    "eu": 10271,
    "hn": 5121,
    "br": 255,
    "fl": 10,
    "ft": 513,
    "fs": 2695,
    "ho": 60414,
    "dc": 32768,
    "bp": 251,
    "fm": 20542,
    "gw": 10244,
    "hf": 13571,
    "ff": 47487,
    "da": 1,
    "ge": 1,
    "ek": 23295,
    "z": 1004,
    "ah": 64750,
    "iz": 672,
    "ci": 1004,
    "m": 63964,
    "ih": 14993,
    "ao": 0,
    "hv": 86,
    "es": 32768,
    "by": 307,
    "gz": 1,
    "ip": 0,
    "bd": 615,
    "aq": 4019,
    "eq": 5,
    "g": 2047,
    "l": 1571,
    "ju": 1360,
    "dh": 5183,
    "dk": 5169,
    "ki": 23872,
    "bh": 3540,
    "bb": 392,
    "cu": 1021,
    "bl": 2009,
    "iy": 4008,
    "aj": 8174,
    "ig": 6672,
    "ix": 936,
    "jw": 4740,
    "ap": 0,
    "kg": 698,
    "ed": 7,
    "d": 4019,
    "e": 2009,
    "cx": 885,
    "di": 14,
    "av": 125,
    "de": 8317,
    "hp": 10530,
    "az": 395,
    "ji": 61439,
    "jp": 47745,
    "s": 0,
    "dz": 4158,
    "fd": 65523,
    "fi": 39278,
    "jj": 25931,
    "cm": 127,
    "ac": 232,
    "if": 64191,
    "cl": 31,
    "gr": 14919,
    "cz": 0,
    "cr": 98,
    "dd": 33270,
    "df": 4158,
    "cb": 65262,
    "dp": 46590,
    "do": 13388,
    "dl": 13437,
    "gh": 10271,
    "fp": 5135,
    "ic": 1872,
    "is": 29955,
    "i": 65071,
    "he": 54287,
    "ax": 116,
    "ei": 65511,
    "ew": 1283,
    "ga": 23743,
    "fv": 2182,
    "js": 1492,
    "ab": 1023,
    "af": 2015,
    "ej": 6694,
    "hu": 1,
    "fk": 10,
    "hw": 87,
    "jd": 3328,
    "gg": 21,
    "hq": 64815,
    "ib": 7488,
    "eg": 6718,
    "gm": 1344,
    "bi": 0,
    "eo": 1,
    "gv": 47711,
    "je": 62207,
    "eb": 519,
    "ev": 5135,
    "o": 16348,
    "er": 8317,
    "gx": 55291,
    "fa": 4364,
    "cv": 136,
    "ad": 65303,
    "ec": 2591,
    "fh": 57326,
    "hm": 15651,
    "dx": 0,
    "u": 0,
    "ez": 64508,
    "iq": 174,
    "fc": 12,
    "dm": 49,
    "el": 34,
    "jm": 349,
    "ck": 125,
    "ak": 1094,
    "bv": 503,
    "cw": 65399,
    "aa": 251,
    "fq": 2567,
    "ea": 2079,
    "ae": 791,
    "bz": 2043,
    "q": 63347,
    "db": 502,
    "gj": 43039,
    "iw": 3744,
    "em": 65501,
    "ep": 4,
    "x": 8038,
    "fb": 14623,
    "gn": 5443,
    "gy": 37467,
    "cd": 0,
    "dv": 2,
    "jo": 32768,
    "bg": 64988,
    "fg": 8209,
    "dw": 16635,
    "ik": 8337,
    "ba": 1007,
    "bs": 58,
    "gi": 32768,
    "gt": 65532,
    "il": 60055,
    "cc": 1770,
    "jl": 348,
    "du": 2,
    "fj": 0,
    "fo": 20542,
    "ai": 1230,
    "as": 4019,
    "en": 23261,
    "dj": 65521,
    "dr": 65467,
    "ey": 1027,
    "bj": 0,
    "hs": 65533,
    "ee": 65528,
    "ii": 6656,
    "n": 2460,
    "k": 4031,
    "hi": 7841,
    "jh": 4096,
    "iu": 29955,
    "fw": 7311,
    "be": 4087,
    "ct": 153,
    "t": 0,
    "ca": 273,
    "bu": 197,
    "fn": 0,
    "it": 0,
    "j": 1583,
    "cj": 251,
    "jt": 6100,
    "at": 1004,
    "jc": 7496,
    "hk": 64895,
    "iv": 7488,
    "p": 2188,
    "aw": 511,
    "jk": 1,
    "hy": 32768,
    "jn": 14977,
    "fr": 641,
    "cn": 29,
    "hz": 59911,
    "hr": 2,
    "c": 0,
    "gp": 64255,
    "cp": 98,
    "dn": 65486,
    "am": 7080,
    "al": 64441,
    "bc": 65143,
    "jf": 4168,
    "cq": 251,
    "hl": 7201,
    "dq": 68,
    "ir": 174,
    "y": 2009,
    "gu": 14916,
    "ch": 0,
    "bk": 0,
    "hg": 6785,
    "im": 8193,
    "bx": 65339,
    "an": 0,
    "gc": 61431,
    "fx": 6,
    "hc": 21519,
    "hx": 27143,
    "jq": 11936,
    "eh": 24,
    "go": 1280,
    "in": 57342,
    "co": 65506,
    "et": 41085,
    "jb": 3336,
    "fy": 65529,
    "cf": 0,
    "io": 51862,
    "ce": 0,
    "jv": 64175,
    "v": 8038,
    "dg": 1039,
    "hh": 1696,
    "r": 14160,
    "bn": 2009,
    "bt": 65477,
    "fe": 14611,
    "gd": 19639,
    "gf": 20,
    "hd": 32768,
    "w": 0,
    "ay": 65419,
    "bo": 502,
    "ja": 64863,
    "jg": 30027,
    "au": 502,
    "ex": 5391,
    "ha": 42,
    "fu": 65022,
}
[src/main.rs:169:9] uneval_exp_num = 53
[src/main.rs:170:9] &out_hash_map = {
    "h": 464,
    "bm": 0,
    "hb": 43,
    "ie": 1344,
    "jr": 5968,
    "cg": 1004,
    "bw": 196,
    "ds": 46522,
    "cy": 1,
    "dy": 16635,
    "hj": 640,
    "ia": 14977,
    "cs": 65437,
    "ar": 0,
    "id": 8016,
    "gb": 4104,
    "gs": 3,
    "gl": 5379,
    "ef": 2584,
    "b": 16076,
    "f": 502,
    "fz": 7305,
    "ij": 58879,
    "ht": 64813,
    "dt": 0,
    "gk": 10759,
    "ag": 785,
    "gq": 4163,
    "bq": 62,
    "bf": 547,
    "eu": 10271,
    "hn": 5121,
    "br": 255,
    "fl": 10,
    "ft": 513,
    "fs": 2695,
    "ho": 60414,
    "dc": 32768,
    "bp": 251,
    "fm": 20542,
    "gw": 10244,
    "hf": 13571,
    "ff": 47487,
    "da": 1,
    "ge": 1,
    "ek": 23295,
    "z": 1004,
    "ah": 64750,
    "iz": 672,
    "ci": 1004,
    "m": 63964,
    "ih": 14993,
    "ao": 0,
    "hv": 86,
    "es": 32768,
    "by": 307,
    "gz": 1,
    "ip": 0,
    "bd": 615,
    "aq": 4019,
    "eq": 5,
    "g": 2047,
    "l": 1571,
    "ju": 1360,
    "dh": 5183,
    "dk": 5169,
    "ki": 23872,
    "bh": 3540,
    "bb": 392,
    "cu": 1021,
    "bl": 2009,
    "iy": 4008,
    "aj": 8174,
    "ig": 6672,
    "ix": 936,
    "jw": 4740,
    "ap": 0,
    "kg": 698,
    "ed": 7,
    "d": 4019,
    "e": 2009,
    "cx": 885,
    "di": 14,
    "av": 125,
    "de": 8317,
    "hp": 10530,
    "az": 395,
    "ji": 61439,
    "jp": 47745,
    "s": 0,
    "dz": 4158,
    "fd": 65523,
    "fi": 39278,
    "jj": 25931,
    "cm": 127,
    "ac": 232,
    "if": 64191,
    "cl": 31,
    "gr": 14919,
    "cz": 0,
    "cr": 98,
    "dd": 33270,
    "df": 4158,
    "cb": 65262,
    "dp": 46590,
    "do": 13388,
    "dl": 13437,
    "gh": 10271,
    "fp": 5135,
    "ic": 1872,
    "is": 29955,
    "i": 65071,
    "he": 54287,
    "ax": 116,
    "ei": 65511,
    "ew": 1283,
    "ga": 23743,
    "fv": 2182,
    "js": 1492,
    "ab": 1023,
    "af": 2015,
    "ej": 6694,
    "hu": 1,
    "fk": 10,
    "hw": 87,
    "jd": 3328,
    "gg": 21,
    "hq": 64815,
    "ib": 7488,
    "eg": 6718,
    "gm": 1344,
    "bi": 0,
    "eo": 1,
    "gv": 47711,
    "je": 62207,
    "eb": 519,
    "ev": 5135,
    "o": 16348,
    "er": 8317,
    "gx": 55291,
    "fa": 4364,
    "cv": 136,
    "ad": 65303,
    "ec": 2591,
    "fh": 57326,
    "hm": 15651,
    "dx": 0,
    "u": 0,
    "ez": 64508,
    "iq": 174,
    "jy": 640,
    "fc": 12,
    "dm": 49,
    "el": 34,
    "jm": 349,
    "ck": 125,
    "ak": 1094,
    "bv": 503,
    "cw": 65399,
    "aa": 251,
    "fq": 2567,
    "ea": 2079,
    "ae": 791,
    "bz": 2043,
    "q": 63347,
    "db": 502,
    "gj": 43039,
    "iw": 3744,
    "em": 65501,
    "ep": 4,
    "x": 8038,
    "fb": 14623,
    "gn": 5443,
    "gy": 37467,
    "cd": 0,
    "dv": 2,
    "jo": 32768,
    "bg": 64988,
    "fg": 8209,
    "dw": 16635,
    "ik": 8337,
    "ba": 1007,
    "bs": 58,
    "gi": 32768,
    "gt": 65532,
    "il": 60055,
    "cc": 1770,
    "jl": 348,
    "du": 2,
    "fj": 0,
    "fo": 20542,
    "ai": 1230,
    "as": 4019,
    "en": 23261,
    "dj": 65521,
    "dr": 65467,
    "ey": 1027,
    "bj": 0,
    "hs": 65533,
    "ee": 65528,
    "ii": 6656,
    "n": 2460,
    "k": 4031,
    "hi": 7841,
    "jh": 4096,
    "iu": 29955,
    "fw": 7311,
    "be": 4087,
    "ct": 153,
    "t": 0,
    "ca": 273,
    "bu": 197,
    "fn": 0,
    "it": 0,
    "j": 1583,
    "cj": 251,
    "jt": 6100,
    "at": 1004,
    "jc": 7496,
    "hk": 64895,
    "iv": 7488,
    "p": 2188,
    "aw": 511,
    "jk": 1,
    "jx": 16036,
    "hy": 32768,
    "jn": 14977,
    "fr": 641,
    "cn": 29,
    "hz": 59911,
    "hr": 2,
    "c": 0,
    "gp": 64255,
    "cp": 98,
    "dn": 65486,
    "am": 7080,
    "al": 64441,
    "bc": 65143,
    "jf": 4168,
    "cq": 251,
    "hl": 7201,
    "dq": 68,
    "ir": 174,
    "y": 2009,
    "gu": 14916,
    "ch": 0,
    "bk": 0,
    "hg": 6785,
    "im": 8193,
    "bx": 65339,
    "an": 0,
    "gc": 61431,
    "fx": 6,
    "hc": 21519,
    "hx": 27143,
    "jq": 11936,
    "eh": 24,
    "go": 1280,
    "in": 57342,
    "co": 65506,
    "et": 41085,
    "jb": 3336,
    "fy": 65529,
    "cf": 0,
    "io": 51862,
    "ce": 0,
    "jv": 64175,
    "v": 8038,
    "dg": 1039,
    "hh": 1696,
    "r": 14160,
    "bn": 2009,
    "bt": 65477,
    "fe": 14611,
    "gd": 19639,
    "gf": 20,
    "hd": 32768,
    "w": 0,
    "ay": 65419,
    "bo": 502,
    "ja": 64863,
    "jg": 30027,
    "au": 502,
    "ex": 5391,
    "ha": 42,
    "fu": 65022,
}
[src/main.rs:169:9] uneval_exp_num = 52
[src/main.rs:170:9] &out_hash_map = {
    "h": 464,
    "bm": 0,
    "hb": 43,
    "ie": 1344,
    "jr": 5968,
    "cg": 1004,
    "bw": 196,
    "ds": 46522,
    "cy": 1,
    "dy": 16635,
    "hj": 640,
    "ia": 14977,
    "cs": 65437,
    "ar": 0,
    "id": 8016,
    "gb": 4104,
    "gs": 3,
    "gl": 5379,
    "ef": 2584,
    "b": 16076,
    "f": 502,
    "fz": 7305,
    "ij": 58879,
    "ht": 64813,
    "dt": 0,
    "gk": 10759,
    "ag": 785,
    "gq": 4163,
    "bq": 62,
    "bf": 547,
    "eu": 10271,
    "hn": 5121,
    "br": 255,
    "fl": 10,
    "ft": 513,
    "fs": 2695,
    "ho": 60414,
    "dc": 32768,
    "bp": 251,
    "fm": 20542,
    "gw": 10244,
    "hf": 13571,
    "ff": 47487,
    "da": 1,
    "ge": 1,
    "ek": 23295,
    "z": 1004,
    "jz": 64895,
    "ah": 64750,
    "iz": 672,
    "ci": 1004,
    "m": 63964,
    "ih": 14993,
    "ao": 0,
    "hv": 86,
    "es": 32768,
    "by": 307,
    "gz": 1,
    "ip": 0,
    "bd": 615,
    "aq": 4019,
    "eq": 5,
    "g": 2047,
    "l": 1571,
    "ju": 1360,
    "dh": 5183,
    "dk": 5169,
    "ki": 23872,
    "bh": 3540,
    "bb": 392,
    "cu": 1021,
    "bl": 2009,
    "iy": 4008,
    "aj": 8174,
    "ig": 6672,
    "ix": 936,
    "jw": 4740,
    "ap": 0,
    "kg": 698,
    "ed": 7,
    "d": 4019,
    "e": 2009,
    "cx": 885,
    "di": 14,
    "av": 125,
    "de": 8317,
    "hp": 10530,
    "az": 395,
    "ji": 61439,
    "jp": 47745,
    "s": 0,
    "dz": 4158,
    "fd": 65523,
    "fi": 39278,
    "jj": 25931,
    "cm": 127,
    "ac": 232,
    "if": 64191,
    "cl": 31,
    "gr": 14919,
    "cz": 0,
    "cr": 98,
    "dd": 33270,
    "df": 4158,
    "cb": 65262,
    "dp": 46590,
    "do": 13388,
    "dl": 13437,
    "gh": 10271,
    "fp": 5135,
    "ic": 1872,
    "is": 29955,
    "i": 65071,
    "he": 54287,
    "ax": 116,
    "ei": 65511,
    "ew": 1283,
    "ga": 23743,
    "fv": 2182,
    "js": 1492,
    "ab": 1023,
    "af": 2015,
    "ej": 6694,
    "hu": 1,
    "fk": 10,
    "hw": 87,
    "jd": 3328,
    "gg": 21,
    "hq": 64815,
    "ib": 7488,
    "eg": 6718,
    "gm": 1344,
    "bi": 0,
    "eo": 1,
    "gv": 47711,
    "je": 62207,
    "eb": 519,
    "ev": 5135,
    "o": 16348,
    "er": 8317,
    "gx": 55291,
    "fa": 4364,
    "cv": 136,
    "ad": 65303,
    "ec": 2591,
    "fh": 57326,
    "hm": 15651,
    "dx": 0,
    "u": 0,
    "ez": 64508,
    "iq": 174,
    "jy": 640,
    "fc": 12,
    "dm": 49,
    "el": 34,
    "jm": 349,
    "ck": 125,
    "ak": 1094,
    "bv": 503,
    "cw": 65399,
    "aa": 251,
    "fq": 2567,
    "ea": 2079,
    "ae": 791,
    "bz": 2043,
    "q": 63347,
    "db": 502,
    "gj": 43039,
    "iw": 3744,
    "em": 65501,
    "ep": 4,
    "x": 8038,
    "fb": 14623,
    "gn": 5443,
    "gy": 37467,
    "cd": 0,
    "dv": 2,
    "jo": 32768,
    "bg": 64988,
    "fg": 8209,
    "dw": 16635,
    "ik": 8337,
    "ba": 1007,
    "bs": 58,
    "gi": 32768,
    "gt": 65532,
    "il": 60055,
    "cc": 1770,
    "jl": 348,
    "du": 2,
    "fj": 0,
    "fo": 20542,
    "ai": 1230,
    "as": 4019,
    "en": 23261,
    "dj": 65521,
    "dr": 65467,
    "ey": 1027,
    "bj": 0,
    "hs": 65533,
    "ee": 65528,
    "ii": 6656,
    "n": 2460,
    "k": 4031,
    "hi": 7841,
    "jh": 4096,
    "iu": 29955,
    "fw": 7311,
    "be": 4087,
    "ct": 153,
    "t": 0,
    "ca": 273,
    "bu": 197,
    "fn": 0,
    "it": 0,
    "j": 1583,
    "cj": 251,
    "jt": 6100,
    "at": 1004,
    "jc": 7496,
    "hk": 64895,
    "iv": 7488,
    "p": 2188,
    "aw": 511,
    "jk": 1,
    "jx": 16036,
    "hy": 32768,
    "jn": 14977,
    "fr": 641,
    "cn": 29,
    "hz": 59911,
    "hr": 2,
    "c": 0,
    "gp": 64255,
    "cp": 98,
    "dn": 65486,
    "am": 7080,
    "al": 64441,
    "bc": 65143,
    "jf": 4168,
    "cq": 251,
    "hl": 7201,
    "dq": 68,
    "ir": 174,
    "y": 2009,
    "gu": 14916,
    "ch": 0,
    "bk": 0,
    "hg": 6785,
    "im": 8193,
    "bx": 65339,
    "an": 0,
    "gc": 61431,
    "fx": 6,
    "hc": 21519,
    "hx": 27143,
    "jq": 11936,
    "eh": 24,
    "go": 1280,
    "in": 57342,
    "co": 65506,
    "et": 41085,
    "jb": 3336,
    "fy": 65529,
    "cf": 0,
    "io": 51862,
    "ce": 0,
    "jv": 64175,
    "v": 8038,
    "dg": 1039,
    "hh": 1696,
    "r": 14160,
    "bn": 2009,
    "bt": 65477,
    "fe": 14611,
    "gd": 19639,
    "gf": 20,
    "hd": 32768,
    "w": 0,
    "ay": 65419,
    "bo": 502,
    "ja": 64863,
    "jg": 30027,
    "au": 502,
    "ex": 5391,
    "ha": 42,
    "fu": 65022,
}
[src/main.rs:169:9] uneval_exp_num = 51
[src/main.rs:170:9] &out_hash_map = {
    "h": 464,
    "bm": 0,
    "hb": 43,
    "ie": 1344,
    "jr": 5968,
    "cg": 1004,
    "bw": 196,
    "ds": 46522,
    "cy": 1,
    "dy": 16635,
    "hj": 640,
    "ia": 14977,
    "cs": 65437,
    "ar": 0,
    "id": 8016,
    "gb": 4104,
    "gs": 3,
    "gl": 5379,
    "ef": 2584,
    "b": 16076,
    "f": 502,
    "fz": 7305,
    "ij": 58879,
    "ht": 64813,
    "dt": 0,
    "gk": 10759,
    "ag": 785,
    "gq": 4163,
    "bq": 62,
    "bf": 547,
    "eu": 10271,
    "hn": 5121,
    "br": 255,
    "fl": 10,
    "ft": 513,
    "fs": 2695,
    "ho": 60414,
    "dc": 32768,
    "bp": 251,
    "fm": 20542,
    "gw": 10244,
    "hf": 13571,
    "ff": 47487,
    "da": 1,
    "ge": 1,
    "ek": 23295,
    "z": 1004,
    "jz": 64895,
    "ah": 64750,
    "iz": 672,
    "ci": 1004,
    "m": 63964,
    "ih": 14993,
    "ao": 0,
    "hv": 86,
    "es": 32768,
    "by": 307,
    "gz": 1,
    "ip": 0,
    "bd": 615,
    "aq": 4019,
    "eq": 5,
    "g": 2047,
    "l": 1571,
    "ju": 1360,
    "dh": 5183,
    "dk": 5169,
    "ki": 23872,
    "bh": 3540,
    "bb": 392,
    "cu": 1021,
    "bl": 2009,
    "iy": 4008,
    "aj": 8174,
    "ig": 6672,
    "ix": 936,
    "jw": 4740,
    "ap": 0,
    "kg": 698,
    "ed": 7,
    "d": 4019,
    "e": 2009,
    "cx": 885,
    "di": 14,
    "av": 125,
    "de": 8317,
    "hp": 10530,
    "az": 395,
    "ji": 61439,
    "jp": 47745,
    "s": 0,
    "dz": 4158,
    "fd": 65523,
    "fi": 39278,
    "jj": 25931,
    "cm": 127,
    "ac": 232,
    "if": 64191,
    "cl": 31,
    "gr": 14919,
    "cz": 0,
    "cr": 98,
    "dd": 33270,
    "df": 4158,
    "cb": 65262,
    "dp": 46590,
    "do": 13388,
    "dl": 13437,
    "gh": 10271,
    "fp": 5135,
    "ic": 1872,
    "is": 29955,
    "i": 65071,
    "he": 54287,
    "ax": 116,
    "ei": 65511,
    "ew": 1283,
    "ga": 23743,
    "fv": 2182,
    "js": 1492,
    "ab": 1023,
    "af": 2015,
    "ej": 6694,
    "hu": 1,
    "fk": 10,
    "hw": 87,
    "jd": 3328,
    "gg": 21,
    "hq": 64815,
    "ib": 7488,
    "eg": 6718,
    "gm": 1344,
    "bi": 0,
    "eo": 1,
    "gv": 47711,
    "je": 62207,
    "eb": 519,
    "ev": 5135,
    "o": 16348,
    "er": 8317,
    "gx": 55291,
    "fa": 4364,
    "cv": 136,
    "ad": 65303,
    "ec": 2591,
    "fh": 57326,
    "hm": 15651,
    "dx": 0,
    "u": 0,
    "ez": 64508,
    "iq": 174,
    "jy": 640,
    "fc": 12,
    "dm": 49,
    "el": 34,
    "jm": 349,
    "ck": 125,
    "ak": 1094,
    "bv": 503,
    "cw": 65399,
    "aa": 251,
    "fq": 2567,
    "ea": 2079,
    "ae": 791,
    "bz": 2043,
    "q": 63347,
    "db": 502,
    "gj": 43039,
    "iw": 3744,
    "em": 65501,
    "ep": 4,
    "x": 8038,
    "fb": 14623,
    "gn": 5443,
    "gy": 37467,
    "cd": 0,
    "dv": 2,
    "jo": 32768,
    "bg": 64988,
    "fg": 8209,
    "dw": 16635,
    "ik": 8337,
    "ba": 1007,
    "bs": 58,
    "gi": 32768,
    "gt": 65532,
    "il": 60055,
    "cc": 1770,
    "jl": 348,
    "du": 2,
    "fj": 0,
    "fo": 20542,
    "ai": 1230,
    "as": 4019,
    "en": 23261,
    "dj": 65521,
    "dr": 65467,
    "ey": 1027,
    "bj": 0,
    "hs": 65533,
    "ee": 65528,
    "ii": 6656,
    "ka": 15396,
    "n": 2460,
    "k": 4031,
    "hi": 7841,
    "jh": 4096,
    "iu": 29955,
    "fw": 7311,
    "be": 4087,
    "ct": 153,
    "t": 0,
    "ca": 273,
    "bu": 197,
    "fn": 0,
    "it": 0,
    "j": 1583,
    "cj": 251,
    "jt": 6100,
    "at": 1004,
    "jc": 7496,
    "hk": 64895,
    "iv": 7488,
    "p": 2188,
    "aw": 511,
    "jk": 1,
    "jx": 16036,
    "hy": 32768,
    "jn": 14977,
    "fr": 641,
    "cn": 29,
    "hz": 59911,
    "hr": 2,
    "c": 0,
    "gp": 64255,
    "cp": 98,
    "dn": 65486,
    "am": 7080,
    "al": 64441,
    "bc": 65143,
    "jf": 4168,
    "cq": 251,
    "hl": 7201,
    "dq": 68,
    "ir": 174,
    "y": 2009,
    "gu": 14916,
    "ch": 0,
    "bk": 0,
    "hg": 6785,
    "im": 8193,
    "bx": 65339,
    "an": 0,
    "gc": 61431,
    "fx": 6,
    "hc": 21519,
    "hx": 27143,
    "jq": 11936,
    "eh": 24,
    "go": 1280,
    "in": 57342,
    "co": 65506,
    "et": 41085,
    "jb": 3336,
    "fy": 65529,
    "cf": 0,
    "io": 51862,
    "ce": 0,
    "jv": 64175,
    "v": 8038,
    "dg": 1039,
    "hh": 1696,
    "r": 14160,
    "bn": 2009,
    "bt": 65477,
    "fe": 14611,
    "gd": 19639,
    "gf": 20,
    "hd": 32768,
    "w": 0,
    "ay": 65419,
    "bo": 502,
    "ja": 64863,
    "jg": 30027,
    "au": 502,
    "ex": 5391,
    "ha": 42,
    "fu": 65022,
}
[src/main.rs:169:9] uneval_exp_num = 48
[src/main.rs:170:9] &out_hash_map = {
    "h": 464,
    "bm": 0,
    "hb": 43,
    "ie": 1344,
    "jr": 5968,
    "cg": 1004,
    "bw": 196,
    "ds": 46522,
    "cy": 1,
    "dy": 16635,
    "hj": 640,
    "ia": 14977,
    "cs": 65437,
    "ar": 0,
    "id": 8016,
    "gb": 4104,
    "gs": 3,
    "gl": 5379,
    "ef": 2584,
    "b": 16076,
    "f": 502,
    "fz": 7305,
    "ij": 58879,
    "ht": 64813,
    "dt": 0,
    "gk": 10759,
    "ag": 785,
    "gq": 4163,
    "bq": 62,
    "bf": 547,
    "eu": 10271,
    "hn": 5121,
    "br": 255,
    "fl": 10,
    "ft": 513,
    "fs": 2695,
    "ho": 60414,
    "dc": 32768,
    "bp": 251,
    "fm": 20542,
    "gw": 10244,
    "hf": 13571,
    "ff": 47487,
    "da": 1,
    "ge": 1,
    "ek": 23295,
    "z": 1004,
    "jz": 64895,
    "ah": 64750,
    "iz": 672,
    "ci": 1004,
    "m": 63964,
    "ih": 14993,
    "ao": 0,
    "hv": 86,
    "es": 32768,
    "by": 307,
    "gz": 1,
    "ip": 0,
    "bd": 615,
    "aq": 4019,
    "eq": 5,
    "g": 2047,
    "l": 1571,
    "ju": 1360,
    "dh": 5183,
    "dk": 5169,
    "ki": 23872,
    "bh": 3540,
    "bb": 392,
    "cu": 1021,
    "bl": 2009,
    "iy": 4008,
    "aj": 8174,
    "ig": 6672,
    "ix": 936,
    "jw": 4740,
    "ap": 0,
    "kg": 698,
    "ed": 7,
    "d": 4019,
    "e": 2009,
    "cx": 885,
    "di": 14,
    "av": 125,
    "de": 8317,
    "hp": 10530,
    "az": 395,
    "ji": 61439,
    "jp": 47745,
    "s": 0,
    "dz": 4158,
    "fd": 65523,
    "fi": 39278,
    "jj": 25931,
    "cm": 127,
    "ac": 232,
    "if": 64191,
    "cl": 31,
    "kd": 51199,
    "gr": 14919,
    "cz": 0,
    "cr": 98,
    "dd": 33270,
    "df": 4158,
    "cb": 65262,
    "dp": 46590,
    "do": 13388,
    "dl": 13437,
    "gh": 10271,
    "fp": 5135,
    "ic": 1872,
    "is": 29955,
    "i": 65071,
    "he": 54287,
    "ax": 116,
    "ei": 65511,
    "ew": 1283,
    "ga": 23743,
    "fv": 2182,
    "js": 1492,
    "ab": 1023,
    "af": 2015,
    "ej": 6694,
    "hu": 1,
    "fk": 10,
    "hw": 87,
    "jd": 3328,
    "gg": 21,
    "hq": 64815,
    "ib": 7488,
    "eg": 6718,
    "gm": 1344,
    "bi": 0,
    "eo": 1,
    "gv": 47711,
    "je": 62207,
    "eb": 519,
    "ev": 5135,
    "kb": 48805,
    "o": 16348,
    "er": 8317,
    "gx": 55291,
    "fa": 4364,
    "cv": 136,
    "ad": 65303,
    "ec": 2591,
    "fh": 57326,
    "hm": 15651,
    "dx": 0,
    "u": 0,
    "ez": 64508,
    "iq": 174,
    "jy": 640,
    "fc": 12,
    "dm": 49,
    "el": 34,
    "jm": 349,
    "ck": 125,
    "ak": 1094,
    "bv": 503,
    "cw": 65399,
    "aa": 251,
    "fq": 2567,
    "ea": 2079,
    "ae": 791,
    "bz": 2043,
    "q": 63347,
    "db": 502,
    "gj": 43039,
    "iw": 3744,
    "em": 65501,
    "ep": 4,
    "x": 8038,
    "fb": 14623,
    "gn": 5443,
    "gy": 37467,
    "cd": 0,
    "dv": 2,
    "jo": 32768,
    "bg": 64988,
    "fg": 8209,
    "dw": 16635,
    "ik": 8337,
    "ba": 1007,
    "bs": 58,
    "kc": 14336,
    "gi": 32768,
    "gt": 65532,
    "il": 60055,
    "cc": 1770,
    "jl": 348,
    "du": 2,
    "fj": 0,
    "fo": 20542,
    "ai": 1230,
    "as": 4019,
    "en": 23261,
    "dj": 65521,
    "dr": 65467,
    "ey": 1027,
    "bj": 0,
    "hs": 65533,
    "ee": 65528,
    "ii": 6656,
    "ka": 15396,
    "n": 2460,
    "k": 4031,
    "hi": 7841,
    "jh": 4096,
    "iu": 29955,
    "fw": 7311,
    "be": 4087,
    "ct": 153,
    "t": 0,
    "ca": 273,
    "bu": 197,
    "fn": 0,
    "it": 0,
    "j": 1583,
    "cj": 251,
    "jt": 6100,
    "at": 1004,
    "jc": 7496,
    "hk": 64895,
    "iv": 7488,
    "p": 2188,
    "aw": 511,
    "jk": 1,
    "jx": 16036,
    "hy": 32768,
    "jn": 14977,
    "fr": 641,
    "cn": 29,
    "hz": 59911,
    "hr": 2,
    "c": 0,
    "gp": 64255,
    "cp": 98,
    "dn": 65486,
    "am": 7080,
    "al": 64441,
    "bc": 65143,
    "jf": 4168,
    "cq": 251,
    "hl": 7201,
    "dq": 68,
    "ir": 174,
    "y": 2009,
    "gu": 14916,
    "ch": 0,
    "bk": 0,
    "hg": 6785,
    "im": 8193,
    "bx": 65339,
    "an": 0,
    "gc": 61431,
    "fx": 6,
    "hc": 21519,
    "hx": 27143,
    "jq": 11936,
    "eh": 24,
    "go": 1280,
    "in": 57342,
    "co": 65506,
    "et": 41085,
    "jb": 3336,
    "fy": 65529,
    "cf": 0,
    "io": 51862,
    "ce": 0,
    "jv": 64175,
    "v": 8038,
    "dg": 1039,
    "hh": 1696,
    "r": 14160,
    "bn": 2009,
    "bt": 65477,
    "fe": 14611,
    "gd": 19639,
    "gf": 20,
    "hd": 32768,
    "w": 0,
    "ay": 65419,
    "bo": 502,
    "ja": 64863,
    "jg": 30027,
    "au": 502,
    "ex": 5391,
    "ha": 42,
    "fu": 65022,
}
[src/main.rs:169:9] uneval_exp_num = 45
[src/main.rs:170:9] &out_hash_map = {
    "h": 464,
    "bm": 0,
    "hb": 43,
    "ie": 1344,
    "jr": 5968,
    "cg": 1004,
    "bw": 196,
    "ds": 46522,
    "cy": 1,
    "dy": 16635,
    "hj": 640,
    "ia": 14977,
    "cs": 65437,
    "ar": 0,
    "id": 8016,
    "gb": 4104,
    "gs": 3,
    "gl": 5379,
    "ef": 2584,
    "b": 16076,
    "f": 502,
    "fz": 7305,
    "ij": 58879,
    "ht": 64813,
    "dt": 0,
    "gk": 10759,
    "ag": 785,
    "gq": 4163,
    "bq": 62,
    "bf": 547,
    "eu": 10271,
    "hn": 5121,
    "br": 255,
    "fl": 10,
    "ft": 513,
    "fs": 2695,
    "ho": 60414,
    "dc": 32768,
    "bp": 251,
    "fm": 20542,
    "gw": 10244,
    "hf": 13571,
    "ff": 47487,
    "da": 1,
    "ge": 1,
    "ek": 23295,
    "z": 1004,
    "jz": 64895,
    "ah": 64750,
    "iz": 672,
    "ci": 1004,
    "m": 63964,
    "ih": 14993,
    "ao": 0,
    "hv": 86,
    "es": 32768,
    "by": 307,
    "gz": 1,
    "ip": 0,
    "bd": 615,
    "aq": 4019,
    "eq": 5,
    "g": 2047,
    "l": 1571,
    "ju": 1360,
    "dh": 5183,
    "dk": 5169,
    "ki": 23872,
    "bh": 3540,
    "bb": 392,
    "cu": 1021,
    "bl": 2009,
    "iy": 4008,
    "aj": 8174,
    "ig": 6672,
    "ix": 936,
    "jw": 4740,
    "ap": 0,
    "kg": 698,
    "ed": 7,
    "d": 4019,
    "e": 2009,
    "cx": 885,
    "di": 14,
    "av": 125,
    "de": 8317,
    "hp": 10530,
    "az": 395,
    "ji": 61439,
    "jp": 47745,
    "s": 0,
    "dz": 4158,
    "fd": 65523,
    "fi": 39278,
    "kf": 1,
    "jj": 25931,
    "cm": 127,
    "ac": 232,
    "if": 64191,
    "cl": 31,
    "kd": 51199,
    "gr": 14919,
    "cz": 0,
    "cr": 98,
    "dd": 33270,
    "df": 4158,
    "cb": 65262,
    "dp": 46590,
    "do": 13388,
    "dl": 13437,
    "gh": 10271,
    "fp": 5135,
    "ic": 1872,
    "is": 29955,
    "i": 65071,
    "he": 54287,
    "ax": 116,
    "ei": 65511,
    "ew": 1283,
    "ga": 23743,
    "fv": 2182,
    "js": 1492,
    "ab": 1023,
    "af": 2015,
    "ej": 6694,
    "hu": 1,
    "fk": 10,
    "hw": 87,
    "jd": 3328,
    "gg": 21,
    "hq": 64815,
    "ke": 34469,
    "ib": 7488,
    "eg": 6718,
    "gm": 1344,
    "bi": 0,
    "eo": 1,
    "gv": 47711,
    "je": 62207,
    "eb": 519,
    "ev": 5135,
    "kb": 48805,
    "o": 16348,
    "er": 8317,
    "gx": 55291,
    "fa": 4364,
    "cv": 136,
    "ad": 65303,
    "ec": 2591,
    "fh": 57326,
    "hm": 15651,
    "dx": 0,
    "u": 0,
    "ez": 64508,
    "iq": 174,
    "jy": 640,
    "fc": 12,
    "dm": 49,
    "el": 34,
    "jm": 349,
    "ck": 125,
    "ak": 1094,
    "bv": 503,
    "cw": 65399,
    "aa": 251,
    "fq": 2567,
    "ea": 2079,
    "ae": 791,
    "bz": 2043,
    "q": 63347,
    "db": 502,
    "gj": 43039,
    "iw": 3744,
    "em": 65501,
    "ep": 4,
    "x": 8038,
    "fb": 14623,
    "gn": 5443,
    "gy": 37467,
    "cd": 0,
    "dv": 2,
    "jo": 32768,
    "bg": 64988,
    "fg": 8209,
    "dw": 16635,
    "ik": 8337,
    "ba": 1007,
    "bs": 58,
    "kc": 14336,
    "gi": 32768,
    "gt": 65532,
    "kj": 32768,
    "il": 60055,
    "cc": 1770,
    "jl": 348,
    "du": 2,
    "fj": 0,
    "fo": 20542,
    "ai": 1230,
    "as": 4019,
    "en": 23261,
    "dj": 65521,
    "dr": 65467,
    "ey": 1027,
    "bj": 0,
    "hs": 65533,
    "ee": 65528,
    "ii": 6656,
    "ka": 15396,
    "n": 2460,
    "k": 4031,
    "hi": 7841,
    "jh": 4096,
    "iu": 29955,
    "fw": 7311,
    "be": 4087,
    "ct": 153,
    "t": 0,
    "ca": 273,
    "bu": 197,
    "fn": 0,
    "it": 0,
    "j": 1583,
    "cj": 251,
    "jt": 6100,
    "at": 1004,
    "jc": 7496,
    "hk": 64895,
    "iv": 7488,
    "p": 2188,
    "aw": 511,
    "jk": 1,
    "jx": 16036,
    "hy": 32768,
    "jn": 14977,
    "fr": 641,
    "cn": 29,
    "hz": 59911,
    "hr": 2,
    "c": 0,
    "gp": 64255,
    "cp": 98,
    "dn": 65486,
    "am": 7080,
    "al": 64441,
    "bc": 65143,
    "jf": 4168,
    "cq": 251,
    "hl": 7201,
    "dq": 68,
    "ir": 174,
    "y": 2009,
    "gu": 14916,
    "ch": 0,
    "bk": 0,
    "hg": 6785,
    "im": 8193,
    "bx": 65339,
    "an": 0,
    "gc": 61431,
    "fx": 6,
    "hc": 21519,
    "hx": 27143,
    "jq": 11936,
    "eh": 24,
    "go": 1280,
    "in": 57342,
    "co": 65506,
    "et": 41085,
    "jb": 3336,
    "fy": 65529,
    "cf": 0,
    "io": 51862,
    "ce": 0,
    "jv": 64175,
    "v": 8038,
    "dg": 1039,
    "hh": 1696,
    "r": 14160,
    "bn": 2009,
    "bt": 65477,
    "fe": 14611,
    "gd": 19639,
    "gf": 20,
    "hd": 32768,
    "w": 0,
    "ay": 65419,
    "bo": 502,
    "ja": 64863,
    "jg": 30027,
    "au": 502,
    "ex": 5391,
    "ha": 42,
    "fu": 65022,
}
[src/main.rs:169:9] uneval_exp_num = 41
[src/main.rs:170:9] &out_hash_map = {
    "h": 464,
    "bm": 0,
    "hb": 43,
    "ie": 1344,
    "jr": 5968,
    "kk": 56640,
    "cg": 1004,
    "bw": 196,
    "ds": 46522,
    "cy": 1,
    "dy": 16635,
    "hj": 640,
    "ia": 14977,
    "cs": 65437,
    "ar": 0,
    "id": 8016,
    "gb": 4104,
    "gs": 3,
    "gl": 5379,
    "kh": 699,
    "ef": 2584,
    "kn": 1770,
    "b": 16076,
    "f": 502,
    "fz": 7305,
    "ij": 58879,
    "ht": 64813,
    "dt": 0,
    "gk": 10759,
    "ag": 785,
    "gq": 4163,
    "bq": 62,
    "bf": 547,
    "eu": 10271,
    "hn": 5121,
    "br": 255,
    "fl": 10,
    "ft": 513,
    "fs": 2695,
    "ho": 60414,
    "dc": 32768,
    "bp": 251,
    "fm": 20542,
    "gw": 10244,
    "hf": 13571,
    "ff": 47487,
    "da": 1,
    "ge": 1,
    "ek": 23295,
    "z": 1004,
    "jz": 64895,
    "ah": 64750,
    "iz": 672,
    "ci": 1004,
    "m": 63964,
    "ih": 14993,
    "ao": 0,
    "hv": 86,
    "es": 32768,
    "by": 307,
    "gz": 1,
    "ip": 0,
    "bd": 615,
    "aq": 4019,
    "eq": 5,
    "g": 2047,
    "l": 1571,
    "ju": 1360,
    "dh": 5183,
    "dk": 5169,
    "ki": 23872,
    "bh": 3540,
    "bb": 392,
    "cu": 1021,
    "bl": 2009,
    "iy": 4008,
    "aj": 8174,
    "ig": 6672,
    "ix": 936,
    "jw": 4740,
    "ap": 0,
    "kg": 698,
    "ed": 7,
    "d": 4019,
    "e": 2009,
    "cx": 885,
    "di": 14,
    "av": 125,
    "de": 8317,
    "hp": 10530,
    "az": 395,
    "ji": 61439,
    "jp": 47745,
    "s": 0,
    "dz": 4158,
    "fd": 65523,
    "fi": 39278,
    "kf": 1,
    "jj": 25931,
    "cm": 127,
    "ac": 232,
    "if": 64191,
    "cl": 31,
    "kd": 51199,
    "gr": 14919,
    "cz": 0,
    "cr": 98,
    "dd": 33270,
    "df": 4158,
    "cb": 65262,
    "dp": 46590,
    "do": 13388,
    "dl": 13437,
    "gh": 10271,
    "fp": 5135,
    "ic": 1872,
    "is": 29955,
    "i": 65071,
    "he": 54287,
    "ax": 116,
    "ei": 65511,
    "ew": 1283,
    "ga": 23743,
    "fv": 2182,
    "js": 1492,
    "ab": 1023,
    "af": 2015,
    "ej": 6694,
    "hu": 1,
    "fk": 10,
    "hw": 87,
    "jd": 3328,
    "gg": 21,
    "hq": 64815,
    "ke": 34469,
    "ib": 7488,
    "eg": 6718,
    "gm": 1344,
    "bi": 0,
    "eo": 1,
    "gv": 47711,
    "je": 62207,
    "eb": 519,
    "ev": 5135,
    "kb": 48805,
    "o": 16348,
    "er": 8317,
    "gx": 55291,
    "fa": 4364,
    "cv": 136,
    "ad": 65303,
    "ec": 2591,
    "fh": 57326,
    "hm": 15651,
    "dx": 0,
    "u": 0,
    "ez": 64508,
    "iq": 174,
    "jy": 640,
    "fc": 12,
    "dm": 49,
    "el": 34,
    "jm": 349,
    "ck": 125,
    "ak": 1094,
    "bv": 503,
    "cw": 65399,
    "aa": 251,
    "fq": 2567,
    "ea": 2079,
    "ae": 791,
    "bz": 2043,
    "q": 63347,
    "db": 502,
    "gj": 43039,
    "iw": 3744,
    "em": 65501,
    "ep": 4,
    "x": 8038,
    "fb": 14623,
    "gn": 5443,
    "gy": 37467,
    "cd": 0,
    "dv": 2,
    "jo": 32768,
    "bg": 64988,
    "fg": 8209,
    "dw": 16635,
    "ik": 8337,
    "ba": 1007,
    "bs": 58,
    "kc": 14336,
    "gi": 32768,
    "gt": 65532,
    "kj": 32768,
    "il": 60055,
    "cc": 1770,
    "jl": 348,
    "du": 2,
    "fj": 0,
    "fo": 20542,
    "ai": 1230,
    "as": 4019,
    "en": 23261,
    "dj": 65521,
    "dr": 65467,
    "ey": 1027,
    "bj": 0,
    "hs": 65533,
    "ee": 65528,
    "ii": 6656,
    "ka": 15396,
    "n": 2460,
    "k": 4031,
    "hi": 7841,
    "jh": 4096,
    "iu": 29955,
    "fw": 7311,
    "be": 4087,
    "ct": 153,
    "t": 0,
    "ca": 273,
    "bu": 197,
    "fn": 0,
    "it": 0,
    "j": 1583,
    "cj": 251,
    "jt": 6100,
    "at": 1004,
    "jc": 7496,
    "hk": 64895,
    "iv": 7488,
    "p": 2188,
    "aw": 511,
    "jk": 1,
    "jx": 16036,
    "hy": 32768,
    "jn": 14977,
    "fr": 641,
    "cn": 29,
    "hz": 59911,
    "hr": 2,
    "c": 0,
    "gp": 64255,
    "ld": 28320,
    "cp": 98,
    "dn": 65486,
    "am": 7080,
    "al": 64441,
    "bc": 65143,
    "jf": 4168,
    "cq": 251,
    "hl": 7201,
    "dq": 68,
    "ir": 174,
    "y": 2009,
    "gu": 14916,
    "ch": 0,
    "bk": 0,
    "hg": 6785,
    "im": 8193,
    "bx": 65339,
    "an": 0,
    "gc": 61431,
    "fx": 6,
    "hc": 21519,
    "hx": 27143,
    "jq": 11936,
    "eh": 24,
    "go": 1280,
    "in": 57342,
    "co": 65506,
    "et": 41085,
    "jb": 3336,
    "fy": 65529,
    "cf": 0,
    "io": 51862,
    "ce": 0,
    "jv": 64175,
    "v": 8038,
    "dg": 1039,
    "hh": 1696,
    "r": 14160,
    "bn": 2009,
    "bt": 65477,
    "fe": 14611,
    "gd": 19639,
    "gf": 20,
    "hd": 32768,
    "w": 0,
    "ay": 65419,
    "bo": 502,
    "ja": 64863,
    "jg": 30027,
    "au": 502,
    "ex": 5391,
    "ha": 42,
    "fu": 65022,
}
[src/main.rs:169:9] uneval_exp_num = 37
[src/main.rs:170:9] &out_hash_map = {
    "h": 464,
    "bm": 0,
    "hb": 43,
    "ie": 1344,
    "jr": 5968,
    "kk": 56640,
    "cg": 1004,
    "bw": 196,
    "ds": 46522,
    "cy": 1,
    "dy": 16635,
    "hj": 640,
    "ia": 14977,
    "cs": 65437,
    "ar": 0,
    "id": 8016,
    "gb": 4104,
    "gs": 3,
    "gl": 5379,
    "kh": 699,
    "ef": 2584,
    "kn": 1770,
    "b": 16076,
    "f": 502,
    "fz": 7305,
    "ij": 58879,
    "ht": 64813,
    "dt": 0,
    "gk": 10759,
    "ag": 785,
    "gq": 4163,
    "bq": 62,
    "bf": 547,
    "eu": 10271,
    "hn": 5121,
    "br": 255,
    "fl": 10,
    "ft": 513,
    "fs": 2695,
    "ho": 60414,
    "dc": 32768,
    "bp": 251,
    "fm": 20542,
    "gw": 10244,
    "hf": 13571,
    "ff": 47487,
    "da": 1,
    "ge": 1,
    "ek": 23295,
    "z": 1004,
    "jz": 64895,
    "ah": 64750,
    "iz": 672,
    "ci": 1004,
    "m": 63964,
    "ih": 14993,
    "ao": 0,
    "hv": 86,
    "es": 32768,
    "by": 307,
    "gz": 1,
    "ip": 0,
    "bd": 615,
    "aq": 4019,
    "eq": 5,
    "g": 2047,
    "l": 1571,
    "ju": 1360,
    "dh": 5183,
    "dk": 5169,
    "ki": 23872,
    "bh": 3540,
    "bb": 392,
    "cu": 1021,
    "bl": 2009,
    "iy": 4008,
    "aj": 8174,
    "ig": 6672,
    "ix": 936,
    "jw": 4740,
    "ap": 0,
    "kg": 698,
    "ed": 7,
    "d": 4019,
    "e": 2009,
    "cx": 885,
    "di": 14,
    "av": 125,
    "de": 8317,
    "hp": 10530,
    "ko": 8170,
    "az": 395,
    "ji": 61439,
    "jp": 47745,
    "s": 0,
    "dz": 4158,
    "fd": 65523,
    "fi": 39278,
    "kf": 1,
    "jj": 25931,
    "cm": 127,
    "ac": 232,
    "if": 64191,
    "cl": 31,
    "kd": 51199,
    "gr": 14919,
    "cz": 0,
    "cr": 98,
    "dd": 33270,
    "df": 4158,
    "cb": 65262,
    "dp": 46590,
    "do": 13388,
    "dl": 13437,
    "gh": 10271,
    "fp": 5135,
    "ic": 1872,
    "is": 29955,
    "i": 65071,
    "he": 54287,
    "ax": 116,
    "ei": 65511,
    "ew": 1283,
    "ga": 23743,
    "fv": 2182,
    "js": 1492,
    "ab": 1023,
    "af": 2015,
    "ej": 6694,
    "hu": 1,
    "fk": 10,
    "hw": 87,
    "jd": 3328,
    "gg": 21,
    "hq": 64815,
    "ke": 34469,
    "ib": 7488,
    "eg": 6718,
    "gm": 1344,
    "bi": 0,
    "eo": 1,
    "gv": 47711,
    "je": 62207,
    "eb": 519,
    "ev": 5135,
    "kb": 48805,
    "o": 16348,
    "er": 8317,
    "gx": 55291,
    "fa": 4364,
    "cv": 136,
    "ad": 65303,
    "ec": 2591,
    "fh": 57326,
    "hm": 15651,
    "dx": 0,
    "u": 0,
    "lb": 1398,
    "ez": 64508,
    "iq": 174,
    "jy": 640,
    "fc": 12,
    "dm": 49,
    "el": 34,
    "jm": 349,
    "ck": 125,
    "ak": 1094,
    "bv": 503,
    "cw": 65399,
    "aa": 251,
    "fq": 2567,
    "ea": 2079,
    "ae": 791,
    "bz": 2043,
    "q": 63347,
    "db": 502,
    "gj": 43039,
    "iw": 3744,
    "em": 65501,
    "ep": 4,
    "x": 8038,
    "fb": 14623,
    "gn": 5443,
    "gy": 37467,
    "cd": 0,
    "dv": 2,
    "jo": 32768,
    "bg": 64988,
    "fg": 8209,
    "dw": 16635,
    "ik": 8337,
    "ba": 1007,
    "km": 7080,
    "bs": 58,
    "kc": 14336,
    "gi": 32768,
    "gt": 65532,
    "kj": 32768,
    "il": 60055,
    "cc": 1770,
    "jl": 348,
    "du": 2,
    "fj": 0,
    "fo": 20542,
    "ai": 1230,
    "as": 4019,
    "en": 23261,
    "dj": 65521,
    "dr": 65467,
    "ey": 1027,
    "bj": 0,
    "hs": 65533,
    "ee": 65528,
    "ii": 6656,
    "ka": 15396,
    "n": 2460,
    "k": 4031,
    "hi": 7841,
    "jh": 4096,
    "iu": 29955,
    "fw": 7311,
    "be": 4087,
    "ct": 153,
    "t": 0,
    "ca": 273,
    "bu": 197,
    "fn": 0,
    "it": 0,
    "j": 1583,
    "cj": 251,
    "jt": 6100,
    "at": 1004,
    "jc": 7496,
    "hk": 64895,
    "iv": 7488,
    "p": 2188,
    "aw": 511,
    "jk": 1,
    "jx": 16036,
    "hy": 32768,
    "jn": 14977,
    "fr": 641,
    "cn": 29,
    "hz": 59911,
    "hr": 2,
    "c": 0,
    "gp": 64255,
    "ld": 28320,
    "cp": 98,
    "dn": 65486,
    "kl": 14160,
    "am": 7080,
    "al": 64441,
    "bc": 65143,
    "jf": 4168,
    "cq": 251,
    "hl": 7201,
    "dq": 68,
    "ir": 174,
    "y": 2009,
    "gu": 14916,
    "ch": 0,
    "bk": 0,
    "hg": 6785,
    "im": 8193,
    "bx": 65339,
    "an": 0,
    "gc": 61431,
    "fx": 6,
    "hc": 21519,
    "hx": 27143,
    "jq": 11936,
    "eh": 24,
    "go": 1280,
    "in": 57342,
    "co": 65506,
    "et": 41085,
    "jb": 3336,
    "fy": 65529,
    "cf": 0,
    "io": 51862,
    "ce": 0,
    "jv": 64175,
    "v": 8038,
    "dg": 1039,
    "hh": 1696,
    "r": 14160,
    "bn": 2009,
    "bt": 65477,
    "fe": 14611,
    "gd": 19639,
    "gf": 20,
    "hd": 32768,
    "w": 0,
    "ay": 65419,
    "bo": 502,
    "ja": 64863,
    "jg": 30027,
    "au": 502,
    "ex": 5391,
    "ha": 42,
    "fu": 65022,
}
[src/main.rs:169:9] uneval_exp_num = 35
[src/main.rs:170:9] &out_hash_map = {
    "h": 464,
    "bm": 0,
    "hb": 43,
    "ie": 1344,
    "jr": 5968,
    "kk": 56640,
    "cg": 1004,
    "bw": 196,
    "ds": 46522,
    "cy": 1,
    "dy": 16635,
    "hj": 640,
    "ia": 14977,
    "cs": 65437,
    "ar": 0,
    "id": 8016,
    "gb": 4104,
    "gs": 3,
    "gl": 5379,
    "kh": 699,
    "ef": 2584,
    "kn": 1770,
    "b": 16076,
    "f": 502,
    "fz": 7305,
    "ij": 58879,
    "ht": 64813,
    "dt": 0,
    "gk": 10759,
    "ag": 785,
    "gq": 4163,
    "bq": 62,
    "bf": 547,
    "eu": 10271,
    "hn": 5121,
    "br": 255,
    "fl": 10,
    "ft": 513,
    "fs": 2695,
    "ho": 60414,
    "dc": 32768,
    "bp": 251,
    "fm": 20542,
    "gw": 10244,
    "hf": 13571,
    "ff": 47487,
    "da": 1,
    "ge": 1,
    "ek": 23295,
    "z": 1004,
    "jz": 64895,
    "ah": 64750,
    "iz": 672,
    "ci": 1004,
    "m": 63964,
    "ih": 14993,
    "ao": 0,
    "hv": 86,
    "es": 32768,
    "by": 307,
    "gz": 1,
    "ip": 0,
    "bd": 615,
    "aq": 4019,
    "eq": 5,
    "g": 2047,
    "l": 1571,
    "ju": 1360,
    "dh": 5183,
    "dk": 5169,
    "ki": 23872,
    "bh": 3540,
    "bb": 392,
    "cu": 1021,
    "bl": 2009,
    "iy": 4008,
    "aj": 8174,
    "ig": 6672,
    "ix": 936,
    "jw": 4740,
    "ap": 0,
    "kg": 698,
    "ed": 7,
    "d": 4019,
    "e": 2009,
    "cx": 885,
    "di": 14,
    "av": 125,
    "de": 8317,
    "hp": 10530,
    "ko": 8170,
    "az": 395,
    "ji": 61439,
    "jp": 47745,
    "s": 0,
    "dz": 4158,
    "fd": 65523,
    "fi": 39278,
    "kf": 1,
    "jj": 25931,
    "cm": 127,
    "ac": 232,
    "if": 64191,
    "cl": 31,
    "kd": 51199,
    "gr": 14919,
    "cz": 0,
    "cr": 98,
    "dd": 33270,
    "df": 4158,
    "cb": 65262,
    "dp": 46590,
    "do": 13388,
    "dl": 13437,
    "gh": 10271,
    "fp": 5135,
    "ic": 1872,
    "is": 29955,
    "i": 65071,
    "he": 54287,
    "ax": 116,
    "ei": 65511,
    "ew": 1283,
    "ga": 23743,
    "fv": 2182,
    "js": 1492,
    "ab": 1023,
    "af": 2015,
    "ej": 6694,
    "hu": 1,
    "fk": 10,
    "hw": 87,
    "jd": 3328,
    "gg": 21,
    "hq": 64815,
    "ke": 34469,
    "ib": 7488,
    "eg": 6718,
    "gm": 1344,
    "bi": 0,
    "kq": 64855,
    "eo": 1,
    "gv": 47711,
    "je": 62207,
    "eb": 519,
    "ev": 5135,
    "kb": 48805,
    "o": 16348,
    "er": 8317,
    "gx": 55291,
    "fa": 4364,
    "cv": 136,
    "ad": 65303,
    "ec": 2591,
    "fh": 57326,
    "hm": 15651,
    "dx": 0,
    "u": 0,
    "lb": 1398,
    "ez": 64508,
    "iq": 174,
    "jy": 640,
    "fc": 12,
    "dm": 49,
    "el": 34,
    "jm": 349,
    "ck": 125,
    "ak": 1094,
    "bv": 503,
    "cw": 65399,
    "aa": 251,
    "fq": 2567,
    "ea": 2079,
    "ae": 791,
    "bz": 2043,
    "q": 63347,
    "db": 502,
    "gj": 43039,
    "iw": 3744,
    "em": 65501,
    "ep": 4,
    "x": 8038,
    "fb": 14623,
    "gn": 5443,
    "gy": 37467,
    "cd": 0,
    "dv": 2,
    "jo": 32768,
    "bg": 64988,
    "fg": 8209,
    "dw": 16635,
    "ik": 8337,
    "ba": 1007,
    "km": 7080,
    "bs": 58,
    "kc": 14336,
    "gi": 32768,
    "gt": 65532,
    "kj": 32768,
    "il": 60055,
    "cc": 1770,
    "jl": 348,
    "du": 2,
    "fj": 0,
    "fo": 20542,
    "ai": 1230,
    "as": 4019,
    "en": 23261,
    "dj": 65521,
    "dr": 65467,
    "ey": 1027,
    "bj": 0,
    "hs": 65533,
    "ee": 65528,
    "ii": 6656,
    "ka": 15396,
    "n": 2460,
    "k": 4031,
    "hi": 7841,
    "jh": 4096,
    "iu": 29955,
    "fw": 7311,
    "kp": 680,
    "be": 4087,
    "ct": 153,
    "t": 0,
    "ca": 273,
    "bu": 197,
    "fn": 0,
    "it": 0,
    "j": 1583,
    "cj": 251,
    "jt": 6100,
    "at": 1004,
    "jc": 7496,
    "hk": 64895,
    "iv": 7488,
    "p": 2188,
    "aw": 511,
    "jk": 1,
    "jx": 16036,
    "hy": 32768,
    "jn": 14977,
    "fr": 641,
    "cn": 29,
    "hz": 59911,
    "hr": 2,
    "c": 0,
    "gp": 64255,
    "ld": 28320,
    "cp": 98,
    "dn": 65486,
    "kl": 14160,
    "am": 7080,
    "al": 64441,
    "bc": 65143,
    "jf": 4168,
    "cq": 251,
    "hl": 7201,
    "dq": 68,
    "ir": 174,
    "y": 2009,
    "gu": 14916,
    "ch": 0,
    "bk": 0,
    "hg": 6785,
    "im": 8193,
    "bx": 65339,
    "an": 0,
    "gc": 61431,
    "fx": 6,
    "hc": 21519,
    "hx": 27143,
    "jq": 11936,
    "eh": 24,
    "go": 1280,
    "in": 57342,
    "co": 65506,
    "et": 41085,
    "jb": 3336,
    "fy": 65529,
    "cf": 0,
    "io": 51862,
    "ce": 0,
    "jv": 64175,
    "v": 8038,
    "dg": 1039,
    "hh": 1696,
    "r": 14160,
    "bn": 2009,
    "bt": 65477,
    "fe": 14611,
    "gd": 19639,
    "gf": 20,
    "hd": 32768,
    "w": 0,
    "ay": 65419,
    "bo": 502,
    "ja": 64863,
    "jg": 30027,
    "au": 502,
    "ex": 5391,
    "ha": 42,
    "fu": 65022,
}
[src/main.rs:169:9] uneval_exp_num = 33
[src/main.rs:170:9] &out_hash_map = {
    "h": 464,
    "bm": 0,
    "hb": 43,
    "ie": 1344,
    "jr": 5968,
    "kk": 56640,
    "cg": 1004,
    "bw": 196,
    "ds": 46522,
    "cy": 1,
    "dy": 16635,
    "hj": 640,
    "kr": 7490,
    "ia": 14977,
    "cs": 65437,
    "ar": 0,
    "id": 8016,
    "gb": 4104,
    "gs": 3,
    "gl": 5379,
    "kh": 699,
    "ef": 2584,
    "kn": 1770,
    "b": 16076,
    "f": 502,
    "fz": 7305,
    "ij": 58879,
    "ht": 64813,
    "dt": 0,
    "gk": 10759,
    "ag": 785,
    "gq": 4163,
    "bq": 62,
    "bf": 547,
    "eu": 10271,
    "hn": 5121,
    "br": 255,
    "fl": 10,
    "ft": 513,
    "fs": 2695,
    "ho": 60414,
    "dc": 32768,
    "bp": 251,
    "fm": 20542,
    "gw": 10244,
    "hf": 13571,
    "ff": 47487,
    "da": 1,
    "ge": 1,
    "ek": 23295,
    "z": 1004,
    "jz": 64895,
    "ah": 64750,
    "iz": 672,
    "ci": 1004,
    "m": 63964,
    "ih": 14993,
    "ao": 0,
    "hv": 86,
    "es": 32768,
    "by": 307,
    "gz": 1,
    "ip": 0,
    "bd": 615,
    "aq": 4019,
    "eq": 5,
    "g": 2047,
    "l": 1571,
    "ju": 1360,
    "dh": 5183,
    "dk": 5169,
    "ki": 23872,
    "bh": 3540,
    "bb": 392,
    "cu": 1021,
    "bl": 2009,
    "iy": 4008,
    "aj": 8174,
    "ig": 6672,
    "ix": 936,
    "jw": 4740,
    "ap": 0,
    "kg": 698,
    "ed": 7,
    "d": 4019,
    "e": 2009,
    "cx": 885,
    "di": 14,
    "av": 125,
    "de": 8317,
    "hp": 10530,
    "ko": 8170,
    "az": 395,
    "ji": 61439,
    "jp": 47745,
    "s": 0,
    "dz": 4158,
    "fd": 65523,
    "fi": 39278,
    "kf": 1,
    "jj": 25931,
    "cm": 127,
    "ac": 232,
    "if": 64191,
    "cl": 31,
    "kd": 51199,
    "gr": 14919,
    "cz": 0,
    "cr": 98,
    "dd": 33270,
    "df": 4158,
    "cb": 65262,
    "dp": 46590,
    "do": 13388,
    "dl": 13437,
    "gh": 10271,
    "fp": 5135,
    "ic": 1872,
    "is": 29955,
    "i": 65071,
    "he": 54287,
    "ax": 116,
    "ei": 65511,
    "ew": 1283,
    "ga": 23743,
    "fv": 2182,
    "js": 1492,
    "ab": 1023,
    "af": 2015,
    "ej": 6694,
    "hu": 1,
    "fk": 10,
    "hw": 87,
    "jd": 3328,
    "gg": 21,
    "hq": 64815,
    "ke": 34469,
    "ib": 7488,
    "eg": 6718,
    "gm": 1344,
    "bi": 0,
    "kq": 64855,
    "eo": 1,
    "gv": 47711,
    "je": 62207,
    "eb": 519,
    "ev": 5135,
    "kb": 48805,
    "o": 16348,
    "er": 8317,
    "gx": 55291,
    "fa": 4364,
    "cv": 136,
    "ad": 65303,
    "ec": 2591,
    "fh": 57326,
    "hm": 15651,
    "dx": 0,
    "u": 0,
    "lb": 1398,
    "ez": 64508,
    "iq": 174,
    "jy": 640,
    "fc": 12,
    "dm": 49,
    "el": 34,
    "jm": 349,
    "ck": 125,
    "ak": 1094,
    "bv": 503,
    "cw": 65399,
    "aa": 251,
    "fq": 2567,
    "ea": 2079,
    "ae": 791,
    "bz": 2043,
    "q": 63347,
    "db": 502,
    "gj": 43039,
    "iw": 3744,
    "kt": 5440,
    "em": 65501,
    "ep": 4,
    "x": 8038,
    "fb": 14623,
    "gn": 5443,
    "gy": 37467,
    "cd": 0,
    "dv": 2,
    "jo": 32768,
    "bg": 64988,
    "fg": 8209,
    "dw": 16635,
    "ik": 8337,
    "ba": 1007,
    "km": 7080,
    "bs": 58,
    "kc": 14336,
    "gi": 32768,
    "gt": 65532,
    "kj": 32768,
    "il": 60055,
    "cc": 1770,
    "jl": 348,
    "du": 2,
    "fj": 0,
    "fo": 20542,
    "ai": 1230,
    "as": 4019,
    "en": 23261,
    "dj": 65521,
    "dr": 65467,
    "ey": 1027,
    "bj": 0,
    "hs": 65533,
    "ee": 65528,
    "ii": 6656,
    "ka": 15396,
    "n": 2460,
    "k": 4031,
    "hi": 7841,
    "jh": 4096,
    "iu": 29955,
    "fw": 7311,
    "kp": 680,
    "be": 4087,
    "ct": 153,
    "t": 0,
    "ca": 273,
    "bu": 197,
    "fn": 0,
    "it": 0,
    "j": 1583,
    "cj": 251,
    "jt": 6100,
    "at": 1004,
    "jc": 7496,
    "hk": 64895,
    "iv": 7488,
    "p": 2188,
    "aw": 511,
    "jk": 1,
    "jx": 16036,
    "hy": 32768,
    "jn": 14977,
    "fr": 641,
    "cn": 29,
    "hz": 59911,
    "hr": 2,
    "c": 0,
    "gp": 64255,
    "ld": 28320,
    "cp": 98,
    "dn": 65486,
    "kl": 14160,
    "am": 7080,
    "al": 64441,
    "bc": 65143,
    "jf": 4168,
    "cq": 251,
    "hl": 7201,
    "dq": 68,
    "ir": 174,
    "y": 2009,
    "gu": 14916,
    "ch": 0,
    "bk": 0,
    "hg": 6785,
    "im": 8193,
    "bx": 65339,
    "an": 0,
    "gc": 61431,
    "fx": 6,
    "hc": 21519,
    "hx": 27143,
    "jq": 11936,
    "eh": 24,
    "go": 1280,
    "in": 57342,
    "co": 65506,
    "et": 41085,
    "jb": 3336,
    "fy": 65529,
    "cf": 0,
    "io": 51862,
    "ce": 0,
    "jv": 64175,
    "v": 8038,
    "dg": 1039,
    "hh": 1696,
    "r": 14160,
    "bn": 2009,
    "bt": 65477,
    "fe": 14611,
    "gd": 19639,
    "gf": 20,
    "hd": 32768,
    "w": 0,
    "ay": 65419,
    "bo": 502,
    "ja": 64863,
    "jg": 30027,
    "au": 502,
    "ex": 5391,
    "ha": 42,
    "fu": 65022,
}
[src/main.rs:169:9] uneval_exp_num = 30
[src/main.rs:170:9] &out_hash_map = {
    "h": 464,
    "bm": 0,
    "hb": 43,
    "ie": 1344,
    "jr": 5968,
    "kk": 56640,
    "cg": 1004,
    "bw": 196,
    "ds": 46522,
    "cy": 1,
    "dy": 16635,
    "hj": 640,
    "kr": 7490,
    "ia": 14977,
    "cs": 65437,
    "ar": 0,
    "id": 8016,
    "gb": 4104,
    "gs": 3,
    "gl": 5379,
    "kh": 699,
    "ef": 2584,
    "kn": 1770,
    "b": 16076,
    "f": 502,
    "fz": 7305,
    "ij": 58879,
    "ht": 64813,
    "dt": 0,
    "gk": 10759,
    "ag": 785,
    "gq": 4163,
    "bq": 62,
    "bf": 547,
    "eu": 10271,
    "hn": 5121,
    "br": 255,
    "fl": 10,
    "ft": 513,
    "fs": 2695,
    "ho": 60414,
    "dc": 32768,
    "bp": 251,
    "fm": 20542,
    "gw": 10244,
    "hf": 13571,
    "ff": 47487,
    "da": 1,
    "ge": 1,
    "ek": 23295,
    "z": 1004,
    "jz": 64895,
    "ah": 64750,
    "iz": 672,
    "ci": 1004,
    "m": 63964,
    "ih": 14993,
    "ao": 0,
    "hv": 86,
    "es": 32768,
    "by": 307,
    "gz": 1,
    "ip": 0,
    "bd": 615,
    "aq": 4019,
    "eq": 5,
    "g": 2047,
    "l": 1571,
    "ju": 1360,
    "dh": 5183,
    "dk": 5169,
    "ki": 23872,
    "bh": 3540,
    "bb": 392,
    "cu": 1021,
    "bl": 2009,
    "iy": 4008,
    "aj": 8174,
    "ig": 6672,
    "ix": 936,
    "jw": 4740,
    "ap": 0,
    "kg": 698,
    "ed": 7,
    "d": 4019,
    "e": 2009,
    "cx": 885,
    "di": 14,
    "av": 125,
    "de": 8317,
    "hp": 10530,
    "ko": 8170,
    "az": 395,
    "ji": 61439,
    "jp": 47745,
    "s": 0,
    "dz": 4158,
    "fd": 65523,
    "fi": 39278,
    "kf": 1,
    "jj": 25931,
    "cm": 127,
    "ac": 232,
    "if": 64191,
    "cl": 31,
    "kd": 51199,
    "gr": 14919,
    "cz": 0,
    "cr": 98,
    "dd": 33270,
    "df": 4158,
    "cb": 65262,
    "dp": 46590,
    "do": 13388,
    "dl": 13437,
    "gh": 10271,
    "fp": 5135,
    "ic": 1872,
    "is": 29955,
    "i": 65071,
    "he": 54287,
    "ax": 116,
    "ei": 65511,
    "ew": 1283,
    "ga": 23743,
    "fv": 2182,
    "js": 1492,
    "ab": 1023,
    "af": 2015,
    "ej": 6694,
    "hu": 1,
    "fk": 10,
    "hw": 87,
    "jd": 3328,
    "gg": 21,
    "hq": 64815,
    "ke": 34469,
    "ib": 7488,
    "eg": 6718,
    "gm": 1344,
    "bi": 0,
    "kq": 64855,
    "eo": 1,
    "gv": 47711,
    "ku": 60095,
    "je": 62207,
    "eb": 519,
    "ev": 5135,
    "kb": 48805,
    "o": 16348,
    "er": 8317,
    "ks": 16210,
    "gx": 55291,
    "fa": 4364,
    "cv": 136,
    "ad": 65303,
    "ec": 2591,
    "fh": 57326,
    "hm": 15651,
    "dx": 0,
    "u": 0,
    "lb": 1398,
    "ez": 64508,
    "iq": 174,
    "jy": 640,
    "fc": 12,
    "dm": 49,
    "el": 34,
    "jm": 349,
    "ck": 125,
    "ak": 1094,
    "bv": 503,
    "cw": 65399,
    "aa": 251,
    "fq": 2567,
    "ea": 2079,
    "ae": 791,
    "bz": 2043,
    "q": 63347,
    "db": 502,
    "gj": 43039,
    "iw": 3744,
    "kt": 5440,
    "em": 65501,
    "ep": 4,
    "x": 8038,
    "fb": 14623,
    "gn": 5443,
    "gy": 37467,
    "cd": 0,
    "dv": 2,
    "jo": 32768,
    "bg": 64988,
    "fg": 8209,
    "dw": 16635,
    "ik": 8337,
    "ba": 1007,
    "km": 7080,
    "bs": 58,
    "kc": 14336,
    "gi": 32768,
    "gt": 65532,
    "kj": 32768,
    "il": 60055,
    "cc": 1770,
    "jl": 348,
    "du": 2,
    "fj": 0,
    "fo": 20542,
    "ai": 1230,
    "as": 4019,
    "en": 23261,
    "dj": 65521,
    "dr": 65467,
    "ey": 1027,
    "bj": 0,
    "hs": 65533,
    "ee": 65528,
    "ii": 6656,
    "ka": 15396,
    "n": 2460,
    "k": 4031,
    "hi": 7841,
    "jh": 4096,
    "iu": 29955,
    "fw": 7311,
    "kp": 680,
    "be": 4087,
    "ct": 153,
    "t": 0,
    "ca": 273,
    "bu": 197,
    "fn": 0,
    "it": 0,
    "kv": 10770,
    "j": 1583,
    "cj": 251,
    "jt": 6100,
    "at": 1004,
    "jc": 7496,
    "hk": 64895,
    "iv": 7488,
    "p": 2188,
    "aw": 511,
    "jk": 1,
    "jx": 16036,
    "hy": 32768,
    "jn": 14977,
    "fr": 641,
    "cn": 29,
    "hz": 59911,
    "hr": 2,
    "c": 0,
    "gp": 64255,
    "ld": 28320,
    "cp": 98,
    "dn": 65486,
    "kl": 14160,
    "am": 7080,
    "al": 64441,
    "bc": 65143,
    "jf": 4168,
    "cq": 251,
    "hl": 7201,
    "dq": 68,
    "ir": 174,
    "y": 2009,
    "gu": 14916,
    "ch": 0,
    "bk": 0,
    "hg": 6785,
    "im": 8193,
    "bx": 65339,
    "an": 0,
    "gc": 61431,
    "fx": 6,
    "hc": 21519,
    "hx": 27143,
    "jq": 11936,
    "eh": 24,
    "go": 1280,
    "in": 57342,
    "co": 65506,
    "et": 41085,
    "jb": 3336,
    "fy": 65529,
    "cf": 0,
    "io": 51862,
    "ce": 0,
    "jv": 64175,
    "v": 8038,
    "dg": 1039,
    "hh": 1696,
    "r": 14160,
    "bn": 2009,
    "bt": 65477,
    "fe": 14611,
    "gd": 19639,
    "gf": 20,
    "hd": 32768,
    "w": 0,
    "ay": 65419,
    "bo": 502,
    "ja": 64863,
    "jg": 30027,
    "au": 502,
    "ex": 5391,
    "ha": 42,
    "fu": 65022,
}
[src/main.rs:169:9] uneval_exp_num = 28
[src/main.rs:170:9] &out_hash_map = {
    "h": 464,
    "bm": 0,
    "hb": 43,
    "ie": 1344,
    "jr": 5968,
    "kk": 56640,
    "cg": 1004,
    "bw": 196,
    "ds": 46522,
    "cy": 1,
    "dy": 16635,
    "hj": 640,
    "kr": 7490,
    "ia": 14977,
    "cs": 65437,
    "ar": 0,
    "id": 8016,
    "gb": 4104,
    "gs": 3,
    "gl": 5379,
    "kh": 699,
    "ef": 2584,
    "kn": 1770,
    "b": 16076,
    "f": 502,
    "fz": 7305,
    "ij": 58879,
    "ht": 64813,
    "dt": 0,
    "gk": 10759,
    "ag": 785,
    "gq": 4163,
    "bq": 62,
    "bf": 547,
    "eu": 10271,
    "hn": 5121,
    "br": 255,
    "fl": 10,
    "ft": 513,
    "fs": 2695,
    "ho": 60414,
    "dc": 32768,
    "bp": 251,
    "fm": 20542,
    "gw": 10244,
    "hf": 13571,
    "ff": 47487,
    "da": 1,
    "ge": 1,
    "ek": 23295,
    "z": 1004,
    "kw": 65362,
    "jz": 64895,
    "ah": 64750,
    "iz": 672,
    "ci": 1004,
    "m": 63964,
    "ih": 14993,
    "ao": 0,
    "hv": 86,
    "es": 32768,
    "by": 307,
    "gz": 1,
    "ip": 0,
    "bd": 615,
    "aq": 4019,
    "eq": 5,
    "g": 2047,
    "l": 1571,
    "ju": 1360,
    "dh": 5183,
    "dk": 5169,
    "ki": 23872,
    "bh": 3540,
    "bb": 392,
    "cu": 1021,
    "bl": 2009,
    "iy": 4008,
    "aj": 8174,
    "ig": 6672,
    "ix": 936,
    "jw": 4740,
    "ap": 0,
    "kg": 698,
    "ed": 7,
    "d": 4019,
    "e": 2009,
    "cx": 885,
    "di": 14,
    "av": 125,
    "de": 8317,
    "hp": 10530,
    "ko": 8170,
    "az": 395,
    "ji": 61439,
    "jp": 47745,
    "s": 0,
    "dz": 4158,
    "fd": 65523,
    "fi": 39278,
    "kf": 1,
    "jj": 25931,
    "cm": 127,
    "ac": 232,
    "kx": 2048,
    "if": 64191,
    "cl": 31,
    "kd": 51199,
    "gr": 14919,
    "cz": 0,
    "cr": 98,
    "dd": 33270,
    "df": 4158,
    "cb": 65262,
    "dp": 46590,
    "do": 13388,
    "dl": 13437,
    "gh": 10271,
    "fp": 5135,
    "ic": 1872,
    "is": 29955,
    "i": 65071,
    "he": 54287,
    "ax": 116,
    "ei": 65511,
    "ew": 1283,
    "ga": 23743,
    "fv": 2182,
    "js": 1492,
    "ab": 1023,
    "af": 2015,
    "ej": 6694,
    "hu": 1,
    "fk": 10,
    "hw": 87,
    "jd": 3328,
    "gg": 21,
    "hq": 64815,
    "ke": 34469,
    "ib": 7488,
    "eg": 6718,
    "gm": 1344,
    "bi": 0,
    "kq": 64855,
    "eo": 1,
    "gv": 47711,
    "ku": 60095,
    "je": 62207,
    "eb": 519,
    "ev": 5135,
    "kb": 48805,
    "o": 16348,
    "er": 8317,
    "ks": 16210,
    "gx": 55291,
    "fa": 4364,
    "cv": 136,
    "ad": 65303,
    "ec": 2591,
    "fh": 57326,
    "hm": 15651,
    "dx": 0,
    "u": 0,
    "lb": 1398,
    "ez": 64508,
    "iq": 174,
    "jy": 640,
    "fc": 12,
    "dm": 49,
    "el": 34,
    "jm": 349,
    "ck": 125,
    "ak": 1094,
    "bv": 503,
    "cw": 65399,
    "aa": 251,
    "fq": 2567,
    "ea": 2079,
    "ae": 791,
    "bz": 2043,
    "q": 63347,
    "db": 502,
    "gj": 43039,
    "iw": 3744,
    "kt": 5440,
    "em": 65501,
    "ep": 4,
    "x": 8038,
    "fb": 14623,
    "gn": 5443,
    "gy": 37467,
    "cd": 0,
    "dv": 2,
    "jo": 32768,
    "bg": 64988,
    "fg": 8209,
    "dw": 16635,
    "ik": 8337,
    "ba": 1007,
    "km": 7080,
    "bs": 58,
    "kc": 14336,
    "gi": 32768,
    "gt": 65532,
    "kj": 32768,
    "il": 60055,
    "cc": 1770,
    "jl": 348,
    "du": 2,
    "fj": 0,
    "fo": 20542,
    "ai": 1230,
    "as": 4019,
    "en": 23261,
    "dj": 65521,
    "dr": 65467,
    "ey": 1027,
    "bj": 0,
    "hs": 65533,
    "ee": 65528,
    "ii": 6656,
    "ka": 15396,
    "n": 2460,
    "k": 4031,
    "hi": 7841,
    "jh": 4096,
    "iu": 29955,
    "fw": 7311,
    "kp": 680,
    "be": 4087,
    "ct": 153,
    "t": 0,
    "ca": 273,
    "bu": 197,
    "fn": 0,
    "it": 0,
    "kv": 10770,
    "j": 1583,
    "cj": 251,
    "jt": 6100,
    "at": 1004,
    "jc": 7496,
    "hk": 64895,
    "iv": 7488,
    "p": 2188,
    "aw": 511,
    "jk": 1,
    "jx": 16036,
    "hy": 32768,
    "jn": 14977,
    "fr": 641,
    "cn": 29,
    "hz": 59911,
    "hr": 2,
    "c": 0,
    "gp": 64255,
    "ld": 28320,
    "cp": 98,
    "dn": 65486,
    "kl": 14160,
    "am": 7080,
    "al": 64441,
    "bc": 65143,
    "jf": 4168,
    "cq": 251,
    "hl": 7201,
    "dq": 68,
    "ir": 174,
    "y": 2009,
    "gu": 14916,
    "ch": 0,
    "bk": 0,
    "hg": 6785,
    "im": 8193,
    "bx": 65339,
    "an": 0,
    "gc": 61431,
    "fx": 6,
    "hc": 21519,
    "hx": 27143,
    "jq": 11936,
    "eh": 24,
    "go": 1280,
    "in": 57342,
    "co": 65506,
    "et": 41085,
    "jb": 3336,
    "fy": 65529,
    "cf": 0,
    "io": 51862,
    "ce": 0,
    "jv": 64175,
    "v": 8038,
    "dg": 1039,
    "hh": 1696,
    "r": 14160,
    "bn": 2009,
    "bt": 65477,
    "fe": 14611,
    "gd": 19639,
    "gf": 20,
    "hd": 32768,
    "w": 0,
    "ay": 65419,
    "bo": 502,
    "ja": 64863,
    "jg": 30027,
    "au": 502,
    "ex": 5391,
    "ha": 42,
    "fu": 65022,
}
[src/main.rs:169:9] uneval_exp_num = 26
[src/main.rs:170:9] &out_hash_map = {
    "h": 464,
    "bm": 0,
    "hb": 43,
    "ie": 1344,
    "jr": 5968,
    "kk": 56640,
    "cg": 1004,
    "bw": 196,
    "ds": 46522,
    "cy": 1,
    "dy": 16635,
    "hj": 640,
    "kr": 7490,
    "ia": 14977,
    "cs": 65437,
    "ar": 0,
    "id": 8016,
    "gb": 4104,
    "gs": 3,
    "gl": 5379,
    "kh": 699,
    "ef": 2584,
    "kn": 1770,
    "b": 16076,
    "f": 502,
    "fz": 7305,
    "ij": 58879,
    "ht": 64813,
    "dt": 0,
    "gk": 10759,
    "ag": 785,
    "gq": 4163,
    "bq": 62,
    "bf": 547,
    "eu": 10271,
    "hn": 5121,
    "br": 255,
    "fl": 10,
    "ft": 513,
    "fs": 2695,
    "ho": 60414,
    "dc": 32768,
    "bp": 251,
    "fm": 20542,
    "gw": 10244,
    "hf": 13571,
    "ff": 47487,
    "da": 1,
    "ge": 1,
    "ek": 23295,
    "z": 1004,
    "kw": 65362,
    "jz": 64895,
    "ah": 64750,
    "iz": 672,
    "ci": 1004,
    "m": 63964,
    "ih": 14993,
    "ao": 0,
    "hv": 86,
    "ky": 63487,
    "es": 32768,
    "by": 307,
    "gz": 1,
    "ip": 0,
    "bd": 615,
    "aq": 4019,
    "eq": 5,
    "g": 2047,
    "l": 1571,
    "ju": 1360,
    "dh": 5183,
    "dk": 5169,
    "ki": 23872,
    "bh": 3540,
    "bb": 392,
    "cu": 1021,
    "bl": 2009,
    "iy": 4008,
    "aj": 8174,
    "ig": 6672,
    "ix": 936,
    "jw": 4740,
    "ap": 0,
    "kg": 698,
    "ed": 7,
    "d": 4019,
    "e": 2009,
    "cx": 885,
    "di": 14,
    "av": 125,
    "de": 8317,
    "hp": 10530,
    "ko": 8170,
    "az": 395,
    "ji": 61439,
    "jp": 47745,
    "s": 0,
    "dz": 4158,
    "fd": 65523,
    "fi": 39278,
    "kf": 1,
    "jj": 25931,
    "cm": 127,
    "ac": 232,
    "kx": 2048,
    "if": 64191,
    "cl": 31,
    "kd": 51199,
    "gr": 14919,
    "cz": 0,
    "cr": 98,
    "dd": 33270,
    "df": 4158,
    "cb": 65262,
    "dp": 46590,
    "do": 13388,
    "dl": 13437,
    "gh": 10271,
    "fp": 5135,
    "ic": 1872,
    "is": 29955,
    "i": 65071,
    "he": 54287,
    "ax": 116,
    "ei": 65511,
    "ew": 1283,
    "ga": 23743,
    "fv": 2182,
    "js": 1492,
    "ab": 1023,
    "af": 2015,
    "ej": 6694,
    "hu": 1,
    "fk": 10,
    "hw": 87,
    "jd": 3328,
    "gg": 21,
    "hq": 64815,
    "ke": 34469,
    "ib": 7488,
    "eg": 6718,
    "gm": 1344,
    "bi": 0,
    "kq": 64855,
    "eo": 1,
    "gv": 47711,
    "ku": 60095,
    "je": 62207,
    "eb": 519,
    "ev": 5135,
    "kb": 48805,
    "o": 16348,
    "er": 8317,
    "ks": 16210,
    "gx": 55291,
    "fa": 4364,
    "cv": 136,
    "ad": 65303,
    "ec": 2591,
    "fh": 57326,
    "hm": 15651,
    "dx": 0,
    "u": 0,
    "lb": 1398,
    "ez": 64508,
    "iq": 174,
    "jy": 640,
    "fc": 12,
    "dm": 49,
    "el": 34,
    "jm": 349,
    "ck": 125,
    "ak": 1094,
    "bv": 503,
    "cw": 65399,
    "aa": 251,
    "fq": 2567,
    "ea": 2079,
    "ae": 791,
    "bz": 2043,
    "q": 63347,
    "db": 502,
    "gj": 43039,
    "iw": 3744,
    "kt": 5440,
    "em": 65501,
    "ep": 4,
    "x": 8038,
    "fb": 14623,
    "gn": 5443,
    "gy": 37467,
    "cd": 0,
    "dv": 2,
    "jo": 32768,
    "bg": 64988,
    "fg": 8209,
    "dw": 16635,
    "ik": 8337,
    "ba": 1007,
    "km": 7080,
    "bs": 58,
    "kc": 14336,
    "gi": 32768,
    "gt": 65532,
    "kj": 32768,
    "il": 60055,
    "cc": 1770,
    "jl": 348,
    "du": 2,
    "fj": 0,
    "fo": 20542,
    "ai": 1230,
    "as": 4019,
    "en": 23261,
    "dj": 65521,
    "dr": 65467,
    "ey": 1027,
    "bj": 0,
    "hs": 65533,
    "ee": 65528,
    "ii": 6656,
    "ka": 15396,
    "n": 2460,
    "k": 4031,
    "hi": 7841,
    "jh": 4096,
    "iu": 29955,
    "fw": 7311,
    "kp": 680,
    "kz": 63314,
    "be": 4087,
    "ct": 153,
    "t": 0,
    "ca": 273,
    "bu": 197,
    "fn": 0,
    "it": 0,
    "kv": 10770,
    "j": 1583,
    "cj": 251,
    "jt": 6100,
    "at": 1004,
    "jc": 7496,
    "hk": 64895,
    "iv": 7488,
    "p": 2188,
    "aw": 511,
    "jk": 1,
    "jx": 16036,
    "hy": 32768,
    "jn": 14977,
    "fr": 641,
    "cn": 29,
    "hz": 59911,
    "hr": 2,
    "c": 0,
    "gp": 64255,
    "ld": 28320,
    "cp": 98,
    "dn": 65486,
    "kl": 14160,
    "am": 7080,
    "al": 64441,
    "bc": 65143,
    "jf": 4168,
    "cq": 251,
    "hl": 7201,
    "dq": 68,
    "ir": 174,
    "y": 2009,
    "gu": 14916,
    "ch": 0,
    "bk": 0,
    "hg": 6785,
    "im": 8193,
    "bx": 65339,
    "an": 0,
    "gc": 61431,
    "fx": 6,
    "hc": 21519,
    "hx": 27143,
    "jq": 11936,
    "eh": 24,
    "go": 1280,
    "in": 57342,
    "co": 65506,
    "et": 41085,
    "jb": 3336,
    "fy": 65529,
    "cf": 0,
    "io": 51862,
    "ce": 0,
    "jv": 64175,
    "v": 8038,
    "dg": 1039,
    "hh": 1696,
    "r": 14160,
    "bn": 2009,
    "bt": 65477,
    "fe": 14611,
    "gd": 19639,
    "gf": 20,
    "hd": 32768,
    "w": 0,
    "ay": 65419,
    "bo": 502,
    "ja": 64863,
    "jg": 30027,
    "au": 502,
    "ex": 5391,
    "ha": 42,
    "fu": 65022,
}
[src/main.rs:169:9] uneval_exp_num = 24
[src/main.rs:170:9] &out_hash_map = {
    "h": 464,
    "bm": 0,
    "hb": 43,
    "ie": 1344,
    "jr": 5968,
    "kk": 56640,
    "cg": 1004,
    "bw": 196,
    "ds": 46522,
    "cy": 1,
    "dy": 16635,
    "hj": 640,
    "kr": 7490,
    "ia": 14977,
    "cs": 65437,
    "ar": 0,
    "id": 8016,
    "gb": 4104,
    "gs": 3,
    "gl": 5379,
    "kh": 699,
    "ef": 2584,
    "kn": 1770,
    "b": 16076,
    "f": 502,
    "fz": 7305,
    "ij": 58879,
    "ht": 64813,
    "dt": 0,
    "gk": 10759,
    "ag": 785,
    "gq": 4163,
    "bq": 62,
    "bf": 547,
    "eu": 10271,
    "hn": 5121,
    "br": 255,
    "fl": 10,
    "ft": 513,
    "fs": 2695,
    "ho": 60414,
    "dc": 32768,
    "bp": 251,
    "fm": 20542,
    "gw": 10244,
    "hf": 13571,
    "ff": 47487,
    "da": 1,
    "ge": 1,
    "ek": 23295,
    "z": 1004,
    "kw": 65362,
    "jz": 64895,
    "ah": 64750,
    "iz": 672,
    "ci": 1004,
    "m": 63964,
    "ih": 14993,
    "ao": 0,
    "hv": 86,
    "ky": 63487,
    "es": 32768,
    "by": 307,
    "gz": 1,
    "ip": 0,
    "bd": 615,
    "aq": 4019,
    "eq": 5,
    "g": 2047,
    "l": 1571,
    "ju": 1360,
    "dh": 5183,
    "dk": 5169,
    "ki": 23872,
    "bh": 3540,
    "bb": 392,
    "cu": 1021,
    "bl": 2009,
    "iy": 4008,
    "aj": 8174,
    "ig": 6672,
    "ix": 936,
    "jw": 4740,
    "ap": 0,
    "kg": 698,
    "ed": 7,
    "d": 4019,
    "e": 2009,
    "le": 0,
    "cx": 885,
    "di": 14,
    "av": 125,
    "de": 8317,
    "hp": 10530,
    "ko": 8170,
    "az": 395,
    "ji": 61439,
    "jp": 47745,
    "s": 0,
    "dz": 4158,
    "fd": 65523,
    "fi": 39278,
    "kf": 1,
    "jj": 25931,
    "cm": 127,
    "ac": 232,
    "kx": 2048,
    "if": 64191,
    "cl": 31,
    "kd": 51199,
    "gr": 14919,
    "cz": 0,
    "cr": 98,
    "dd": 33270,
    "df": 4158,
    "cb": 65262,
    "dp": 46590,
    "do": 13388,
    "dl": 13437,
    "gh": 10271,
    "fp": 5135,
    "ic": 1872,
    "is": 29955,
    "i": 65071,
    "he": 54287,
    "ax": 116,
    "ei": 65511,
    "ew": 1283,
    "ga": 23743,
    "fv": 2182,
    "js": 1492,
    "ab": 1023,
    "af": 2015,
    "ej": 6694,
    "hu": 1,
    "fk": 10,
    "hw": 87,
    "jd": 3328,
    "gg": 21,
    "hq": 64815,
    "ke": 34469,
    "ib": 7488,
    "eg": 6718,
    "gm": 1344,
    "bi": 0,
    "kq": 64855,
    "eo": 1,
    "gv": 47711,
    "ku": 60095,
    "je": 62207,
    "eb": 519,
    "ev": 5135,
    "kb": 48805,
    "o": 16348,
    "er": 8317,
    "ks": 16210,
    "gx": 55291,
    "fa": 4364,
    "cv": 136,
    "ad": 65303,
    "ec": 2591,
    "fh": 57326,
    "hm": 15651,
    "dx": 0,
    "u": 0,
    "lb": 1398,
    "ez": 64508,
    "iq": 174,
    "jy": 640,
    "fc": 12,
    "dm": 49,
    "el": 34,
    "jm": 349,
    "ck": 125,
    "ak": 1094,
    "bv": 503,
    "cw": 65399,
    "aa": 251,
    "fq": 2567,
    "ea": 2079,
    "ae": 791,
    "bz": 2043,
    "q": 63347,
    "db": 502,
    "gj": 43039,
    "iw": 3744,
    "kt": 5440,
    "em": 65501,
    "ep": 4,
    "x": 8038,
    "fb": 14623,
    "gn": 5443,
    "gy": 37467,
    "cd": 0,
    "dv": 2,
    "jo": 32768,
    "bg": 64988,
    "fg": 8209,
    "dw": 16635,
    "ik": 8337,
    "ba": 1007,
    "km": 7080,
    "bs": 58,
    "kc": 14336,
    "gi": 32768,
    "gt": 65532,
    "kj": 32768,
    "il": 60055,
    "cc": 1770,
    "jl": 348,
    "du": 2,
    "fj": 0,
    "la": 0,
    "fo": 20542,
    "ai": 1230,
    "as": 4019,
    "en": 23261,
    "dj": 65521,
    "dr": 65467,
    "ey": 1027,
    "bj": 0,
    "hs": 65533,
    "ee": 65528,
    "ii": 6656,
    "ka": 15396,
    "n": 2460,
    "k": 4031,
    "hi": 7841,
    "jh": 4096,
    "iu": 29955,
    "fw": 7311,
    "kp": 680,
    "kz": 63314,
    "be": 4087,
    "ct": 153,
    "t": 0,
    "ca": 273,
    "bu": 197,
    "fn": 0,
    "it": 0,
    "kv": 10770,
    "j": 1583,
    "cj": 251,
    "jt": 6100,
    "at": 1004,
    "jc": 7496,
    "hk": 64895,
    "iv": 7488,
    "p": 2188,
    "aw": 511,
    "jk": 1,
    "jx": 16036,
    "hy": 32768,
    "jn": 14977,
    "fr": 641,
    "cn": 29,
    "hz": 59911,
    "hr": 2,
    "c": 0,
    "gp": 64255,
    "ld": 28320,
    "cp": 98,
    "dn": 65486,
    "kl": 14160,
    "am": 7080,
    "al": 64441,
    "bc": 65143,
    "jf": 4168,
    "cq": 251,
    "hl": 7201,
    "dq": 68,
    "ir": 174,
    "y": 2009,
    "gu": 14916,
    "ch": 0,
    "bk": 0,
    "hg": 6785,
    "im": 8193,
    "bx": 65339,
    "an": 0,
    "gc": 61431,
    "fx": 6,
    "hc": 21519,
    "hx": 27143,
    "jq": 11936,
    "eh": 24,
    "go": 1280,
    "in": 57342,
    "co": 65506,
    "et": 41085,
    "jb": 3336,
    "fy": 65529,
    "cf": 0,
    "io": 51862,
    "ce": 0,
    "jv": 64175,
    "v": 8038,
    "dg": 1039,
    "hh": 1696,
    "r": 14160,
    "bn": 2009,
    "bt": 65477,
    "fe": 14611,
    "gd": 19639,
    "gf": 20,
    "hd": 32768,
    "w": 0,
    "ay": 65419,
    "bo": 502,
    "ja": 64863,
    "jg": 30027,
    "au": 502,
    "ex": 5391,
    "ha": 42,
    "fu": 65022,
}
[src/main.rs:169:9] uneval_exp_num = 15
[src/main.rs:170:9] &out_hash_map = {
    "h": 464,
    "bm": 0,
    "hb": 43,
    "ie": 1344,
    "jr": 5968,
    "kk": 56640,
    "cg": 1004,
    "bw": 196,
    "ds": 46522,
    "cy": 1,
    "dy": 16635,
    "hj": 640,
    "kr": 7490,
    "ia": 14977,
    "lh": 3540,
    "ly": 14160,
    "cs": 65437,
    "ar": 0,
    "id": 8016,
    "gb": 4104,
    "gs": 3,
    "gl": 5379,
    "kh": 699,
    "ef": 2584,
    "kn": 1770,
    "b": 16076,
    "li": 885,
    "f": 502,
    "fz": 7305,
    "ij": 58879,
    "ht": 64813,
    "dt": 0,
    "gk": 10759,
    "ag": 785,
    "gq": 4163,
    "bq": 62,
    "bf": 547,
    "ll": 65195,
    "eu": 10271,
    "hn": 5121,
    "br": 255,
    "fl": 10,
    "ft": 513,
    "fs": 2695,
    "ho": 60414,
    "dc": 32768,
    "bp": 251,
    "fm": 20542,
    "gw": 10244,
    "hf": 13571,
    "ff": 47487,
    "da": 1,
    "ge": 1,
    "ek": 23295,
    "z": 1004,
    "kw": 65362,
    "jz": 64895,
    "ah": 64750,
    "iz": 672,
    "ci": 1004,
    "m": 63964,
    "ih": 14993,
    "ao": 0,
    "hv": 86,
    "ky": 63487,
    "lj": 4085,
    "es": 32768,
    "by": 307,
    "gz": 1,
    "ip": 0,
    "bd": 615,
    "aq": 4019,
    "eq": 5,
    "g": 2047,
    "l": 1571,
    "ju": 1360,
    "dh": 5183,
    "dk": 5169,
    "ki": 23872,
    "bh": 3540,
    "bb": 392,
    "cu": 1021,
    "bl": 2009,
    "iy": 4008,
    "aj": 8174,
    "ig": 6672,
    "ix": 936,
    "jw": 4740,
    "ap": 0,
    "kg": 698,
    "ed": 7,
    "d": 4019,
    "e": 2009,
    "le": 0,
    "cx": 885,
    "di": 14,
    "av": 125,
    "de": 8317,
    "hp": 10530,
    "ko": 8170,
    "az": 395,
    "ji": 61439,
    "jp": 47745,
    "s": 0,
    "dz": 4158,
    "fd": 65523,
    "fi": 39278,
    "kf": 1,
    "jj": 25931,
    "cm": 127,
    "ac": 232,
    "kx": 2048,
    "if": 64191,
    "cl": 31,
    "kd": 51199,
    "gr": 14919,
    "cz": 0,
    "cr": 98,
    "dd": 33270,
    "df": 4158,
    "cb": 65262,
    "dp": 46590,
    "do": 13388,
    "dl": 13437,
    "gh": 10271,
    "fp": 5135,
    "ic": 1872,
    "is": 29955,
    "i": 65071,
    "he": 54287,
    "ax": 116,
    "ei": 65511,
    "ew": 1283,
    "ga": 23743,
    "fv": 2182,
    "js": 1492,
    "ab": 1023,
    "af": 2015,
    "ej": 6694,
    "hu": 1,
    "fk": 10,
    "hw": 87,
    "jd": 3328,
    "gg": 21,
    "hq": 64815,
    "ke": 34469,
    "ib": 7488,
    "eg": 6718,
    "gm": 1344,
    "bi": 0,
    "kq": 64855,
    "eo": 1,
    "gv": 47711,
    "lw": 2796,
    "ku": 60095,
    "je": 62207,
    "eb": 519,
    "ev": 5135,
    "kb": 48805,
    "o": 16348,
    "er": 8317,
    "ks": 16210,
    "gx": 55291,
    "fa": 4364,
    "cv": 136,
    "ad": 65303,
    "ec": 2591,
    "fh": 57326,
    "hm": 15651,
    "lk": 340,
    "dx": 0,
    "u": 0,
    "lb": 1398,
    "ez": 64508,
    "iq": 174,
    "jy": 640,
    "fc": 12,
    "dm": 49,
    "el": 34,
    "jm": 349,
    "ck": 125,
    "ak": 1094,
    "bv": 503,
    "cw": 65399,
    "aa": 251,
    "fq": 2567,
    "ea": 2079,
    "ae": 791,
    "bz": 2043,
    "q": 63347,
    "db": 502,
    "gj": 43039,
    "iw": 3744,
    "kt": 5440,
    "em": 65501,
    "ep": 4,
    "x": 8038,
    "fb": 14623,
    "gn": 5443,
    "gy": 37467,
    "cd": 0,
    "dv": 2,
    "jo": 32768,
    "bg": 64988,
    "fg": 8209,
    "dw": 16635,
    "ik": 8337,
    "ba": 1007,
    "km": 7080,
    "bs": 58,
    "kc": 14336,
    "gi": 32768,
    "gt": 65532,
    "kj": 32768,
    "il": 60055,
    "cc": 1770,
    "jl": 348,
    "du": 2,
    "fj": 0,
    "la": 0,
    "fo": 20542,
    "ai": 1230,
    "as": 4019,
    "en": 23261,
    "dj": 65521,
    "dr": 65467,
    "ey": 1027,
    "bj": 0,
    "hs": 65533,
    "ee": 65528,
    "ii": 6656,
    "ka": 15396,
    "n": 2460,
    "k": 4031,
    "hi": 7841,
    "jh": 4096,
    "lf": 28320,
    "iu": 29955,
    "fw": 7311,
    "kp": 680,
    "kz": 63314,
    "be": 4087,
    "ct": 153,
    "t": 0,
    "ca": 273,
    "bu": 197,
    "fn": 0,
    "it": 0,
    "kv": 10770,
    "j": 1583,
    "cj": 251,
    "jt": 6100,
    "at": 1004,
    "jc": 7496,
    "hk": 64895,
    "iv": 7488,
    "p": 2188,
    "aw": 511,
    "jk": 1,
    "jx": 16036,
    "hy": 32768,
    "jn": 14977,
    "fr": 641,
    "lc": 1398,
    "cn": 29,
    "hz": 59911,
    "hr": 2,
    "c": 0,
    "gp": 64255,
    "ld": 28320,
    "cp": 98,
    "dn": 65486,
    "kl": 14160,
    "am": 7080,
    "al": 64441,
    "bc": 65143,
    "jf": 4168,
    "cq": 251,
    "hl": 7201,
    "dq": 68,
    "ir": 174,
    "y": 2009,
    "gu": 14916,
    "ch": 0,
    "bk": 0,
    "hg": 6785,
    "im": 8193,
    "bx": 65339,
    "an": 0,
    "gc": 61431,
    "fx": 6,
    "hc": 21519,
    "hx": 27143,
    "jq": 11936,
    "eh": 24,
    "go": 1280,
    "in": 57342,
    "co": 65506,
    "et": 41085,
    "jb": 3336,
    "fy": 65529,
    "cf": 0,
    "io": 51862,
    "ce": 0,
    "jv": 64175,
    "v": 8038,
    "dg": 1039,
    "hh": 1696,
    "r": 14160,
    "bn": 2009,
    "bt": 65477,
    "fe": 14611,
    "gd": 19639,
    "gf": 20,
    "hd": 32768,
    "w": 0,
    "ay": 65419,
    "bo": 502,
    "ja": 64863,
    "jg": 30027,
    "au": 502,
    "ex": 5391,
    "ha": 42,
    "fu": 65022,
}
[src/main.rs:169:9] uneval_exp_num = 10
[src/main.rs:170:9] &out_hash_map = {
    "h": 464,
    "bm": 0,
    "hb": 43,
    "ie": 1344,
    "jr": 5968,
    "kk": 56640,
    "cg": 1004,
    "bw": 196,
    "ds": 46522,
    "cy": 1,
    "dy": 16635,
    "hj": 640,
    "kr": 7490,
    "ia": 14977,
    "lh": 3540,
    "ly": 14160,
    "cs": 65437,
    "ar": 0,
    "id": 8016,
    "gb": 4104,
    "gs": 3,
    "gl": 5379,
    "kh": 699,
    "ef": 2584,
    "kn": 1770,
    "b": 16076,
    "li": 885,
    "f": 502,
    "fz": 7305,
    "ij": 58879,
    "ht": 64813,
    "dt": 0,
    "gk": 10759,
    "ag": 785,
    "gq": 4163,
    "bq": 62,
    "bf": 547,
    "ll": 65195,
    "eu": 10271,
    "hn": 5121,
    "br": 255,
    "fl": 10,
    "ft": 513,
    "fs": 2695,
    "ho": 60414,
    "dc": 32768,
    "bp": 251,
    "fm": 20542,
    "gw": 10244,
    "hf": 13571,
    "ff": 47487,
    "da": 1,
    "ge": 1,
    "ek": 23295,
    "z": 1004,
    "kw": 65362,
    "jz": 64895,
    "ah": 64750,
    "iz": 672,
    "ci": 1004,
    "m": 63964,
    "ih": 14993,
    "ao": 0,
    "hv": 86,
    "ky": 63487,
    "lj": 4085,
    "es": 32768,
    "by": 307,
    "gz": 1,
    "ip": 0,
    "bd": 615,
    "lo": 2720,
    "aq": 4019,
    "eq": 5,
    "g": 2047,
    "l": 1571,
    "ju": 1360,
    "dh": 5183,
    "dk": 5169,
    "ki": 23872,
    "bh": 3540,
    "bb": 392,
    "cu": 1021,
    "bl": 2009,
    "iy": 4008,
    "aj": 8174,
    "ig": 6672,
    "ix": 936,
    "jw": 4740,
    "ap": 0,
    "kg": 698,
    "ed": 7,
    "d": 4019,
    "e": 2009,
    "le": 0,
    "cx": 885,
    "di": 14,
    "av": 125,
    "de": 8317,
    "hp": 10530,
    "ko": 8170,
    "az": 395,
    "ji": 61439,
    "jp": 47745,
    "s": 0,
    "dz": 4158,
    "fd": 65523,
    "fi": 39278,
    "kf": 1,
    "jj": 25931,
    "cm": 127,
    "ac": 232,
    "kx": 2048,
    "if": 64191,
    "cl": 31,
    "kd": 51199,
    "gr": 14919,
    "cz": 0,
    "cr": 98,
    "dd": 33270,
    "df": 4158,
    "cb": 65262,
    "dp": 46590,
    "do": 13388,
    "dl": 13437,
    "gh": 10271,
    "fp": 5135,
    "ic": 1872,
    "is": 29955,
    "i": 65071,
    "he": 54287,
    "ax": 116,
    "ei": 65511,
    "ew": 1283,
    "ga": 23743,
    "fv": 2182,
    "js": 1492,
    "ab": 1023,
    "af": 2015,
    "ej": 6694,
    "hu": 1,
    "fk": 10,
    "hw": 87,
    "jd": 3328,
    "gg": 21,
    "hq": 64815,
    "ke": 34469,
    "ib": 7488,
    "eg": 6718,
    "gm": 1344,
    "bi": 0,
    "kq": 64855,
    "eo": 1,
    "gv": 47711,
    "lw": 2796,
    "ku": 60095,
    "je": 62207,
    "eb": 519,
    "ev": 5135,
    "kb": 48805,
    "o": 16348,
    "er": 8317,
    "ks": 16210,
    "gx": 55291,
    "fa": 4364,
    "cv": 136,
    "ad": 65303,
    "ec": 2591,
    "fh": 57326,
    "ln": 8105,
    "hm": 15651,
    "lk": 340,
    "dx": 0,
    "u": 0,
    "lb": 1398,
    "ez": 64508,
    "iq": 174,
    "jy": 640,
    "fc": 12,
    "lm": 3745,
    "dm": 49,
    "el": 34,
    "jm": 349,
    "ck": 125,
    "ak": 1094,
    "bv": 503,
    "cw": 65399,
    "aa": 251,
    "fq": 2567,
    "ea": 2079,
    "ae": 791,
    "bz": 2043,
    "q": 63347,
    "db": 502,
    "gj": 43039,
    "iw": 3744,
    "lp": 62815,
    "kt": 5440,
    "em": 65501,
    "ep": 4,
    "x": 8038,
    "fb": 14623,
    "gn": 5443,
    "gy": 37467,
    "cd": 0,
    "dv": 2,
    "jo": 32768,
    "bg": 64988,
    "fg": 8209,
    "dw": 16635,
    "ik": 8337,
    "ba": 1007,
    "km": 7080,
    "bs": 58,
    "kc": 14336,
    "gi": 32768,
    "gt": 65532,
    "kj": 32768,
    "il": 60055,
    "cc": 1770,
    "jl": 348,
    "du": 2,
    "fj": 0,
    "la": 0,
    "fo": 20542,
    "ai": 1230,
    "as": 4019,
    "en": 23261,
    "dj": 65521,
    "dr": 65467,
    "ey": 1027,
    "bj": 0,
    "hs": 65533,
    "ee": 65528,
    "ii": 6656,
    "ka": 15396,
    "n": 2460,
    "k": 4031,
    "hi": 7841,
    "jh": 4096,
    "lf": 28320,
    "iu": 29955,
    "fw": 7311,
    "kp": 680,
    "kz": 63314,
    "be": 4087,
    "ct": 153,
    "t": 0,
    "ca": 273,
    "bu": 197,
    "fn": 0,
    "it": 0,
    "kv": 10770,
    "j": 1583,
    "cj": 251,
    "jt": 6100,
    "at": 1004,
    "jc": 7496,
    "hk": 64895,
    "iv": 7488,
    "p": 2188,
    "aw": 511,
    "jk": 1,
    "jx": 16036,
    "hy": 32768,
    "jn": 14977,
    "fr": 641,
    "lc": 1398,
    "cn": 29,
    "hz": 59911,
    "hr": 2,
    "c": 0,
    "gp": 64255,
    "ld": 28320,
    "cp": 98,
    "dn": 65486,
    "kl": 14160,
    "am": 7080,
    "al": 64441,
    "bc": 65143,
    "jf": 4168,
    "cq": 251,
    "hl": 7201,
    "dq": 68,
    "ir": 174,
    "y": 2009,
    "gu": 14916,
    "ch": 0,
    "bk": 0,
    "hg": 6785,
    "im": 8193,
    "bx": 65339,
    "an": 0,
    "gc": 61431,
    "fx": 6,
    "hc": 21519,
    "hx": 27143,
    "jq": 11936,
    "eh": 24,
    "go": 1280,
    "in": 57342,
    "co": 65506,
    "et": 41085,
    "jb": 3336,
    "fy": 65529,
    "cf": 0,
    "io": 51862,
    "ce": 0,
    "jv": 64175,
    "v": 8038,
    "dg": 1039,
    "hh": 1696,
    "r": 14160,
    "bn": 2009,
    "bt": 65477,
    "fe": 14611,
    "gd": 19639,
    "gf": 20,
    "hd": 32768,
    "lg": 7080,
    "w": 0,
    "ay": 65419,
    "bo": 502,
    "ja": 64863,
    "jg": 30027,
    "au": 502,
    "ex": 5391,
    "ha": 42,
    "fu": 65022,
}
[src/main.rs:169:9] uneval_exp_num = 8
[src/main.rs:170:9] &out_hash_map = {
    "h": 464,
    "bm": 0,
    "hb": 43,
    "ie": 1344,
    "jr": 5968,
    "kk": 56640,
    "cg": 1004,
    "bw": 196,
    "ds": 46522,
    "cy": 1,
    "dy": 16635,
    "hj": 640,
    "kr": 7490,
    "ia": 14977,
    "lh": 3540,
    "ly": 14160,
    "cs": 65437,
    "ar": 0,
    "id": 8016,
    "gb": 4104,
    "gs": 3,
    "gl": 5379,
    "kh": 699,
    "ef": 2584,
    "kn": 1770,
    "b": 16076,
    "li": 885,
    "f": 502,
    "fz": 7305,
    "ij": 58879,
    "ht": 64813,
    "dt": 0,
    "gk": 10759,
    "ag": 785,
    "gq": 4163,
    "bq": 62,
    "bf": 547,
    "ll": 65195,
    "eu": 10271,
    "hn": 5121,
    "br": 255,
    "fl": 10,
    "ft": 513,
    "fs": 2695,
    "ho": 60414,
    "dc": 32768,
    "bp": 251,
    "fm": 20542,
    "gw": 10244,
    "hf": 13571,
    "ff": 47487,
    "da": 1,
    "ge": 1,
    "ek": 23295,
    "z": 1004,
    "kw": 65362,
    "jz": 64895,
    "ah": 64750,
    "iz": 672,
    "ci": 1004,
    "m": 63964,
    "ih": 14993,
    "ao": 0,
    "hv": 86,
    "ky": 63487,
    "lj": 4085,
    "es": 32768,
    "by": 307,
    "gz": 1,
    "ip": 0,
    "bd": 615,
    "lo": 2720,
    "aq": 4019,
    "eq": 5,
    "g": 2047,
    "l": 1571,
    "ju": 1360,
    "dh": 5183,
    "dk": 5169,
    "ki": 23872,
    "bh": 3540,
    "bb": 392,
    "cu": 1021,
    "bl": 2009,
    "iy": 4008,
    "aj": 8174,
    "ig": 6672,
    "ix": 936,
    "jw": 4740,
    "ap": 0,
    "kg": 698,
    "ed": 7,
    "d": 4019,
    "e": 2009,
    "le": 0,
    "cx": 885,
    "di": 14,
    "av": 125,
    "de": 8317,
    "hp": 10530,
    "ko": 8170,
    "az": 395,
    "ji": 61439,
    "jp": 47745,
    "s": 0,
    "dz": 4158,
    "fd": 65523,
    "fi": 39278,
    "kf": 1,
    "jj": 25931,
    "cm": 127,
    "ac": 232,
    "kx": 2048,
    "if": 64191,
    "cl": 31,
    "kd": 51199,
    "gr": 14919,
    "cz": 0,
    "cr": 98,
    "dd": 33270,
    "df": 4158,
    "lr": 32681,
    "cb": 65262,
    "dp": 46590,
    "do": 13388,
    "dl": 13437,
    "gh": 10271,
    "fp": 5135,
    "ic": 1872,
    "lq": 5385,
    "is": 29955,
    "i": 65071,
    "he": 54287,
    "ax": 116,
    "ei": 65511,
    "ew": 1283,
    "ga": 23743,
    "fv": 2182,
    "js": 1492,
    "ab": 1023,
    "af": 2015,
    "ej": 6694,
    "hu": 1,
    "fk": 10,
    "hw": 87,
    "jd": 3328,
    "gg": 21,
    "hq": 64815,
    "ke": 34469,
    "ib": 7488,
    "eg": 6718,
    "gm": 1344,
    "bi": 0,
    "kq": 64855,
    "eo": 1,
    "gv": 47711,
    "lw": 2796,
    "ku": 60095,
    "je": 62207,
    "eb": 519,
    "ev": 5135,
    "kb": 48805,
    "o": 16348,
    "er": 8317,
    "ks": 16210,
    "gx": 55291,
    "fa": 4364,
    "cv": 136,
    "ad": 65303,
    "ec": 2591,
    "fh": 57326,
    "ln": 8105,
    "hm": 15651,
    "lk": 340,
    "dx": 0,
    "u": 0,
    "lb": 1398,
    "ez": 64508,
    "iq": 174,
    "jy": 640,
    "fc": 12,
    "lm": 3745,
    "dm": 49,
    "el": 34,
    "jm": 349,
    "ck": 125,
    "ak": 1094,
    "bv": 503,
    "cw": 65399,
    "aa": 251,
    "fq": 2567,
    "ea": 2079,
    "ae": 791,
    "bz": 2043,
    "q": 63347,
    "db": 502,
    "gj": 43039,
    "iw": 3744,
    "lp": 62815,
    "kt": 5440,
    "em": 65501,
    "ep": 4,
    "x": 8038,
    "fb": 14623,
    "gn": 5443,
    "gy": 37467,
    "cd": 0,
    "dv": 2,
    "jo": 32768,
    "bg": 64988,
    "fg": 8209,
    "dw": 16635,
    "ik": 8337,
    "ba": 1007,
    "km": 7080,
    "bs": 58,
    "kc": 14336,
    "gi": 32768,
    "gt": 65532,
    "kj": 32768,
    "il": 60055,
    "cc": 1770,
    "jl": 348,
    "du": 2,
    "fj": 0,
    "la": 0,
    "fo": 20542,
    "ai": 1230,
    "as": 4019,
    "en": 23261,
    "dj": 65521,
    "dr": 65467,
    "ey": 1027,
    "bj": 0,
    "hs": 65533,
    "ee": 65528,
    "ii": 6656,
    "ka": 15396,
    "n": 2460,
    "k": 4031,
    "hi": 7841,
    "jh": 4096,
    "lf": 28320,
    "iu": 29955,
    "fw": 7311,
    "kp": 680,
    "kz": 63314,
    "be": 4087,
    "ct": 153,
    "t": 0,
    "ca": 273,
    "bu": 197,
    "fn": 0,
    "it": 0,
    "kv": 10770,
    "j": 1583,
    "cj": 251,
    "jt": 6100,
    "at": 1004,
    "jc": 7496,
    "hk": 64895,
    "iv": 7488,
    "p": 2188,
    "aw": 511,
    "jk": 1,
    "jx": 16036,
    "hy": 32768,
    "jn": 14977,
    "fr": 641,
    "lc": 1398,
    "cn": 29,
    "hz": 59911,
    "hr": 2,
    "c": 0,
    "gp": 64255,
    "ld": 28320,
    "cp": 98,
    "dn": 65486,
    "kl": 14160,
    "am": 7080,
    "al": 64441,
    "bc": 65143,
    "jf": 4168,
    "cq": 251,
    "hl": 7201,
    "dq": 68,
    "ir": 174,
    "y": 2009,
    "gu": 14916,
    "ch": 0,
    "bk": 0,
    "hg": 6785,
    "im": 8193,
    "bx": 65339,
    "an": 0,
    "gc": 61431,
    "fx": 6,
    "hc": 21519,
    "hx": 27143,
    "jq": 11936,
    "eh": 24,
    "go": 1280,
    "in": 57342,
    "co": 65506,
    "et": 41085,
    "jb": 3336,
    "fy": 65529,
    "cf": 0,
    "io": 51862,
    "ce": 0,
    "jv": 64175,
    "v": 8038,
    "dg": 1039,
    "hh": 1696,
    "r": 14160,
    "bn": 2009,
    "bt": 65477,
    "fe": 14611,
    "gd": 19639,
    "gf": 20,
    "hd": 32768,
    "lg": 7080,
    "w": 0,
    "ay": 65419,
    "bo": 502,
    "ja": 64863,
    "jg": 30027,
    "au": 502,
    "ex": 5391,
    "ha": 42,
    "fu": 65022,
}
[src/main.rs:169:9] uneval_exp_num = 4
[src/main.rs:170:9] &out_hash_map = {
    "h": 464,
    "bm": 0,
    "hb": 43,
    "ie": 1344,
    "jr": 5968,
    "kk": 56640,
    "cg": 1004,
    "bw": 196,
    "ds": 46522,
    "cy": 1,
    "dy": 16635,
    "hj": 640,
    "kr": 7490,
    "ia": 14977,
    "lh": 3540,
    "ly": 14160,
    "cs": 65437,
    "ar": 0,
    "id": 8016,
    "gb": 4104,
    "gs": 3,
    "gl": 5379,
    "kh": 699,
    "ef": 2584,
    "kn": 1770,
    "b": 16076,
    "li": 885,
    "f": 502,
    "fz": 7305,
    "ij": 58879,
    "ht": 64813,
    "dt": 0,
    "gk": 10759,
    "ag": 785,
    "gq": 4163,
    "bq": 62,
    "bf": 547,
    "ll": 65195,
    "eu": 10271,
    "hn": 5121,
    "br": 255,
    "fl": 10,
    "ft": 513,
    "fs": 2695,
    "ho": 60414,
    "dc": 32768,
    "bp": 251,
    "fm": 20542,
    "gw": 10244,
    "hf": 13571,
    "ff": 47487,
    "da": 1,
    "ge": 1,
    "ek": 23295,
    "z": 1004,
    "kw": 65362,
    "jz": 64895,
    "ah": 64750,
    "iz": 672,
    "ci": 1004,
    "m": 63964,
    "ih": 14993,
    "ao": 0,
    "hv": 86,
    "ky": 63487,
    "lj": 4085,
    "es": 32768,
    "by": 307,
    "gz": 1,
    "ip": 0,
    "bd": 615,
    "lo": 2720,
    "aq": 4019,
    "eq": 5,
    "g": 2047,
    "l": 1571,
    "ju": 1360,
    "dh": 5183,
    "dk": 5169,
    "ki": 23872,
    "bh": 3540,
    "bb": 392,
    "cu": 1021,
    "bl": 2009,
    "iy": 4008,
    "aj": 8174,
    "ig": 6672,
    "ix": 936,
    "jw": 4740,
    "ap": 0,
    "kg": 698,
    "ed": 7,
    "d": 4019,
    "e": 2009,
    "le": 0,
    "cx": 885,
    "di": 14,
    "av": 125,
    "de": 8317,
    "hp": 10530,
    "lv": 1,
    "ko": 8170,
    "az": 395,
    "ji": 61439,
    "jp": 47745,
    "s": 0,
    "dz": 4158,
    "fd": 65523,
    "fi": 39278,
    "kf": 1,
    "jj": 25931,
    "cm": 127,
    "ac": 232,
    "kx": 2048,
    "if": 64191,
    "cl": 31,
    "kd": 51199,
    "gr": 14919,
    "cz": 0,
    "cr": 98,
    "dd": 33270,
    "df": 4158,
    "lr": 32681,
    "cb": 65262,
    "dp": 46590,
    "do": 13388,
    "dl": 13437,
    "gh": 10271,
    "fp": 5135,
    "ic": 1872,
    "lq": 5385,
    "is": 29955,
    "i": 65071,
    "he": 54287,
    "ax": 116,
    "ei": 65511,
    "ew": 1283,
    "ga": 23743,
    "fv": 2182,
    "js": 1492,
    "ab": 1023,
    "af": 2015,
    "ej": 6694,
    "hu": 1,
    "fk": 10,
    "hw": 87,
    "jd": 3328,
    "gg": 21,
    "hq": 64815,
    "ke": 34469,
    "ib": 7488,
    "eg": 6718,
    "gm": 1344,
    "bi": 0,
    "kq": 64855,
    "eo": 1,
    "gv": 47711,
    "lw": 2796,
    "ku": 60095,
    "je": 62207,
    "eb": 519,
    "ev": 5135,
    "kb": 48805,
    "lt": 64511,
    "o": 16348,
    "er": 8317,
    "ks": 16210,
    "gx": 55291,
    "fa": 4364,
    "cv": 136,
    "ad": 65303,
    "ec": 2591,
    "fh": 57326,
    "ln": 8105,
    "hm": 15651,
    "lk": 340,
    "dx": 0,
    "u": 0,
    "lb": 1398,
    "ez": 64508,
    "iq": 174,
    "jy": 640,
    "fc": 12,
    "lm": 3745,
    "dm": 49,
    "el": 34,
    "jm": 349,
    "ck": 125,
    "ak": 1094,
    "bv": 503,
    "cw": 65399,
    "aa": 251,
    "fq": 2567,
    "ea": 2079,
    "ae": 791,
    "bz": 2043,
    "q": 63347,
    "db": 502,
    "gj": 43039,
    "iw": 3744,
    "lp": 62815,
    "kt": 5440,
    "em": 65501,
    "ep": 4,
    "x": 8038,
    "fb": 14623,
    "gn": 5443,
    "gy": 37467,
    "cd": 0,
    "dv": 2,
    "jo": 32768,
    "bg": 64988,
    "fg": 8209,
    "dw": 16635,
    "ik": 8337,
    "ba": 1007,
    "km": 7080,
    "bs": 58,
    "kc": 14336,
    "gi": 32768,
    "gt": 65532,
    "kj": 32768,
    "il": 60055,
    "cc": 1770,
    "jl": 348,
    "du": 2,
    "fj": 0,
    "la": 0,
    "fo": 20542,
    "ai": 1230,
    "as": 4019,
    "en": 23261,
    "dj": 65521,
    "dr": 65467,
    "ey": 1027,
    "bj": 0,
    "hs": 65533,
    "ee": 65528,
    "ii": 6656,
    "ka": 15396,
    "n": 2460,
    "k": 4031,
    "hi": 7841,
    "jh": 4096,
    "lf": 28320,
    "iu": 29955,
    "fw": 7311,
    "kp": 680,
    "kz": 63314,
    "be": 4087,
    "ct": 153,
    "t": 0,
    "ca": 273,
    "bu": 197,
    "fn": 0,
    "it": 0,
    "kv": 10770,
    "j": 1583,
    "cj": 251,
    "jt": 6100,
    "at": 1004,
    "jc": 7496,
    "hk": 64895,
    "iv": 7488,
    "p": 2188,
    "aw": 511,
    "jk": 1,
    "jx": 16036,
    "hy": 32768,
    "jn": 14977,
    "fr": 641,
    "lc": 1398,
    "cn": 29,
    "hz": 59911,
    "hr": 2,
    "c": 0,
    "gp": 64255,
    "ld": 28320,
    "cp": 98,
    "dn": 65486,
    "kl": 14160,
    "am": 7080,
    "al": 64441,
    "bc": 65143,
    "jf": 4168,
    "cq": 251,
    "hl": 7201,
    "dq": 68,
    "ir": 174,
    "y": 2009,
    "gu": 14916,
    "ch": 0,
    "bk": 0,
    "hg": 6785,
    "im": 8193,
    "bx": 65339,
    "an": 0,
    "gc": 61431,
    "fx": 6,
    "hc": 21519,
    "hx": 27143,
    "jq": 11936,
    "eh": 24,
    "go": 1280,
    "in": 57342,
    "co": 65506,
    "et": 41085,
    "lu": 31657,
    "jb": 3336,
    "fy": 65529,
    "cf": 0,
    "io": 51862,
    "ce": 0,
    "jv": 64175,
    "v": 8038,
    "ls": 1024,
    "dg": 1039,
    "hh": 1696,
    "r": 14160,
    "bn": 2009,
    "bt": 65477,
    "fe": 14611,
    "gd": 19639,
    "gf": 20,
    "hd": 32768,
    "lg": 7080,
    "w": 0,
    "ay": 65419,
    "bo": 502,
    "ja": 64863,
    "jg": 30027,
    "au": 502,
    "ex": 5391,
    "ha": 42,
    "fu": 65022,
}
[src/main.rs:169:9] uneval_exp_num = 2
[src/main.rs:170:9] &out_hash_map = {
    "h": 464,
    "bm": 0,
    "hb": 43,
    "ie": 1344,
    "jr": 5968,
    "kk": 56640,
    "cg": 1004,
    "bw": 196,
    "ds": 46522,
    "cy": 1,
    "dy": 16635,
    "hj": 640,
    "kr": 7490,
    "ia": 14977,
    "lh": 3540,
    "ly": 14160,
    "cs": 65437,
    "ar": 0,
    "id": 8016,
    "gb": 4104,
    "gs": 3,
    "gl": 5379,
    "kh": 699,
    "ef": 2584,
    "kn": 1770,
    "b": 16076,
    "li": 885,
    "f": 502,
    "fz": 7305,
    "ij": 58879,
    "ht": 64813,
    "dt": 0,
    "gk": 10759,
    "ag": 785,
    "gq": 4163,
    "bq": 62,
    "bf": 547,
    "ll": 65195,
    "eu": 10271,
    "hn": 5121,
    "br": 255,
    "fl": 10,
    "ft": 513,
    "fs": 2695,
    "ho": 60414,
    "dc": 32768,
    "bp": 251,
    "fm": 20542,
    "gw": 10244,
    "hf": 13571,
    "ff": 47487,
    "da": 1,
    "ge": 1,
    "ek": 23295,
    "z": 1004,
    "kw": 65362,
    "jz": 64895,
    "ah": 64750,
    "iz": 672,
    "ci": 1004,
    "m": 63964,
    "ih": 14993,
    "ao": 0,
    "hv": 86,
    "ky": 63487,
    "lj": 4085,
    "es": 32768,
    "by": 307,
    "gz": 1,
    "ip": 0,
    "bd": 615,
    "lo": 2720,
    "aq": 4019,
    "eq": 5,
    "g": 2047,
    "l": 1571,
    "ju": 1360,
    "dh": 5183,
    "dk": 5169,
    "ki": 23872,
    "bh": 3540,
    "bb": 392,
    "cu": 1021,
    "bl": 2009,
    "iy": 4008,
    "aj": 8174,
    "ig": 6672,
    "ix": 936,
    "jw": 4740,
    "lz": 32768,
    "ap": 0,
    "kg": 698,
    "ed": 7,
    "d": 4019,
    "e": 2009,
    "le": 0,
    "cx": 885,
    "di": 14,
    "av": 125,
    "de": 8317,
    "hp": 10530,
    "lv": 1,
    "ko": 8170,
    "az": 395,
    "ji": 61439,
    "jp": 47745,
    "s": 0,
    "dz": 4158,
    "fd": 65523,
    "fi": 39278,
    "kf": 1,
    "jj": 25931,
    "cm": 127,
    "ac": 232,
    "kx": 2048,
    "if": 64191,
    "cl": 31,
    "kd": 51199,
    "gr": 14919,
    "cz": 0,
    "cr": 98,
    "dd": 33270,
    "df": 4158,
    "lr": 32681,
    "cb": 65262,
    "dp": 46590,
    "do": 13388,
    "dl": 13437,
    "gh": 10271,
    "fp": 5135,
    "ic": 1872,
    "lq": 5385,
    "is": 29955,
    "i": 65071,
    "he": 54287,
    "ax": 116,
    "ei": 65511,
    "ew": 1283,
    "ga": 23743,
    "fv": 2182,
    "js": 1492,
    "ab": 1023,
    "af": 2015,
    "ej": 6694,
    "hu": 1,
    "fk": 10,
    "hw": 87,
    "jd": 3328,
    "gg": 21,
    "hq": 64815,
    "ke": 34469,
    "ib": 7488,
    "eg": 6718,
    "gm": 1344,
    "bi": 0,
    "kq": 64855,
    "eo": 1,
    "gv": 47711,
    "lw": 2796,
    "ku": 60095,
    "je": 62207,
    "eb": 519,
    "ev": 5135,
    "kb": 48805,
    "lt": 64511,
    "o": 16348,
    "er": 8317,
    "ks": 16210,
    "gx": 55291,
    "fa": 4364,
    "cv": 136,
    "ad": 65303,
    "ec": 2591,
    "fh": 57326,
    "ln": 8105,
    "hm": 15651,
    "lk": 340,
    "dx": 0,
    "u": 0,
    "lb": 1398,
    "ez": 64508,
    "iq": 174,
    "jy": 640,
    "fc": 12,
    "lm": 3745,
    "dm": 49,
    "el": 34,
    "jm": 349,
    "ck": 125,
    "ak": 1094,
    "bv": 503,
    "cw": 65399,
    "aa": 251,
    "fq": 2567,
    "ea": 2079,
    "ae": 791,
    "bz": 2043,
    "q": 63347,
    "db": 502,
    "gj": 43039,
    "iw": 3744,
    "lp": 62815,
    "kt": 5440,
    "em": 65501,
    "ep": 4,
    "x": 8038,
    "fb": 14623,
    "gn": 5443,
    "gy": 37467,
    "cd": 0,
    "dv": 2,
    "jo": 32768,
    "bg": 64988,
    "fg": 8209,
    "dw": 16635,
    "ik": 8337,
    "ba": 1007,
    "km": 7080,
    "bs": 58,
    "kc": 14336,
    "gi": 32768,
    "gt": 65532,
    "kj": 32768,
    "il": 60055,
    "cc": 1770,
    "jl": 348,
    "du": 2,
    "fj": 0,
    "la": 0,
    "fo": 20542,
    "ai": 1230,
    "as": 4019,
    "en": 23261,
    "dj": 65521,
    "dr": 65467,
    "ey": 1027,
    "bj": 0,
    "hs": 65533,
    "ee": 65528,
    "ii": 6656,
    "ka": 15396,
    "n": 2460,
    "k": 4031,
    "hi": 7841,
    "jh": 4096,
    "lf": 28320,
    "iu": 29955,
    "fw": 7311,
    "kp": 680,
    "kz": 63314,
    "be": 4087,
    "ct": 153,
    "t": 0,
    "ca": 273,
    "bu": 197,
    "fn": 0,
    "it": 0,
    "kv": 10770,
    "j": 1583,
    "cj": 251,
    "jt": 6100,
    "at": 1004,
    "jc": 7496,
    "hk": 64895,
    "iv": 7488,
    "p": 2188,
    "aw": 511,
    "jk": 1,
    "jx": 16036,
    "hy": 32768,
    "jn": 14977,
    "fr": 641,
    "lc": 1398,
    "cn": 29,
    "hz": 59911,
    "hr": 2,
    "c": 0,
    "gp": 64255,
    "ld": 28320,
    "cp": 98,
    "dn": 65486,
    "kl": 14160,
    "am": 7080,
    "al": 64441,
    "bc": 65143,
    "jf": 4168,
    "cq": 251,
    "hl": 7201,
    "lx": 2797,
    "dq": 68,
    "ir": 174,
    "y": 2009,
    "gu": 14916,
    "ch": 0,
    "bk": 0,
    "hg": 6785,
    "im": 8193,
    "bx": 65339,
    "an": 0,
    "gc": 61431,
    "fx": 6,
    "hc": 21519,
    "hx": 27143,
    "jq": 11936,
    "eh": 24,
    "go": 1280,
    "in": 57342,
    "co": 65506,
    "et": 41085,
    "lu": 31657,
    "jb": 3336,
    "fy": 65529,
    "cf": 0,
    "io": 51862,
    "ce": 0,
    "jv": 64175,
    "v": 8038,
    "ls": 1024,
    "dg": 1039,
    "hh": 1696,
    "r": 14160,
    "bn": 2009,
    "bt": 65477,
    "fe": 14611,
    "gd": 19639,
    "gf": 20,
    "hd": 32768,
    "lg": 7080,
    "w": 0,
    "ay": 65419,
    "bo": 502,
    "ja": 64863,
    "jg": 30027,
    "au": 502,
    "ex": 5391,
    "ha": 42,
    "fu": 65022,
}
[src/main.rs:169:9] uneval_exp_num = 0
[src/main.rs:170:9] &out_hash_map = {
    "h": 464,
    "bm": 0,
    "hb": 43,
    "ie": 1344,
    "a": 2797,
    "jr": 5968,
    "kk": 56640,
    "cg": 1004,
    "bw": 196,
    "ds": 46522,
    "cy": 1,
    "dy": 16635,
    "hj": 640,
    "kr": 7490,
    "ia": 14977,
    "lh": 3540,
    "ly": 14160,
    "cs": 65437,
    "ar": 0,
    "id": 8016,
    "gb": 4104,
    "gs": 3,
    "gl": 5379,
    "kh": 699,
    "ef": 2584,
    "kn": 1770,
    "b": 16076,
    "li": 885,
    "f": 502,
    "fz": 7305,
    "ij": 58879,
    "ht": 64813,
    "dt": 0,
    "gk": 10759,
    "ag": 785,
    "gq": 4163,
    "bq": 62,
    "bf": 547,
    "ll": 65195,
    "eu": 10271,
    "hn": 5121,
    "br": 255,
    "fl": 10,
    "ft": 513,
    "fs": 2695,
    "ho": 60414,
    "dc": 32768,
    "bp": 251,
    "fm": 20542,
    "gw": 10244,
    "hf": 13571,
    "ff": 47487,
    "da": 1,
    "ge": 1,
    "ek": 23295,
    "z": 1004,
    "kw": 65362,
    "jz": 64895,
    "ah": 64750,
    "iz": 672,
    "ci": 1004,
    "m": 63964,
    "ih": 14993,
    "ao": 0,
    "hv": 86,
    "ky": 63487,
    "lj": 4085,
    "es": 32768,
    "by": 307,
    "gz": 1,
    "ip": 0,
    "bd": 615,
    "lo": 2720,
    "aq": 4019,
    "eq": 5,
    "g": 2047,
    "l": 1571,
    "ju": 1360,
    "dh": 5183,
    "dk": 5169,
    "ki": 23872,
    "bh": 3540,
    "bb": 392,
    "cu": 1021,
    "bl": 2009,
    "iy": 4008,
    "aj": 8174,
    "ig": 6672,
    "ix": 936,
    "ma": 46928,
    "jw": 4740,
    "lz": 32768,
    "ap": 0,
    "kg": 698,
    "ed": 7,
    "d": 4019,
    "e": 2009,
    "le": 0,
    "cx": 885,
    "di": 14,
    "av": 125,
    "de": 8317,
    "hp": 10530,
    "lv": 1,
    "ko": 8170,
    "az": 395,
    "ji": 61439,
    "jp": 47745,
    "s": 0,
    "dz": 4158,
    "fd": 65523,
    "fi": 39278,
    "kf": 1,
    "jj": 25931,
    "cm": 127,
    "ac": 232,
    "kx": 2048,
    "if": 64191,
    "cl": 31,
    "kd": 51199,
    "gr": 14919,
    "cz": 0,
    "cr": 98,
    "dd": 33270,
    "df": 4158,
    "lr": 32681,
    "cb": 65262,
    "dp": 46590,
    "do": 13388,
    "dl": 13437,
    "gh": 10271,
    "fp": 5135,
    "ic": 1872,
    "lq": 5385,
    "is": 29955,
    "i": 65071,
    "he": 54287,
    "ax": 116,
    "ei": 65511,
    "ew": 1283,
    "ga": 23743,
    "fv": 2182,
    "js": 1492,
    "ab": 1023,
    "af": 2015,
    "ej": 6694,
    "hu": 1,
    "fk": 10,
    "hw": 87,
    "jd": 3328,
    "gg": 21,
    "hq": 64815,
    "ke": 34469,
    "ib": 7488,
    "eg": 6718,
    "gm": 1344,
    "bi": 0,
    "kq": 64855,
    "eo": 1,
    "gv": 47711,
    "lw": 2796,
    "ku": 60095,
    "je": 62207,
    "eb": 519,
    "ev": 5135,
    "kb": 48805,
    "lt": 64511,
    "o": 16348,
    "er": 8317,
    "ks": 16210,
    "gx": 55291,
    "fa": 4364,
    "cv": 136,
    "ad": 65303,
    "ec": 2591,
    "fh": 57326,
    "ln": 8105,
    "hm": 15651,
    "lk": 340,
    "dx": 0,
    "u": 0,
    "lb": 1398,
    "ez": 64508,
    "iq": 174,
    "jy": 640,
    "fc": 12,
    "lm": 3745,
    "dm": 49,
    "el": 34,
    "jm": 349,
    "ck": 125,
    "ak": 1094,
    "bv": 503,
    "cw": 65399,
    "aa": 251,
    "fq": 2567,
    "ea": 2079,
    "ae": 791,
    "bz": 2043,
    "q": 63347,
    "db": 502,
    "gj": 43039,
    "iw": 3744,
    "lp": 62815,
    "kt": 5440,
    "em": 65501,
    "ep": 4,
    "x": 8038,
    "fb": 14623,
    "gn": 5443,
    "gy": 37467,
    "cd": 0,
    "dv": 2,
    "jo": 32768,
    "bg": 64988,
    "fg": 8209,
    "dw": 16635,
    "ik": 8337,
    "ba": 1007,
    "km": 7080,
    "bs": 58,
    "kc": 14336,
    "gi": 32768,
    "gt": 65532,
    "kj": 32768,
    "il": 60055,
    "cc": 1770,
    "jl": 348,
    "du": 2,
    "fj": 0,
    "la": 0,
    "fo": 20542,
    "ai": 1230,
    "as": 4019,
    "en": 23261,
    "dj": 65521,
    "dr": 65467,
    "ey": 1027,
    "bj": 0,
    "hs": 65533,
    "ee": 65528,
    "ii": 6656,
    "ka": 15396,
    "n": 2460,
    "k": 4031,
    "hi": 7841,
    "jh": 4096,
    "lf": 28320,
    "iu": 29955,
    "fw": 7311,
    "kp": 680,
    "kz": 63314,
    "be": 4087,
    "ct": 153,
    "t": 0,
    "ca": 273,
    "bu": 197,
    "fn": 0,
    "it": 0,
    "kv": 10770,
    "j": 1583,
    "cj": 251,
    "jt": 6100,
    "at": 1004,
    "jc": 7496,
    "hk": 64895,
    "iv": 7488,
    "p": 2188,
    "aw": 511,
    "jk": 1,
    "jx": 16036,
    "hy": 32768,
    "jn": 14977,
    "fr": 641,
    "lc": 1398,
    "cn": 29,
    "hz": 59911,
    "hr": 2,
    "c": 0,
    "gp": 64255,
    "ld": 28320,
    "cp": 98,
    "dn": 65486,
    "kl": 14160,
    "am": 7080,
    "al": 64441,
    "bc": 65143,
    "jf": 4168,
    "cq": 251,
    "hl": 7201,
    "lx": 2797,
    "dq": 68,
    "ir": 174,
    "y": 2009,
    "gu": 14916,
    "ch": 0,
    "bk": 0,
    "hg": 6785,
    "im": 8193,
    "bx": 65339,
    "an": 0,
    "gc": 61431,
    "fx": 6,
    "hc": 21519,
    "hx": 27143,
    "jq": 11936,
    "eh": 24,
    "go": 1280,
    "in": 57342,
    "co": 65506,
    "et": 41085,
    "lu": 31657,
    "jb": 3336,
    "fy": 65529,
    "cf": 0,
    "io": 51862,
    "ce": 0,
    "jv": 64175,
    "v": 8038,
    "ls": 1024,
    "dg": 1039,
    "hh": 1696,
    "r": 14160,
    "bn": 2009,
    "bt": 65477,
    "fe": 14611,
    "gd": 19639,
    "gf": 20,
    "hd": 32768,
    "lg": 7080,
    "w": 0,
    "ay": 65419,
    "bo": 502,
    "ja": 64863,
    "jg": 30027,
    "au": 502,
    "ex": 5391,
    "ha": 42,
    "fu": 65022,
}
